SQL> set autocommit off
SQL> set feedback on
SQL> set time on
03:18:34 SQL> set timing on
03:18:34 SQL> set trimspool on
03:18:34 SQL> set pagesize 32767
03:18:34 SQL> set linesize 1000
03:18:34 SQL> set long 1000
03:18:34 SQL> set longchunksize 1000
03:18:34 SQL> set define off
03:18:34 SQL> ttitle off
03:18:34 SQL> btitle off
03:18:34 SQL> alter session set nls_date_format = 'YYYY-MM-DD HH24:MI:SS';

Session altered.

Elapsed: 00:00:00.00
03:18:34 SQL> whenever oserror EXIT failure ROLLBACK
03:18:34 SQL> whenever sqlerror EXIT failure ROLLBACK
03:18:34 SQL> 
03:18:34 SQL> SELECT instance_name FROM v$instance;

INSTANCE_NAME
----------------
FSSNDX1

1 row selected.

Elapsed: 00:00:00.00
03:18:34 SQL> 
03:18:34 SQL> -- **********************************************************************
03:18:34 SQL> -- SQL Script File Name: export_delete_script_final3.SQL
03:18:34 SQL> -- **********************************************************************
03:18:34 SQL> -- TEST MODE: ROLLBACK instead of COMMIT (see comments)
03:18:34 SQL> -- **********************************************************************
03:18:34 SQL> -- KEYWORD: ~XX
03:18:34 SQL> -- **********************************************************************
03:18:34 SQL> --
03:18:34 SQL> --	       Confidentiality Information:
03:18:34 SQL> --
03:18:34 SQL> -- This module is the confidential and proprietary information of
03:18:34 SQL> -- Allegis Group, Inc.; it is not to be copied, reproduced, or transmitted
03:18:34 SQL> -- in any form, by any means, in whole or in part, nor is it to be used
03:18:34 SQL> -- for any purpose other than that for which it is expressly provided
03:18:34 SQL> -- without the written permission of Allegis Group, Inc.
03:18:34 SQL> --
03:18:34 SQL> -- Copyright (c) 2002 Allegis Group, Inc. All Rights Reserved
03:18:34 SQL> --
03:18:34 SQL> -- **********************************************************************
03:18:34 SQL> -- Description:
03:18:34 SQL> --   Purges PS_* history rows matched via PSARCH tables within a date window.
03:18:34 SQL> --   TEST MODE: Uses ROLLBACK in place of COMMIT (see inline comments).
03:18:34 SQL> -- **********************************************************************
03:18:34 SQL> -- Note: RUN AS SYSADM
03:18:34 SQL> -- *******************************************************************************
03:18:34 SQL> -- HISTORY:
03:18:34 SQL> -- 12/25/2025    Anandmohan Singh  Reformatted purge script into SQL*Plus style;
03:18:34 SQL> --					       kept ROLLBACKs for testing with commit markers.
03:18:34 SQL> -- *******************************************************************************
03:18:34 SQL> 
03:18:34 SQL> set serveroutput on size unlimited
03:18:34 SQL> 
03:18:34 SQL> ALTER SYSTEM FLUSH BUFFER_CACHE;

System altered.

Elapsed: 00:00:00.72
03:18:35 SQL> ALTER SYSTEM FLUSH SHARED_POOL;

System altered.

Elapsed: 00:00:00.33
03:18:36 SQL> 
03:18:36 SQL> DECLARE
03:18:36   2  	v_target_db    CONSTANT VARCHAR2(30) := 'FSSNDX';
03:18:36   3  	v_current_db   VARCHAR2(30);
03:18:36   4  
03:18:36   5  	v_sql	       VARCHAR2(2000);
03:18:36   6  
03:18:36   7  	v_start_ts     CONSTANT TIMESTAMP := TIMESTAMP '2023-05-01 00:00:00';
03:18:36   8  	v_end_ts       CONSTANT TIMESTAMP := TIMESTAMP '2024-03-02 00:00:00';
03:18:36   9  
03:18:36  10  	v_total_rows   NUMBER := 0;
03:18:36  11  
03:18:36  12  	FUNCTION safe_tbl(rec_name IN VARCHAR2) RETURN VARCHAR2 IS
03:18:36  13  	BEGIN
03:18:36  14  	  RETURN 'PS_' || DBMS_ASSERT.SIMPLE_SQL_NAME(rec_name);
03:18:36  15  	END;
03:18:36  16  BEGIN
03:18:36  17  	SELECT SYS_CONTEXT('USERENV','DB_NAME') INTO v_current_db FROM dual;
03:18:36  18  	IF v_current_db <> v_target_db THEN
03:18:36  19  	  DBMS_OUTPUT.PUT_LINE('ABORT: Wrong DB. Expected='||v_target_db||' got='||v_current_db);
03:18:36  20  	  RETURN;
03:18:36  21  	END IF;
03:18:36  22  
03:18:36  23  	FOR r IN (
03:18:36  24  	  SELECT R.HIST_RECNAME, B.PSARCH_BATCHNUM, B.PSARCH_ID
03:18:36  25  	    FROM PSARCHBATCH B
03:18:36  26  	    JOIN PSARCHTEMPOBJ T ON B.PSARCH_ID = T.PSARCH_ID
03:18:36  27  	    JOIN PSARCHOBJREC R  ON T.PSARCH_OBJECT = R.PSARCH_OBJECT
03:18:36  28  	   WHERE B.PSARCH_DTTM >= v_start_ts
03:18:36  29  	     AND B.PSARCH_DTTM <  v_end_ts
03:18:36  30  	) LOOP
03:18:36  31  	  DECLARE
03:18:36  32  	    v_tbl	 VARCHAR2(128) := safe_tbl(r.HIST_RECNAME);
03:18:36  33  	    v_rows	 NUMBER;
03:18:36  34  	  BEGIN
03:18:36  35  	    SAVEPOINT one_row;
03:18:36  36  
03:18:36  37  	    v_sql := 'DELETE FROM ' || v_tbl || ' WHERE PSARCH_ID = :1 AND PSARCH_BATCHNUM = :2';
03:18:36  38  	    EXECUTE IMMEDIATE v_sql USING r.PSARCH_ID, r.PSARCH_BATCHNUM;
03:18:36  39  	    v_rows := SQL%ROWCOUNT;
03:18:36  40  	    v_total_rows := v_total_rows + v_rows;
03:18:36  41  
03:18:36  42  	    DBMS_OUTPUT.PUT_LINE(
03:18:36  43  	      TO_CHAR(SYSTIMESTAMP,'YYYY-MM-DD HH24:MI:SS.FF3')
03:18:36  44  	      || ' TABLE='||v_tbl
03:18:36  45  	      || ' PSARCH_ID='||r.PSARCH_ID
03:18:36  46  	      || ' PSARCH_BATCHNUM='||r.PSARCH_BATCHNUM
03:18:36  47  	      || ' ROWS_DELETED='||NVL(v_rows,0)
03:18:36  48  	      || ' (TEST MODE—rolled back)'
03:18:36  49  	    );
03:18:36  50  
03:18:36  51  	    -- TEST MODE: undo this iteration
03:18:36  52  	    ROLLBACK TO SAVEPOINT one_row;
03:18:36  53  
03:18:36  54  	  EXCEPTION
03:18:36  55  	    WHEN OTHERS THEN
03:18:36  56  	      DBMS_OUTPUT.PUT_LINE(
03:18:36  57  		TO_CHAR(SYSTIMESTAMP,'YYYY-MM-DD HH24:MI:SS.FF3')
03:18:36  58  		|| ' TABLE='||v_tbl
03:18:36  59  		|| ' PSARCH_ID='||r.PSARCH_ID
03:18:36  60  		|| ' PSARCH_BATCHNUM='||r.PSARCH_BATCHNUM
03:18:36  61  		|| ' ERROR='||SQLERRM
03:18:36  62  	      );
03:18:36  63  	      ROLLBACK TO SAVEPOINT one_row;
03:18:36  64  	  END;
03:18:36  65  	END LOOP;
03:18:36  66  
03:18:36  67  	DBMS_OUTPUT.PUT_LINE('---------------------------------------------');
03:18:36  68  	DBMS_OUTPUT.PUT_LINE(
03:18:36  69  	  TO_CHAR(SYSTIMESTAMP,'YYYY-MM-DD HH24:MI:SS.FF3')
03:18:36  70  	  || ' TOTAL_ROWS_DELETED='||NVL(v_total_rows,0)
03:18:36  71  	  || ' (TEST MODE—rolled back)'
03:18:36  72  	);
03:18:36  73  	DBMS_OUTPUT.PUT_LINE('---------------------------------------------');
03:18:36  74  
03:18:36  75  	-- TEST MODE final rollback
03:18:36  76  	ROLLBACK;
03:18:36  77  
03:18:36  78  EXCEPTION
03:18:36  79  	WHEN OTHERS THEN
03:18:36  80  	  DBMS_OUTPUT.PUT_LINE('BLOCK ERROR='||SQLERRM);
03:18:36  81  	  ROLLBACK;
03:18:36  82  END;
03:18:36  83  /
2025-12-26 03:18:36.175 TABLE=PS_CUSTAGINGX_H_XX PSARCH_ID=AGNGXX PSARCH_BATCHNUM=9 ROWS_DELETED=0 (TEST MODE???rolled back)
2025-12-26 03:18:54.627 TABLE=PS_AP_ARC_PYM_TB_H PSARCH_ID=APPYMTXX PSARCH_BATCHNUM=93 ROWS_DELETED=402580 (TEST MODE???rolled back)
2025-12-26 03:19:05.795 TABLE=PS_PAYMNT_TBL_H_XX PSARCH_ID=APPYMTXX PSARCH_BATCHNUM=93 ROWS_DELETED=402580 (TEST MODE???rolled back)
2025-12-26 03:19:10.142 TABLE=PS_WTH_TRXTBL_H_XX PSARCH_ID=APPYMTXX PSARCH_BATCHNUM=93 ROWS_DELETED=14674 (TEST MODE???rolled back)
2025-12-26 03:19:10.298 TABLE=PS_AP_SUPPRES_H_XX PSARCH_ID=APPYMTXX PSARCH_BATCHNUM=93 ROWS_DELETED=0 (TEST MODE???rolled back)
2025-12-26 03:19:16.357 TABLE=PS_AP_ARC_PYM_RC_H PSARCH_ID=APPYMTXX PSARCH_BATCHNUM=93 ROWS_DELETED=403197 (TEST MODE???rolled back)
2025-12-26 03:19:29.525 TABLE=PS_AP_ARC_PYM_AD_H PSARCH_ID=APPYMTXX PSARCH_BATCHNUM=93 ROWS_DELETED=442649 (TEST MODE???rolled back)
2025-12-26 03:19:35.422 TABLE=PS_PYMNT_ADVC_H_XX PSARCH_ID=APPYMTXX PSARCH_BATCHNUM=93 ROWS_DELETED=26515 (TEST MODE???rolled back)
2025-12-26 03:19:40.449 TABLE=PS_VCHRREG_LC_H_XX PSARCH_ID=APVCHRXX PSARCH_BATCHNUM=100 ROWS_DELETED=566074 (TEST MODE???rolled back)
2025-12-26 03:19:45.762 TABLE=PS_AP_ARC_VCH_VB_H PSARCH_ID=APVCHRXX PSARCH_BATCHNUM=100 ROWS_DELETED=0 (TEST MODE???rolled back)
2025-12-26 03:19:45.904 TABLE=PS_AP_ARC_VCH_VN_H PSARCH_ID=APVCHRXX PSARCH_BATCHNUM=100 ROWS_DELETED=0 (TEST MODE???rolled back)
2025-12-26 03:19:45.919 TABLE=PS_AP_ARC_EXP_DL_H PSARCH_ID=APVCHRXX PSARCH_BATCHNUM=100 ROWS_DELETED=0 (TEST MODE???rolled back)
2025-12-26 03:19:45.931 TABLE=PS_AP_ARC_BCH_XR_H PSARCH_ID=APVCHRXX PSARCH_BATCHNUM=100 ROWS_DELETED=0 (TEST MODE???rolled back)
2025-12-26 03:20:44.335 TABLE=PS_AP_ARC_DIST_L_H PSARCH_ID=APVCHRXX PSARCH_BATCHNUM=100 ROWS_DELETED=1124091 (TEST MODE???rolled back)
2025-12-26 03:21:21.841 TABLE=PS_AP_ARC_DIST_N_H PSARCH_ID=APVCHRXX PSARCH_BATCHNUM=100 ROWS_DELETED=0 (TEST MODE???rolled back)
2025-12-26 03:21:21.872 TABLE=PS_AP_ARC_PY_MSG_H PSARCH_ID=APVCHRXX PSARCH_BATCHNUM=100 ROWS_DELETED=20 (TEST MODE???rolled back)
2025-12-26 03:21:22.366 TABLE=PS_AP_ARC_PYM_WT_H PSARCH_ID=APVCHRXX PSARCH_BATCHNUM=100 ROWS_DELETED=19568 (TEST MODE???rolled back)
2025-12-26 03:21:39.300 TABLE=PS_AP_ARC_PYM_XR_H PSARCH_ID=APVCHRXX PSARCH_BATCHNUM=100 ROWS_DELETED=579392 (TEST MODE???rolled back)
2025-12-26 03:21:50.022 TABLE=PS_AP_ARC_VCHL_M_H PSARCH_ID=APVCHRXX PSARCH_BATCHNUM=100 ROWS_DELETED=82946 (TEST MODE???rolled back)
2025-12-26 03:25:06.509 TABLE=PS_AP_ARC_VCH_AC_H PSARCH_ID=APVCHRXX PSARCH_BATCHNUM=100 ROWS_DELETED=5181089 (TEST MODE???rolled back)
2025-12-26 03:28:41.396 TABLE=PS_AP_ARC_VCH_DO_H PSARCH_ID=APVCHRXX PSARCH_BATCHNUM=100 ROWS_DELETED=0 (TEST MODE???rolled back)
2025-12-26 03:28:41.899 TABLE=PS_AP_ARC_VCH_FR_H PSARCH_ID=APVCHRXX PSARCH_BATCHNUM=100 ROWS_DELETED=29105 (TEST MODE???rolled back)
2025-12-26 03:28:42.277 TABLE=PS_AP_ARC_VCH_TG_H PSARCH_ID=APVCHRXX PSARCH_BATCHNUM=100 ROWS_DELETED=0 (TEST MODE???rolled back)
2025-12-26 03:28:42.561 TABLE=PS_AP_ARC_VCH_WT_H PSARCH_ID=APVCHRXX PSARCH_BATCHNUM=100 ROWS_DELETED=22074 (TEST MODE???rolled back)
2025-12-26 03:28:42.793 TABLE=PS_AP_ARC_VCHL_E_H PSARCH_ID=APVCHRXX PSARCH_BATCHNUM=100 ROWS_DELETED=0 (TEST MODE???rolled back)
2025-12-26 03:28:42.855 TABLE=PS_AP_ARC_VCH_TX_H PSARCH_ID=APVCHRXX PSARCH_BATCHNUM=100 ROWS_DELETED=0 (TEST MODE???rolled back)
2025-12-26 03:28:42.868 TABLE=PS_AP_ARC_VCH_MS_H PSARCH_ID=APVCHRXX PSARCH_BATCHNUM=100 ROWS_DELETED=0 (TEST MODE???rolled back)
2025-12-26 03:28:42.884 TABLE=PS_AP_ARC_VCH_RM_H PSARCH_ID=APVCHRXX PSARCH_BATCHNUM=100 ROWS_DELETED=0 (TEST MODE???rolled back)
2025-12-26 03:28:43.772 TABLE=PS_AP_ARC_VCH_ST_H PSARCH_ID=APVCHRXX PSARCH_BATCHNUM=100 ROWS_DELETED=51160 (TEST MODE???rolled back)
2025-12-26 03:28:45.089 TABLE=PS_AP_ARC_VCH_UT_H PSARCH_ID=APVCHRXX PSARCH_BATCHNUM=100 ROWS_DELETED=51333 (TEST MODE???rolled back)
2025-12-26 03:28:45.716 TABLE=PS_AP_ARC_VCH_VI_H PSARCH_ID=APVCHRXX PSARCH_BATCHNUM=100 ROWS_DELETED=0 (TEST MODE???rolled back)
2025-12-26 03:29:24.325 TABLE=PS_AP_ARC_VOUCH_H PSARCH_ID=APVCHRXX PSARCH_BATCHNUM=100 ROWS_DELETED=566074 (TEST MODE???rolled back)
2025-12-26 03:30:10.962 TABLE=PS_AP_ARC_VCH_LN_H PSARCH_ID=APVCHRXX PSARCH_BATCHNUM=100 ROWS_DELETED=654395 (TEST MODE???rolled back)
2025-12-26 03:30:26.043 TABLE=PS_AP_ARC_VCH_HP_H PSARCH_ID=APVCHRXX PSARCH_BATCHNUM=100 ROWS_DELETED=0 (TEST MODE???rolled back)
2025-12-26 03:30:26.057 TABLE=PS_TSEALN_FLD_H_XX PSARCH_ID=APVCHRXX PSARCH_BATCHNUM=100 ROWS_DELETED=0 (TEST MODE???rolled back)
2025-12-26 03:30:26.072 TABLE=PS_TSEPMT_FLD_H_XX PSARCH_ID=APVCHRXX PSARCH_BATCHNUM=100 ROWS_DELETED=0 (TEST MODE???rolled back)
2025-12-26 03:30:26.082 TABLE=PS_TSE_VCHR_H_XX PSARCH_ID=APVCHRXX PSARCH_BATCHNUM=100 ROWS_DELETED=0 (TEST MODE???rolled back)
2025-12-26 03:30:26.095 TABLE=PS_TSEVLN_FLD_H_XX PSARCH_ID=APVCHRXX PSARCH_BATCHNUM=100 ROWS_DELETED=0 (TEST MODE???rolled back)
2025-12-26 03:30:26.109 TABLE=PS_TSEVCH_FLD_H_XX PSARCH_ID=APVCHRXX PSARCH_BATCHNUM=100 ROWS_DELETED=0 (TEST MODE???rolled back)
2025-12-26 03:30:26.140 TABLE=PS_UNMTCH_TMP_H_XX PSARCH_ID=APVCHRXX PSARCH_BATCHNUM=100 ROWS_DELETED=19 (TEST MODE???rolled back)
2025-12-26 03:30:26.172 TABLE=PS_APVCH_DSPL_H_XX PSARCH_ID=APVCHRXX PSARCH_BATCHNUM=100 ROWS_DELETED=0 (TEST MODE???rolled back)
2025-12-26 03:30:26.189 TABLE=PS_DSTRPMTXRF_H_XX PSARCH_ID=APVCHRXX PSARCH_BATCHNUM=100 ROWS_DELETED=42 (TEST MODE???rolled back)
2025-12-26 03:30:26.208 TABLE=PS_LNWTHD_UPD_H_XX PSARCH_ID=APVCHRXX PSARCH_BATCHNUM=100 ROWS_DELETED=0 (TEST MODE???rolled back)
2025-12-26 03:30:26.256 TABLE=PS_REMRPRT_H_XX PSARCH_ID=APVCHRXX PSARCH_BATCHNUM=100 ROWS_DELETED=0 (TEST MODE???rolled back)
2025-12-26 03:30:26.302 TABLE=PS_RVLACTG_LN_H_XX PSARCH_ID=APVCHRXX PSARCH_BATCHNUM=100 ROWS_DELETED=0 (TEST MODE???rolled back)
2025-12-26 03:30:26.344 TABLE=PS_VATXRF_VCH_H_XX PSARCH_ID=APVCHRXX PSARCH_BATCHNUM=100 ROWS_DELETED=0 (TEST MODE???rolled back)
2025-12-26 03:30:26.380 TABLE=PS_VCHDUP_INV_H_XX PSARCH_ID=APVCHRXX PSARCH_BATCHNUM=100 ROWS_DELETED=957 (TEST MODE???rolled back)
2025-12-26 03:30:26.418 TABLE=PS_VED_DUPINV_H_XX PSARCH_ID=APVCHRXX PSARCH_BATCHNUM=100 ROWS_DELETED=0 (TEST MODE???rolled back)
2025-12-26 03:30:26.452 TABLE=PS_VCHR_UPDT_H_XX PSARCH_ID=APVCHRXX PSARCH_BATCHNUM=100 ROWS_DELETED=0 (TEST MODE???rolled back)
2025-12-26 03:30:26.462 TABLE=PS_WTHD_UPDT_H_XX PSARCH_ID=APVCHRXX PSARCH_BATCHNUM=100 ROWS_DELETED=0 (TEST MODE???rolled back)
2025-12-26 03:30:26.483 TABLE=PS_APYX42_IFC_H_XX PSARCH_ID=APY42_XX PSARCH_BATCHNUM=102 ROWS_DELETED=0 (TEST MODE???rolled back)
2025-12-26 03:30:26.504 TABLE=PS_PAY_TRNSMT_H_XX PSARCH_ID=APPYTTXX PSARCH_BATCHNUM=42 ROWS_DELETED=0 (TEST MODE???rolled back)
2025-12-26 03:30:26.515 TABLE=PS_PAY_TRNSMT_H_XX PSARCH_ID=APPYTTXX PSARCH_BATCHNUM=94 ROWS_DELETED=892 (TEST MODE???rolled back)
2025-12-26 03:30:26.564 TABLE=PS_APYX18_IFC_H_XX PSARCH_ID=APY18_XX PSARCH_BATCHNUM=101 ROWS_DELETED=0 (TEST MODE???rolled back)
2025-12-26 03:30:26.565 TABLE=PS_AP_ARC_PYM_TB_H PSARCH_ID=AP_PYMNT PSARCH_BATCHNUM=13 ROWS_DELETED=0 (TEST MODE???rolled back)
2025-12-26 03:30:26.566 TABLE=PS_PAYMNT_TBL_H_XX PSARCH_ID=AP_PYMNT PSARCH_BATCHNUM=13 ROWS_DELETED=0 (TEST MODE???rolled back)
2025-12-26 03:30:26.567 TABLE=PS_WTH_TRXTBL_H_XX PSARCH_ID=AP_PYMNT PSARCH_BATCHNUM=13 ROWS_DELETED=0 (TEST MODE???rolled back)
2025-12-26 03:30:26.567 TABLE=PS_AP_SUPPRES_H_XX PSARCH_ID=AP_PYMNT PSARCH_BATCHNUM=13 ROWS_DELETED=0 (TEST MODE???rolled back)
2025-12-26 03:30:26.568 TABLE=PS_AP_ARC_PYM_RC_H PSARCH_ID=AP_PYMNT PSARCH_BATCHNUM=13 ROWS_DELETED=0 (TEST MODE???rolled back)
2025-12-26 03:30:26.568 TABLE=PS_AP_ARC_PYM_AD_H PSARCH_ID=AP_PYMNT PSARCH_BATCHNUM=13 ROWS_DELETED=0 (TEST MODE???rolled back)
2025-12-26 03:30:26.569 TABLE=PS_PYMNT_ADVC_H_XX PSARCH_ID=AP_PYMNT PSARCH_BATCHNUM=13 ROWS_DELETED=0 (TEST MODE???rolled back)
2025-12-26 03:30:26.610 TABLE=PS_AR_FRMLIN2_XX_H PSARCH_ID=ARBUR_XX PSARCH_BATCHNUM=97 ROWS_DELETED=0 (TEST MODE???rolled back)
2025-12-26 03:30:26.637 TABLE=PS_AR_ACTION_LST_H PSARCH_ID=ARACTLST PSARCH_BATCHNUM=4 ROWS_DELETED=0 (TEST MODE???rolled back)
2025-12-26 03:30:26.673 TABLE=PS_AR_FRMATTD_XX_H PSARCH_ID=ARATTDXX PSARCH_BATCHNUM=99 ROWS_DELETED=0 (TEST MODE???rolled back)
2025-12-26 03:30:26.694 TABLE=PS_AR_FORMATT_XX_H PSARCH_ID=ARBUR_XX PSARCH_BATCHNUM=97 ROWS_DELETED=0 (TEST MODE???rolled back)
2025-12-26 03:30:26.718 TABLE=PS_AR_FORMHDR_XX_H PSARCH_ID=ARBUR_XX PSARCH_BATCHNUM=97 ROWS_DELETED=0 (TEST MODE???rolled back)
2025-12-26 03:30:26.740 TABLE=PS_AR_FRMLIN1_XX_H PSARCH_ID=ARBUR_XX PSARCH_BATCHNUM=97 ROWS_DELETED=0 (TEST MODE???rolled back)
2025-12-26 03:30:26.767 TABLE=PS_AR_FRMLIN3_XX_H PSARCH_ID=ARBUR_XX PSARCH_BATCHNUM=97 ROWS_DELETED=0 (TEST MODE???rolled back)
2025-12-26 03:30:26.803 TABLE=PS_AR_FRMLIN4_XX_H PSARCH_ID=ARBUR_XX PSARCH_BATCHNUM=97 ROWS_DELETED=0 (TEST MODE???rolled back)
2025-12-26 03:30:26.831 TABLE=PS_AR_FORMTMP_XX_H PSARCH_ID=ARBUR_XX PSARCH_BATCHNUM=97 ROWS_DELETED=0 (TEST MODE???rolled back)
2025-12-26 03:30:26.844 TABLE=PS_AR_FORMNAR_XX_H PSARCH_ID=ARBUR_XX PSARCH_BATCHNUM=97 ROWS_DELETED=0 (TEST MODE???rolled back)
2025-12-26 03:30:26.856 TABLE=PS_AR_CCTRN_HDR_H PSARCH_ID=ARITEM PSARCH_BATCHNUM=98 ROWS_DELETED=0 (TEST MODE???rolled back)
2025-12-26 03:30:26.871 TABLE=PS_AR_CCTRN_TBL_H PSARCH_ID=ARITEM PSARCH_BATCHNUM=98 ROWS_DELETED=0 (TEST MODE???rolled back)
2025-12-26 03:30:26.886 TABLE=PS_AR_IPAC_DET_H PSARCH_ID=ARITEM PSARCH_BATCHNUM=98 ROWS_DELETED=0 (TEST MODE???rolled back)
2025-12-26 03:30:26.897 TABLE=PS_AR_IPAC_HDR_H PSARCH_ID=ARITEM PSARCH_BATCHNUM=98 ROWS_DELETED=0 (TEST MODE???rolled back)
2025-12-26 03:30:26.911 TABLE=PS_AR_IPAC_SGL_H PSARCH_ID=ARITEM PSARCH_BATCHNUM=98 ROWS_DELETED=0 (TEST MODE???rolled back)
2025-12-26 03:30:26.927 TABLE=PS_AR_EE_ITACTLN_H PSARCH_ID=ARITEM PSARCH_BATCHNUM=98 ROWS_DELETED=0 (TEST MODE???rolled back)
2025-12-26 03:35:38.130 TABLE=PS_AR_ITEM_H PSARCH_ID=ARITEM PSARCH_BATCHNUM=98 ROWS_DELETED=5678877 (TEST MODE???rolled back)
2025-12-26 03:44:54.575 TABLE=PS_AR_ITM_ACTVTY_H PSARCH_ID=ARITEM PSARCH_BATCHNUM=98 ROWS_DELETED=11861178 (TEST MODE???rolled back)
2025-12-26 03:50:41.256 TABLE=PS_AR_ITM_ACTTAX_H PSARCH_ID=ARITEM PSARCH_BATCHNUM=98 ROWS_DELETED=0 (TEST MODE???rolled back)
2025-12-26 03:50:41.270 TABLE=PS_AR_ITM_ACTXDT_H PSARCH_ID=ARITEM PSARCH_BATCHNUM=98 ROWS_DELETED=0 (TEST MODE???rolled back)
2025-12-26 03:50:41.301 TABLE=PS_AR_ITM_ACTVAT_H PSARCH_ID=ARITEM PSARCH_BATCHNUM=98 ROWS_DELETED=0 (TEST MODE???rolled back)
2025-12-26 03:50:41.316 TABLE=PS_AR_ITMAGNG_XX_H PSARCH_ID=ARITEM PSARCH_BATCHNUM=98 ROWS_DELETED=0 (TEST MODE???rolled back)
2025-12-26 03:50:41.330 TABLE=PS_AR_ITMDSP_XX_H PSARCH_ID=ARITEM PSARCH_BATCHNUM=98 ROWS_DELETED=0 (TEST MODE???rolled back)
2025-12-26 03:59:00.371 TABLE=PS_AR_ITEM_DST_H PSARCH_ID=ARITEM PSARCH_BATCHNUM=98 ROWS_DELETED=22396043 (TEST MODE???rolled back)
2025-12-26 04:10:50.407 TABLE=PS_AR_ITMNOTE_XX_H PSARCH_ID=ARITEM PSARCH_BATCHNUM=98 ROWS_DELETED=0 (TEST MODE???rolled back)
2025-12-26 04:10:50.428 TABLE=PS_AR_FRMMAR1_XX_H PSARCH_ID=ARMAR_XX PSARCH_BATCHNUM=104 ROWS_DELETED=0 (TEST MODE???rolled back)
2025-12-26 04:10:50.447 TABLE=PS_AR_FRMMAR2_XX_H PSARCH_ID=ARMAR_XX PSARCH_BATCHNUM=104 ROWS_DELETED=0 (TEST MODE???rolled back)
2025-12-26 04:10:50.465 TABLE=PS_AR_FORMMAR_XX_H PSARCH_ID=ARMAR_XX PSARCH_BATCHNUM=104 ROWS_DELETED=0 (TEST MODE???rolled back)
2025-12-26 04:11:23.788 TABLE=PS_AR_GROUP_CNTL_H PSARCH_ID=ARPEND PSARCH_BATCHNUM=96 ROWS_DELETED=1500586 (TEST MODE???rolled back)
2025-12-26 04:19:05.903 TABLE=PS_AR_PEND_DST_H PSARCH_ID=ARPEND PSARCH_BATCHNUM=96 ROWS_DELETED=20453457 (TEST MODE???rolled back)
2025-12-26 04:38:22.705 TABLE=PS_AR_PEND_ITM_H PSARCH_ID=ARPEND PSARCH_BATCHNUM=96 ROWS_DELETED=11776783 (TEST MODE???rolled back)
2025-12-26 04:49:23.966 TABLE=PS_AR_PEND_IT_MR_H PSARCH_ID=ARPEND PSARCH_BATCHNUM=96 ROWS_DELETED=0 (TEST MODE???rolled back)
2025-12-26 04:49:23.978 TABLE=PS_AR_PEND_TAX_H PSARCH_ID=ARPEND PSARCH_BATCHNUM=96 ROWS_DELETED=0 (TEST MODE???rolled back)
2025-12-26 04:49:23.993 TABLE=PS_AR_PEND_TX_DT_H PSARCH_ID=ARPEND PSARCH_BATCHNUM=96 ROWS_DELETED=0 (TEST MODE???rolled back)
2025-12-26 04:49:24.022 TABLE=PS_AR_PEND_VAT_H PSARCH_ID=ARPEND PSARCH_BATCHNUM=96 ROWS_DELETED=0 (TEST MODE???rolled back)
2025-12-26 04:49:24.052 TABLE=PS_AR_POKEYS_XX_H PSARCH_ID=ARPO_XX PSARCH_BATCHNUM=72 ROWS_DELETED=0 (TEST MODE???rolled back)
2025-12-26 04:49:24.078 TABLE=PS_PO_EXTRACT_XX_H PSARCH_ID=ARPO_XX PSARCH_BATCHNUM=72 ROWS_DELETED=0 (TEST MODE???rolled back)
2025-12-26 04:49:24.114 TABLE=PS_AR_PO_DTL_XX_H PSARCH_ID=ARPO_XX PSARCH_BATCHNUM=72 ROWS_DELETED=0 (TEST MODE???rolled back)
2025-12-26 04:49:24.133 TABLE=PS_AR_PO_EML_XX_H PSARCH_ID=ARPO_XX PSARCH_BATCHNUM=72 ROWS_DELETED=0 (TEST MODE???rolled back)
2025-12-26 04:49:24.149 TABLE=PS_AR_PO_PRTF_XX_H PSARCH_ID=ARPO_XX PSARCH_BATCHNUM=72 ROWS_DELETED=0 (TEST MODE???rolled back)
2025-12-26 04:49:24.184 TABLE=PS_AR_FRMRARB_XX_H PSARCH_ID=ARRAR_XX PSARCH_BATCHNUM=105 ROWS_DELETED=0 (TEST MODE???rolled back)
2025-12-26 04:49:24.212 TABLE=PS_AR_PO_FLDS_XX_H PSARCH_ID=ARPO_XX PSARCH_BATCHNUM=72 ROWS_DELETED=0 (TEST MODE???rolled back)
2025-12-26 04:49:24.235 TABLE=PS_AR_PO_PRNT_XX_H PSARCH_ID=ARPO_XX PSARCH_BATCHNUM=72 ROWS_DELETED=0 (TEST MODE???rolled back)
2025-12-26 04:49:24.261 TABLE=PS_AR_PO_SEQ_XX_H PSARCH_ID=ARPO_XX PSARCH_BATCHNUM=72 ROWS_DELETED=0 (TEST MODE???rolled back)
2025-12-26 04:49:24.298 TABLE=PS_AR_PO_TOT_XX_H PSARCH_ID=ARPO_XX PSARCH_BATCHNUM=72 ROWS_DELETED=0 (TEST MODE???rolled back)
2025-12-26 04:49:24.315 TABLE=PS_AR_PO_WORK_XX_H PSARCH_ID=ARPO_XX PSARCH_BATCHNUM=72 ROWS_DELETED=0 (TEST MODE???rolled back)
2025-12-26 04:49:24.331 TABLE=PS_AR_PO_XX_H PSARCH_ID=ARPO_XX PSARCH_BATCHNUM=72 ROWS_DELETED=0 (TEST MODE???rolled back)
2025-12-26 04:49:24.387 TABLE=PS_PO_KEY_DTA_XX_H PSARCH_ID=ARPO_XX PSARCH_BATCHNUM=72 ROWS_DELETED=0 (TEST MODE???rolled back)
2025-12-26 04:49:24.417 TABLE=PS_AR_820RMNF_XX_H PSARCH_ID=ARPYMT PSARCH_BATCHNUM=1 ROWS_DELETED=0 (TEST MODE???rolled back)
2025-12-26 04:49:24.446 TABLE=PS_AR_820RMSG_XX_H PSARCH_ID=ARPYMT PSARCH_BATCHNUM=1 ROWS_DELETED=0 (TEST MODE???rolled back)
2025-12-26 04:49:25.363 TABLE=PS_AR_DEP_CONTRL_H PSARCH_ID=ARPYMT PSARCH_BATCHNUM=1 ROWS_DELETED=39396 (TEST MODE???rolled back)
2025-12-26 04:49:25.927 TABLE=PS_AR_EE_DJR_ACT_H PSARCH_ID=ARPYMT PSARCH_BATCHNUM=1 ROWS_DELETED=0 (TEST MODE???rolled back)
2025-12-26 04:50:27.983 TABLE=PS_AR_PAYMENT_H PSARCH_ID=ARPYMT PSARCH_BATCHNUM=1 ROWS_DELETED=1335452 (TEST MODE???rolled back)
2025-12-26 04:51:04.682 TABLE=PS_AR_PAY_ID_CUS_H PSARCH_ID=ARPYMT PSARCH_BATCHNUM=1 ROWS_DELETED=458084 (TEST MODE???rolled back)
2025-12-26 04:52:20.511 TABLE=PS_AR_PAY_ID_ITM_H PSARCH_ID=ARPYMT PSARCH_BATCHNUM=1 ROWS_DELETED=4776291 (TEST MODE???rolled back)
2025-12-26 04:53:28.291 TABLE=PS_AR_PAY_ITEM_H PSARCH_ID=ARPYMT PSARCH_BATCHNUM=1 ROWS_DELETED=0 (TEST MODE???rolled back)
2025-12-26 04:53:28.306 TABLE=PS_AR_PAY_IT_MRL_H PSARCH_ID=ARPYMT PSARCH_BATCHNUM=1 ROWS_DELETED=0 (TEST MODE???rolled back)
2025-12-26 04:53:28.397 TABLE=PS_AR_PAY_MIS_DS_H PSARCH_ID=ARPYMT PSARCH_BATCHNUM=1 ROWS_DELETED=1989 (TEST MODE???rolled back)
2025-12-26 04:53:28.450 TABLE=PS_AR_FRMRAR1_XX_H PSARCH_ID=ARRAR_XX PSARCH_BATCHNUM=105 ROWS_DELETED=0 (TEST MODE???rolled back)
2025-12-26 04:53:28.478 TABLE=PS_AR_FORMRAR_XX_H PSARCH_ID=ARRAR_XX PSARCH_BATCHNUM=105 ROWS_DELETED=0 (TEST MODE???rolled back)
2025-12-26 04:53:29.765 TABLE=PS_AR_STMT_CUSDT_H PSARCH_ID=ARSTMT PSARCH_BATCHNUM=3 ROWS_DELETED=87387 (TEST MODE???rolled back)
2025-12-26 04:53:30.892 TABLE=PS_AR_STMT_CUS_H PSARCH_ID=ARSTMT PSARCH_BATCHNUM=3 ROWS_DELETED=6428 (TEST MODE???rolled back)
2025-12-26 04:53:31.075 TABLE=PS_AR_STMT_CUST_H PSARCH_ID=ARSTMT PSARCH_BATCHNUM=3 ROWS_DELETED=6460 (TEST MODE???rolled back)
2025-12-26 04:53:31.175 TABLE=PS_AR_STMT_CUSBD_H PSARCH_ID=ARSTMT PSARCH_BATCHNUM=3 ROWS_DELETED=0 (TEST MODE???rolled back)
2025-12-26 04:53:31.194 TABLE=PS_AR_FORMTAR_XX_H PSARCH_ID=ARTAR_XX PSARCH_BATCHNUM=106 ROWS_DELETED=4 (TEST MODE???rolled back)
2025-12-26 04:53:31.212 TABLE=PS_AR_FRMTAR1_XX_H PSARCH_ID=ARTAR_XX PSARCH_BATCHNUM=106 ROWS_DELETED=1 (TEST MODE???rolled back)
2025-12-26 04:53:31.240 TABLE=PS_AR_FRMXREF_XX_H PSARCH_ID=ARXRF_XX PSARCH_BATCHNUM=107 ROWS_DELETED=7 (TEST MODE???rolled back)
2025-12-26 04:53:31.282 TABLE=PS_BIHDRAR_H_XX PSARCH_ID=BICANXX PSARCH_BATCHNUM=64 ROWS_DELETED=0 (TEST MODE???rolled back)
2025-12-26 04:53:31.319 TABLE=PS_BIX24DSTMPX_HXX PSARCH_ID=BICANXX PSARCH_BATCHNUM=64 ROWS_DELETED=0 (TEST MODE???rolled back)
2025-12-26 04:53:31.365 TABLE=PS_BIALLTAXX_H_XX PSARCH_ID=BICANXX PSARCH_BATCHNUM=64 ROWS_DELETED=0 (TEST MODE???rolled back)
2025-12-26 04:53:31.561 TABLE=PS_BIHDR_H_XX PSARCH_ID=BICANXX PSARCH_BATCHNUM=64 ROWS_DELETED=0 (TEST MODE???rolled back)
2025-12-26 04:53:31.584 TABLE=PS_BIHDRCRCARD_HXX PSARCH_ID=BICANXX PSARCH_BATCHNUM=64 ROWS_DELETED=0 (TEST MODE???rolled back)
2025-12-26 04:53:31.614 TABLE=PS_BIHDRNOTE_H_XX PSARCH_ID=BICANXX PSARCH_BATCHNUM=64 ROWS_DELETED=0 (TEST MODE???rolled back)
2025-12-26 04:53:32.179 TABLE=PS_BILINE_H_XX PSARCH_ID=BICANXX PSARCH_BATCHNUM=64 ROWS_DELETED=0 (TEST MODE???rolled back)
2025-12-26 04:55:41.096 TABLE=PS_BILNDST_H_XX PSARCH_ID=BICANXX PSARCH_BATCHNUM=64 ROWS_DELETED=0 (TEST MODE???rolled back)
2025-12-26 04:56:24.969 TABLE=PS_BILNDSTAR_H_XX PSARCH_ID=BICANXX PSARCH_BATCHNUM=64 ROWS_DELETED=0 (TEST MODE???rolled back)
2025-12-26 04:56:40.995 TABLE=PS_BILNDSTDFR_H_XX PSARCH_ID=BICANXX PSARCH_BATCHNUM=64 ROWS_DELETED=0 (TEST MODE???rolled back)
2025-12-26 04:56:41.021 TABLE=PS_BILNDSTUAR_H_XX PSARCH_ID=BICANXX PSARCH_BATCHNUM=64 ROWS_DELETED=0 (TEST MODE???rolled back)
2025-12-26 04:56:41.036 TABLE=PS_BILNDSDFR_H_XX PSARCH_ID=BICANXX PSARCH_BATCHNUM=64 ROWS_DELETED=0 (TEST MODE???rolled back)
2025-12-26 04:56:55.673 TABLE=PS_BILNDSDTL_H_XX PSARCH_ID=BICANXX PSARCH_BATCHNUM=64 ROWS_DELETED=0 (TEST MODE???rolled back)
2025-12-26 04:57:06.948 TABLE=PS_BILNDSLVL_H_XX PSARCH_ID=BICANXX PSARCH_BATCHNUM=64 ROWS_DELETED=0 (TEST MODE???rolled back)
2025-12-26 04:57:06.975 TABLE=PS_BILNIUEXP_H_XX PSARCH_ID=BICANXX PSARCH_BATCHNUM=64 ROWS_DELETED=0 (TEST MODE???rolled back)
2025-12-26 04:57:07.002 TABLE=PS_BILNIUPAY_H_XX PSARCH_ID=BICANXX PSARCH_BATCHNUM=64 ROWS_DELETED=0 (TEST MODE???rolled back)
2025-12-26 04:57:07.129 TABLE=PS_BILNNOTE_H_XX PSARCH_ID=BICANXX PSARCH_BATCHNUM=64 ROWS_DELETED=0 (TEST MODE???rolled back)
2025-12-26 04:57:23.217 TABLE=PS_BILNTAX_H_XX PSARCH_ID=BICANXX PSARCH_BATCHNUM=64 ROWS_DELETED=0 (TEST MODE???rolled back)
2025-12-26 04:57:54.050 TABLE=PS_BILNTAXDTL_H_XX PSARCH_ID=BICANXX PSARCH_BATCHNUM=64 ROWS_DELETED=0 (TEST MODE???rolled back)
2025-12-26 04:57:54.076 TABLE=PS_BILNDSDTLX_H_XX PSARCH_ID=BICANXX PSARCH_BATCHNUM=64 ROWS_DELETED=0 (TEST MODE???rolled back)
2025-12-26 04:57:54.111 TABLE=PS_BIADJHSTX_H_XX PSARCH_ID=BIADJXX PSARCH_BATCHNUM=92 ROWS_DELETED=960 (TEST MODE???rolled back)
2025-12-26 04:57:54.120 TABLE=PS_BIADJHSTX_H_XX PSARCH_ID=BIADJXX PSARCH_BATCHNUM=75 ROWS_DELETED=0 (TEST MODE???rolled back)
2025-12-26 04:57:54.139 TABLE=PS_BIHDRVAT_H_XX PSARCH_ID=BICANXX PSARCH_BATCHNUM=64 ROWS_DELETED=0 (TEST MODE???rolled back)
2025-12-26 04:57:54.165 TABLE=PS_BIHDRX_H_XX PSARCH_ID=BICANXX PSARCH_BATCHNUM=64 ROWS_DELETED=0 (TEST MODE???rolled back)
2025-12-26 04:57:54.250 TABLE=PS_BILINEX_H_XX PSARCH_ID=BICANXX PSARCH_BATCHNUM=64 ROWS_DELETED=0 (TEST MODE???rolled back)
2025-12-26 04:57:54.282 TABLE=PS_VMSACCTLNX_H_XX PSARCH_ID=BICANXX PSARCH_BATCHNUM=64 ROWS_DELETED=0 (TEST MODE???rolled back)
2025-12-26 04:57:54.312 TABLE=PS_BICBIVCHDR_H_XX PSARCH_ID=BICBINXX PSARCH_BATCHNUM=5 ROWS_DELETED=0 (TEST MODE???rolled back)
2025-12-26 04:57:54.329 TABLE=PS_BIEXTCIIDS_H_XX PSARCH_ID=BICBINXX PSARCH_BATCHNUM=5 ROWS_DELETED=0 (TEST MODE???rolled back)
2025-12-26 04:57:54.361 TABLE=PS_BICBIVCLIN_H_XX PSARCH_ID=BICBINXX PSARCH_BATCHNUM=5 ROWS_DELETED=0 (TEST MODE???rolled back)
2025-12-26 04:57:54.391 TABLE=PS_EIDFILEINVX_HXX PSARCH_ID=BIEIDXX PSARCH_BATCHNUM=76 ROWS_DELETED=0 (TEST MODE???rolled back)
2025-12-26 04:57:54.392 TABLE=PS_BIX24DSTMPX_HXX PSARCH_ID=BIINVXX PSARCH_BATCHNUM=91 ROWS_DELETED=0 (TEST MODE???rolled back)
2025-12-26 05:06:02.346 TABLE=PS_BIACCTENTRY_HXX PSARCH_ID=BIINVXX PSARCH_BATCHNUM=91 ERROR=ORA-30036: unable to extend segment by 128 in undo tablespace 'UNDOTBS1'
2025-12-26 05:06:02.347 TABLE=PS_BIALLTAXX_H_XX PSARCH_ID=BIINVXX PSARCH_BATCHNUM=91 ROWS_DELETED=0 (TEST MODE???rolled back)
2025-12-26 05:06:02.467 TABLE=PS_BIHDR_H_XX PSARCH_ID=BIINVXX PSARCH_BATCHNUM=91 ERROR=ORA-30036: unable to extend segment by 128 in undo tablespace 'UNDOTBS1'
2025-12-26 05:06:07.590 TABLE=PS_BIHDRAR_H_XX PSARCH_ID=BIINVXX PSARCH_BATCHNUM=91 ERROR=ORA-30036: unable to extend segment by 128 in undo tablespace 'UNDOTBS1'
2025-12-26 05:06:07.591 TABLE=PS_BIHDRCRCARD_HXX PSARCH_ID=BIINVXX PSARCH_BATCHNUM=91 ROWS_DELETED=0 (TEST MODE???rolled back)
2025-12-26 05:06:07.591 TABLE=PS_BIHDRNOTE_H_XX PSARCH_ID=BIINVXX PSARCH_BATCHNUM=91 ROWS_DELETED=0 (TEST MODE???rolled back)
2025-12-26 05:06:07.647 TABLE=PS_BILINE_H_XX PSARCH_ID=BIINVXX PSARCH_BATCHNUM=91 ERROR=ORA-30036: unable to extend segment by 128 in undo tablespace 'UNDOTBS1'
2025-12-26 05:06:50.198 TABLE=PS_BILNDST_H_XX PSARCH_ID=BIINVXX PSARCH_BATCHNUM=91 ERROR=ORA-30036: unable to extend segment by 128 in undo tablespace 'UNDOTBS1'
2025-12-26 05:07:34.542 TABLE=PS_BILNDSTAR_H_XX PSARCH_ID=BIINVXX PSARCH_BATCHNUM=91 ROWS_DELETED=0 (TEST MODE???rolled back)
2025-12-26 05:07:51.158 TABLE=PS_BILNDSTDFR_H_XX PSARCH_ID=BIINVXX PSARCH_BATCHNUM=91 ROWS_DELETED=0 (TEST MODE???rolled back)
2025-12-26 05:07:51.158 TABLE=PS_BILNDSTUAR_H_XX PSARCH_ID=BIINVXX PSARCH_BATCHNUM=91 ROWS_DELETED=0 (TEST MODE???rolled back)
2025-12-26 05:07:51.159 TABLE=PS_BILNDSDFR_H_XX PSARCH_ID=BIINVXX PSARCH_BATCHNUM=91 ROWS_DELETED=0 (TEST MODE???rolled back)
2025-12-26 05:08:05.841 TABLE=PS_BILNDSDTL_H_XX PSARCH_ID=BIINVXX PSARCH_BATCHNUM=91 ROWS_DELETED=0 (TEST MODE???rolled back)
2025-12-26 05:08:17.918 TABLE=PS_BILNDSLVL_H_XX PSARCH_ID=BIINVXX PSARCH_BATCHNUM=91 ROWS_DELETED=0 (TEST MODE???rolled back)
2025-12-26 05:08:17.929 TABLE=PS_BILNIUEXP_H_XX PSARCH_ID=BIINVXX PSARCH_BATCHNUM=91 ROWS_DELETED=0 (TEST MODE???rolled back)
2025-12-26 05:08:17.939 TABLE=PS_BILNIUPAY_H_XX PSARCH_ID=BIINVXX PSARCH_BATCHNUM=91 ROWS_DELETED=0 (TEST MODE???rolled back)
2025-12-26 05:08:18.029 TABLE=PS_BILNNOTE_H_XX PSARCH_ID=BIINVXX PSARCH_BATCHNUM=91 ROWS_DELETED=0 (TEST MODE???rolled back)
2025-12-26 05:08:34.180 TABLE=PS_BILNTAX_H_XX PSARCH_ID=BIINVXX PSARCH_BATCHNUM=91 ROWS_DELETED=0 (TEST MODE???rolled back)
2025-12-26 05:08:34.765 TABLE=PS_BILNTAXDTL_H_XX PSARCH_ID=BIINVXX PSARCH_BATCHNUM=91 ERROR=ORA-30036: unable to extend segment by 128 in undo tablespace 'UNDOTBS1'
2025-12-26 05:08:34.766 TABLE=PS_BILNDSDTLX_H_XX PSARCH_ID=BIINVXX PSARCH_BATCHNUM=91 ROWS_DELETED=0 (TEST MODE???rolled back)
2025-12-26 05:08:34.766 TABLE=PS_BIX24DSTMPX_HXX PSARCH_ID=BIINVXX PSARCH_BATCHNUM=2 ROWS_DELETED=0 (TEST MODE???rolled back)
2025-12-26 05:08:34.781 TABLE=PS_BIACCTENTRY_HXX PSARCH_ID=BIINVXX PSARCH_BATCHNUM=2 ERROR=ORA-30036: unable to extend segment by 128 in undo tablespace 'UNDOTBS1'
2025-12-26 05:08:34.782 TABLE=PS_BIALLTAXX_H_XX PSARCH_ID=BIINVXX PSARCH_BATCHNUM=2 ROWS_DELETED=0 (TEST MODE???rolled back)
2025-12-26 05:08:35.095 TABLE=PS_BIHDR_H_XX PSARCH_ID=BIINVXX PSARCH_BATCHNUM=2 ERROR=ORA-30036: unable to extend segment by 128 in undo tablespace 'UNDOTBS1'
2025-12-26 05:08:35.127 TABLE=PS_BIHDRAR_H_XX PSARCH_ID=BIINVXX PSARCH_BATCHNUM=2 ERROR=ORA-30036: unable to extend segment by 128 in undo tablespace 'UNDOTBS1'
2025-12-26 05:08:35.128 TABLE=PS_BIHDRCRCARD_HXX PSARCH_ID=BIINVXX PSARCH_BATCHNUM=2 ROWS_DELETED=0 (TEST MODE???rolled back)
2025-12-26 05:08:35.128 TABLE=PS_BIHDRNOTE_H_XX PSARCH_ID=BIINVXX PSARCH_BATCHNUM=2 ROWS_DELETED=0 (TEST MODE???rolled back)
2025-12-26 05:08:35.143 TABLE=PS_BILINE_H_XX PSARCH_ID=BIINVXX PSARCH_BATCHNUM=2 ERROR=ORA-30036: unable to extend segment by 128 in undo tablespace 'UNDOTBS1'
2025-12-26 05:09:17.093 TABLE=PS_BILNDST_H_XX PSARCH_ID=BIINVXX PSARCH_BATCHNUM=2 ERROR=ORA-30036: unable to extend segment by 128 in undo tablespace 'UNDOTBS1'
2025-12-26 05:10:02.058 TABLE=PS_BILNDSTAR_H_XX PSARCH_ID=BIINVXX PSARCH_BATCHNUM=2 ROWS_DELETED=0 (TEST MODE???rolled back)
2025-12-26 05:10:18.905 TABLE=PS_BILNDSTDFR_H_XX PSARCH_ID=BIINVXX PSARCH_BATCHNUM=2 ROWS_DELETED=0 (TEST MODE???rolled back)
2025-12-26 05:10:18.906 TABLE=PS_BILNDSTUAR_H_XX PSARCH_ID=BIINVXX PSARCH_BATCHNUM=2 ROWS_DELETED=0 (TEST MODE???rolled back)
2025-12-26 05:10:18.907 TABLE=PS_BILNDSDFR_H_XX PSARCH_ID=BIINVXX PSARCH_BATCHNUM=2 ROWS_DELETED=0 (TEST MODE???rolled back)
2025-12-26 05:10:33.949 TABLE=PS_BILNDSDTL_H_XX PSARCH_ID=BIINVXX PSARCH_BATCHNUM=2 ROWS_DELETED=0 (TEST MODE???rolled back)
2025-12-26 05:10:45.609 TABLE=PS_BILNDSLVL_H_XX PSARCH_ID=BIINVXX PSARCH_BATCHNUM=2 ROWS_DELETED=0 (TEST MODE???rolled back)
2025-12-26 05:10:45.619 TABLE=PS_BILNIUEXP_H_XX PSARCH_ID=BIINVXX PSARCH_BATCHNUM=2 ROWS_DELETED=0 (TEST MODE???rolled back)
2025-12-26 05:10:45.628 TABLE=PS_BILNIUPAY_H_XX PSARCH_ID=BIINVXX PSARCH_BATCHNUM=2 ROWS_DELETED=0 (TEST MODE???rolled back)
2025-12-26 05:10:45.719 TABLE=PS_BILNNOTE_H_XX PSARCH_ID=BIINVXX PSARCH_BATCHNUM=2 ROWS_DELETED=0 (TEST MODE???rolled back)
2025-12-26 05:11:01.866 TABLE=PS_BILNTAX_H_XX PSARCH_ID=BIINVXX PSARCH_BATCHNUM=2 ROWS_DELETED=0 (TEST MODE???rolled back)
2025-12-26 05:11:03.792 TABLE=PS_BILNTAXDTL_H_XX PSARCH_ID=BIINVXX PSARCH_BATCHNUM=2 ERROR=ORA-30036: unable to extend segment by 128 in undo tablespace 'UNDOTBS1'
2025-12-26 05:11:03.792 TABLE=PS_BILNDSDTLX_H_XX PSARCH_ID=BIINVXX PSARCH_BATCHNUM=2 ROWS_DELETED=0 (TEST MODE???rolled back)
2025-12-26 05:11:03.815 TABLE=PS_INTFCBINTCMPHXX PSARCH_ID=BIINFXX PSARCH_BATCHNUM=73 ROWS_DELETED=0 (TEST MODE???rolled back)
2025-12-26 05:11:03.816 TABLE=PS_BIHDRX_H_XX PSARCH_ID=BIINVXX PSARCH_BATCHNUM=91 ROWS_DELETED=0 (TEST MODE???rolled back)
2025-12-26 05:11:03.817 TABLE=PS_BILINEX_H_XX PSARCH_ID=BIINVXX PSARCH_BATCHNUM=91 ROWS_DELETED=0 (TEST MODE???rolled back)
2025-12-26 05:11:03.817 TABLE=PS_VMSACCTLNX_H_XX PSARCH_ID=BIINVXX PSARCH_BATCHNUM=91 ROWS_DELETED=0 (TEST MODE???rolled back)
2025-12-26 05:11:04.197 TABLE=PS_INTFCBICMP_H_XX PSARCH_ID=BIINFXX PSARCH_BATCHNUM=73 ROWS_DELETED=0 (TEST MODE???rolled back)
2025-12-26 05:11:04.198 TABLE=PS_BIHDRVAT_H_XX PSARCH_ID=BIINVXX PSARCH_BATCHNUM=91 ROWS_DELETED=0 (TEST MODE???rolled back)
2025-12-26 05:11:04.198 TABLE=PS_BIHDRVAT_H_XX PSARCH_ID=BIINVXX PSARCH_BATCHNUM=2 ROWS_DELETED=0 (TEST MODE???rolled back)
2025-12-26 05:11:04.198 TABLE=PS_BIHDRX_H_XX PSARCH_ID=BIINVXX PSARCH_BATCHNUM=2 ROWS_DELETED=0 (TEST MODE???rolled back)
2025-12-26 05:11:04.198 TABLE=PS_BILINEX_H_XX PSARCH_ID=BIINVXX PSARCH_BATCHNUM=2 ROWS_DELETED=0 (TEST MODE???rolled back)
2025-12-26 05:11:04.198 TABLE=PS_VMSACCTLNX_H_XX PSARCH_ID=BIINVXX PSARCH_BATCHNUM=2 ROWS_DELETED=0 (TEST MODE???rolled back)
2025-12-26 05:11:04.340 TABLE=PS_INTFCBIADCMPHXX PSARCH_ID=BINFADXX PSARCH_BATCHNUM=83 ROWS_DELETED=0 (TEST MODE???rolled back)
2025-12-26 05:11:04.375 TABLE=PS_BIPCITRCKX_H_XX PSARCH_ID=BIPCIXX PSARCH_BATCHNUM=74 ROWS_DELETED=0 (TEST MODE???rolled back)
2025-12-26 05:11:04.642 TABLE=PS_BIRELCMPX_H_XX PSARCH_ID=BIRELXX PSARCH_BATCHNUM=84 ERROR=ORA-30036: unable to extend segment by 128 in undo tablespace 'UNDOTBS1'
2025-12-26 05:11:04.689 TABLE=PS_CA_ACCTPLAN_H PSARCH_ID=CA_001 PSARCH_BATCHNUM=16 ERROR=ORA-30036: unable to extend segment by 128 in undo tablespace 'UNDOTBS1'
2025-12-26 05:11:04.731 TABLE=PS_CA_ACCTG_LINE_H PSARCH_ID=CA_001 PSARCH_BATCHNUM=16 ROWS_DELETED=0 (TEST MODE???rolled back)
2025-12-26 05:11:04.792 TABLE=PS_CA_ACCTG_LN_P_H PSARCH_ID=CA_001 PSARCH_BATCHNUM=16 ERROR=ORA-30036: unable to extend segment by 128 in undo tablespace 'UNDOTBS1'
2025-12-26 05:11:04.808 TABLE=PS_CA_ACCTG_LN_T_H PSARCH_ID=CA_001 PSARCH_BATCHNUM=16 ROWS_DELETED=0 (TEST MODE???rolled back)
2025-12-26 05:11:04.820 TABLE=PS_CA_ACCTPLN_LA_H PSARCH_ID=CA_001 PSARCH_BATCHNUM=16 ROWS_DELETED=0 (TEST MODE???rolled back)
2025-12-26 05:11:04.839 TABLE=PS_CA_AP_DFR_H PSARCH_ID=CA_001 PSARCH_BATCHNUM=16 ROWS_DELETED=0 (TEST MODE???rolled back)
2025-12-26 05:11:04.868 TABLE=PS_CA_AP_DST_H PSARCH_ID=CA_001 PSARCH_BATCHNUM=16 ROWS_DELETED=0 (TEST MODE???rolled back)
2025-12-26 05:11:04.888 TABLE=PS_CA_AP_EVENT_H PSARCH_ID=CA_001 PSARCH_BATCHNUM=16 ROWS_DELETED=0 (TEST MODE???rolled back)
2025-12-26 05:11:04.903 TABLE=PS_CA_AP_EVENT_D_H PSARCH_ID=CA_001 PSARCH_BATCHNUM=16 ROWS_DELETED=0 (TEST MODE???rolled back)
2025-12-26 05:11:04.917 TABLE=PS_CA_AP_EVT_CHG_H PSARCH_ID=CA_001 PSARCH_BATCHNUM=16 ROWS_DELETED=0 (TEST MODE???rolled back)
2025-12-26 05:11:04.929 TABLE=PS_CA_AP_FEE_ADJ_H PSARCH_ID=CA_001 PSARCH_BATCHNUM=16 ROWS_DELETED=0 (TEST MODE???rolled back)
2025-12-26 05:11:04.941 TABLE=PS_CA_AP_FEE_WS_H PSARCH_ID=CA_001 PSARCH_BATCHNUM=16 ROWS_DELETED=0 (TEST MODE???rolled back)
2025-12-26 05:11:04.955 TABLE=PS_CA_AP_PC_DFR_H PSARCH_ID=CA_001 PSARCH_BATCHNUM=16 ROWS_DELETED=0 (TEST MODE???rolled back)
2025-12-26 05:11:05.003 TABLE=PS_CA_AP_PC_DST_H PSARCH_ID=CA_001 PSARCH_BATCHNUM=16 ERROR=ORA-30036: unable to extend segment by 128 in undo tablespace 'UNDOTBS1'
2025-12-26 05:11:05.051 TABLE=PS_CA_AP_PC_UAR_H PSARCH_ID=CA_001 PSARCH_BATCHNUM=16 ERROR=ORA-30036: unable to extend segment by 128 in undo tablespace 'UNDOTBS1'
2025-12-26 05:11:05.089 TABLE=PS_CA_AP_SCHEDUL_H PSARCH_ID=CA_001 PSARCH_BATCHNUM=16 ROWS_DELETED=0 (TEST MODE???rolled back)
2025-12-26 05:11:05.104 TABLE=PS_CA_AP_TXN_DST_H PSARCH_ID=CA_001 PSARCH_BATCHNUM=16 ROWS_DELETED=0 (TEST MODE???rolled back)
2025-12-26 05:11:05.118 TABLE=PS_CA_AP_TXN_UAR_H PSARCH_ID=CA_001 PSARCH_BATCHNUM=16 ROWS_DELETED=0 (TEST MODE???rolled back)
2025-12-26 05:11:05.145 TABLE=PS_CA_AP_UAR_H PSARCH_ID=CA_001 PSARCH_BATCHNUM=16 ROWS_DELETED=0 (TEST MODE???rolled back)
2025-12-26 05:11:05.155 TABLE=PS_CA_ATTACHMENT_H PSARCH_ID=CA_001 PSARCH_BATCHNUM=16 ROWS_DELETED=0 (TEST MODE???rolled back)
2025-12-26 05:11:05.165 TABLE=PS_CA_BILLPLN_LA_H PSARCH_ID=CA_001 PSARCH_BATCHNUM=16 ROWS_DELETED=0 (TEST MODE???rolled back)
2025-12-26 05:11:05.210 TABLE=PS_CA_BILL_PLAN_H PSARCH_ID=CA_001 PSARCH_BATCHNUM=16 ERROR=ORA-30036: unable to extend segment by 128 in undo tablespace 'UNDOTBS1'
2025-12-26 05:11:05.244 TABLE=PS_CA_BIL_PLN_XX_H PSARCH_ID=CA_001 PSARCH_BATCHNUM=16 ERROR=ORA-30036: unable to extend segment by 128 in undo tablespace 'UNDOTBS1'
2025-12-26 05:11:05.258 TABLE=PS_CA_BONUS_PENL_H PSARCH_ID=CA_001 PSARCH_BATCHNUM=16 ROWS_DELETED=0 (TEST MODE???rolled back)
2025-12-26 05:11:05.271 TABLE=PS_CA_BP_CDATAXX_H PSARCH_ID=CA_001 PSARCH_BATCHNUM=16 ROWS_DELETED=0 (TEST MODE???rolled back)
2025-12-26 05:11:05.292 TABLE=PS_CA_BP_EVENTS_H PSARCH_ID=CA_001 PSARCH_BATCHNUM=16 ROWS_DELETED=0 (TEST MODE???rolled back)
2025-12-26 05:11:05.304 TABLE=PS_CA_BP_EVT_CHG_H PSARCH_ID=CA_001 PSARCH_BATCHNUM=16 ROWS_DELETED=0 (TEST MODE???rolled back)
2025-12-26 05:11:05.315 TABLE=PS_CA_BP_EVT_LN_H PSARCH_ID=CA_001 PSARCH_BATCHNUM=16 ROWS_DELETED=0 (TEST MODE???rolled back)
2025-12-26 05:11:05.327 TABLE=PS_CA_BP_EV_AMXX_H PSARCH_ID=CA_001 PSARCH_BATCHNUM=16 ROWS_DELETED=0 (TEST MODE???rolled back)
2025-12-26 05:11:05.338 TABLE=PS_CA_BP_FEE_ADJ_H PSARCH_ID=CA_001 PSARCH_BATCHNUM=16 ROWS_DELETED=0 (TEST MODE???rolled back)
2025-12-26 05:11:05.349 TABLE=PS_CA_BP_FEE_WS_H PSARCH_ID=CA_001 PSARCH_BATCHNUM=16 ROWS_DELETED=0 (TEST MODE???rolled back)
2025-12-26 05:11:05.367 TABLE=PS_CA_BP_LINES_H PSARCH_ID=CA_001 PSARCH_BATCHNUM=16 ROWS_DELETED=0 (TEST MODE???rolled back)
2025-12-26 05:11:05.379 TABLE=PS_CA_BP_NOTE_H PSARCH_ID=CA_001 PSARCH_BATCHNUM=16 ROWS_DELETED=0 (TEST MODE???rolled back)
2025-12-26 05:11:05.405 TABLE=PS_CA_BP_SCHEDUL_H PSARCH_ID=CA_001 PSARCH_BATCHNUM=16 ROWS_DELETED=0 (TEST MODE???rolled back)
2025-12-26 05:11:05.455 TABLE=PS_CA_BP_XREF_H PSARCH_ID=CA_001 PSARCH_BATCHNUM=16 ERROR=ORA-30036: unable to extend segment by 128 in undo tablespace 'UNDOTBS1'
2025-12-26 05:11:05.475 TABLE=PS_CA_CHG_DTL_H PSARCH_ID=CA_001 PSARCH_BATCHNUM=16 ROWS_DELETED=0 (TEST MODE???rolled back)
2025-12-26 05:11:05.663 TABLE=PS_CA_CHG_HDR_H PSARCH_ID=CA_001 PSARCH_BATCHNUM=16 ERROR=ORA-30036: unable to extend segment by 128 in undo tablespace 'UNDOTBS1'
2025-12-26 05:11:05.707 TABLE=PS_CA_CONTR_HDR_H PSARCH_ID=CA_001 PSARCH_BATCHNUM=16 ERROR=ORA-30036: unable to extend segment by 128 in undo tablespace 'UNDOTBS1'
2025-12-26 05:11:05.717 TABLE=PS_CA_HDR_DC_H PSARCH_ID=CA_001 PSARCH_BATCHNUM=16 ROWS_DELETED=0 (TEST MODE???rolled back)
2025-12-26 05:11:05.778 TABLE=PS_CA_DETAIL_H PSARCH_ID=CA_001 PSARCH_BATCHNUM=16 ERROR=ORA-30036: unable to extend segment by 128 in undo tablespace 'UNDOTBS1'
2025-12-26 05:11:05.789 TABLE=PS_CA_DETAIL_APP_H PSARCH_ID=CA_001 PSARCH_BATCHNUM=16 ROWS_DELETED=0 (TEST MODE???rolled back)
2025-12-26 05:11:05.799 TABLE=PS_CA_DETAIL_DC_H PSARCH_ID=CA_001 PSARCH_BATCHNUM=16 ROWS_DELETED=0 (TEST MODE???rolled back)
2025-12-26 05:11:05.884 TABLE=PS_CA_DETAIL_DFR_H PSARCH_ID=CA_001 PSARCH_BATCHNUM=16 ROWS_DELETED=0 (TEST MODE???rolled back)
2025-12-26 05:11:05.973 TABLE=PS_CA_DETAIL_DST_H PSARCH_ID=CA_001 PSARCH_BATCHNUM=16 ROWS_DELETED=0 (TEST MODE???rolled back)
2025-12-26 05:11:05.982 TABLE=PS_CA_DETAIL_LAN_H PSARCH_ID=CA_001 PSARCH_BATCHNUM=16 ROWS_DELETED=0 (TEST MODE???rolled back)
2025-12-26 05:11:05.993 TABLE=PS_CA_DETAIL_PRI_H PSARCH_ID=CA_001 PSARCH_BATCHNUM=16 ROWS_DELETED=0 (TEST MODE???rolled back)
2025-12-26 05:11:06.040 TABLE=PS_CA_DETAIL_PRO_H PSARCH_ID=CA_001 PSARCH_BATCHNUM=16 ERROR=ORA-30036: unable to extend segment by 128 in undo tablespace 'UNDOTBS1'
2025-12-26 05:11:06.119 TABLE=PS_CA_DETAIL_RED_H PSARCH_ID=CA_001 PSARCH_BATCHNUM=16 ROWS_DELETED=0 (TEST MODE???rolled back)
2025-12-26 05:11:06.217 TABLE=PS_CA_DETAIL_UAR_H PSARCH_ID=CA_001 PSARCH_BATCHNUM=16 ERROR=ORA-30036: unable to extend segment by 128 in undo tablespace 'UNDOTBS1'
2025-12-26 05:11:06.228 TABLE=PS_CA_DST_ERR_H PSARCH_ID=CA_001 PSARCH_BATCHNUM=16 ROWS_DELETED=0 (TEST MODE???rolled back)
2025-12-26 05:11:06.336 TABLE=PS_CA_DTL_DST_DA_H PSARCH_ID=CA_001 PSARCH_BATCHNUM=16 ERROR=ORA-30036: unable to extend segment by 128 in undo tablespace 'UNDOTBS1'
2025-12-26 05:11:06.409 TABLE=PS_CA_DTL_RED_DA_H PSARCH_ID=CA_001 PSARCH_BATCHNUM=16 ROWS_DELETED=0 (TEST MODE???rolled back)
2025-12-26 05:11:06.420 TABLE=PS_CA_EARLY_OPTI_H PSARCH_ID=CA_001 PSARCH_BATCHNUM=16 ROWS_DELETED=0 (TEST MODE???rolled back)
2025-12-26 05:11:06.430 TABLE=PS_CA_EMAIL_CONT_H PSARCH_ID=CA_001 PSARCH_BATCHNUM=16 ROWS_DELETED=0 (TEST MODE???rolled back)
2025-12-26 05:11:06.438 TABLE=PS_CA_EMAIL_CON2_H PSARCH_ID=CA_001 PSARCH_BATCHNUM=16 ROWS_DELETED=0 (TEST MODE???rolled back)
2025-12-26 05:11:06.449 TABLE=PS_CA_FC_MAIN_H PSARCH_ID=CA_001 PSARCH_BATCHNUM=16 ROWS_DELETED=0 (TEST MODE???rolled back)
2025-12-26 05:11:06.457 TABLE=PS_CA_FC_STG_RUN_H PSARCH_ID=CA_001 PSARCH_BATCHNUM=16 ROWS_DELETED=0 (TEST MODE???rolled back)
2025-12-26 05:11:06.466 TABLE=PS_CA_HREVRED_LG_H PSARCH_ID=CA_001 PSARCH_BATCHNUM=16 ROWS_DELETED=0 (TEST MODE???rolled back)
2025-12-26 05:11:06.502 TABLE=PS_CA_HDREV_RED_H PSARCH_ID=CA_001 PSARCH_BATCHNUM=16 ERROR=ORA-30036: unable to extend segment by 128 in undo tablespace 'UNDOTBS1'
2025-12-26 05:11:06.512 TABLE=PS_CA_HDRRED_LAN_H PSARCH_ID=CA_001 PSARCH_BATCHNUM=16 ROWS_DELETED=0 (TEST MODE???rolled back)
2025-12-26 05:11:06.584 TABLE=PS_CA_HDR_AE_ACC_H PSARCH_ID=CA_001 PSARCH_BATCHNUM=16 ROWS_DELETED=0 (TEST MODE???rolled back)
2025-12-26 05:11:06.595 TABLE=PS_CA_HDR_COMM_H PSARCH_ID=CA_001 PSARCH_BATCHNUM=16 ROWS_DELETED=0 (TEST MODE???rolled back)
2025-12-26 05:11:06.622 TABLE=PS_CA_HDR_REDUCT_H PSARCH_ID=CA_001 PSARCH_BATCHNUM=16 ERROR=ORA-30036: unable to extend segment by 128 in undo tablespace 'UNDOTBS1'
2025-12-26 05:11:06.674 TABLE=PS_CA_INVTRKH_XX_H PSARCH_ID=CA_001 PSARCH_BATCHNUM=16 ERROR=ORA-30036: unable to extend segment by 128 in undo tablespace 'UNDOTBS1'
2025-12-26 05:11:06.715 TABLE=PS_CA_INVTRKL_XX_H PSARCH_ID=CA_001 PSARCH_BATCHNUM=16 ERROR=ORA-30036: unable to extend segment by 128 in undo tablespace 'UNDOTBS1'
2025-12-26 05:11:06.755 TABLE=PS_CA_IVC_PRT_XX_H PSARCH_ID=CA_001 PSARCH_BATCHNUM=16 ERROR=ORA-30036: unable to extend segment by 128 in undo tablespace 'UNDOTBS1'
2025-12-26 05:11:06.789 TABLE=PS_CA_LMT_FEE_DT_H PSARCH_ID=CA_001 PSARCH_BATCHNUM=16 ERROR=ORA-30036: unable to extend segment by 128 in undo tablespace 'UNDOTBS1'
2025-12-26 05:11:06.801 TABLE=PS_CA_LMT_TXN_H PSARCH_ID=CA_001 PSARCH_BATCHNUM=16 ROWS_DELETED=0 (TEST MODE???rolled back)
2025-12-26 05:11:06.812 TABLE=PS_CA_LMT_TXN_LG_H PSARCH_ID=CA_001 PSARCH_BATCHNUM=16 ROWS_DELETED=0 (TEST MODE???rolled back)
2025-12-26 05:11:06.822 TABLE=PS_CA_LNRED_LANG_H PSARCH_ID=CA_001 PSARCH_BATCHNUM=16 ROWS_DELETED=0 (TEST MODE???rolled back)
2025-12-26 05:11:06.836 TABLE=PS_CA_LNREV_RED_H PSARCH_ID=CA_001 PSARCH_BATCHNUM=16 ROWS_DELETED=0 (TEST MODE???rolled back)
2025-12-26 05:11:06.848 TABLE=PS_CA_LN_REDUCTS_H PSARCH_ID=CA_001 PSARCH_BATCHNUM=16 ROWS_DELETED=0 (TEST MODE???rolled back)
2025-12-26 05:11:06.858 TABLE=PS_CA_LREVRED_LG_H PSARCH_ID=CA_001 PSARCH_BATCHNUM=16 ROWS_DELETED=0 (TEST MODE???rolled back)
2025-12-26 05:11:06.874 TABLE=PS_CA_MILESTONE_H PSARCH_ID=CA_001 PSARCH_BATCHNUM=16 ROWS_DELETED=0 (TEST MODE???rolled back)
2025-12-26 05:11:06.892 TABLE=PS_CA_MS_COND_H PSARCH_ID=CA_001 PSARCH_BATCHNUM=16 ROWS_DELETED=0 (TEST MODE???rolled back)
2025-12-26 05:11:06.906 TABLE=PS_CA_NOTE_H PSARCH_ID=CA_001 PSARCH_BATCHNUM=16 ROWS_DELETED=0 (TEST MODE???rolled back)
2025-12-26 05:11:06.919 TABLE=PS_CA_NOTE_DETAI_H PSARCH_ID=CA_001 PSARCH_BATCHNUM=16 ROWS_DELETED=0 (TEST MODE???rolled back)
2025-12-26 05:11:06.932 TABLE=PS_CA_NOTE_TRANS_H PSARCH_ID=CA_001 PSARCH_BATCHNUM=16 ROWS_DELETED=0 (TEST MODE???rolled back)
2025-12-26 05:11:06.944 TABLE=PS_CA_OPP_TYP_XX_H PSARCH_ID=CA_001 PSARCH_BATCHNUM=16 ROWS_DELETED=0 (TEST MODE???rolled back)
2025-12-26 05:11:06.954 TABLE=PS_CA_OPRID_CONT_H PSARCH_ID=CA_001 PSARCH_BATCHNUM=16 ROWS_DELETED=0 (TEST MODE???rolled back)
2025-12-26 05:11:07.027 TABLE=PS_CA_PGP_COSTS_H PSARCH_ID=CA_001 PSARCH_BATCHNUM=16 ROWS_DELETED=0 (TEST MODE???rolled back)
2025-12-26 05:11:07.039 TABLE=PS_CA_PGP_PROJ_H PSARCH_ID=CA_001 PSARCH_BATCHNUM=16 ROWS_DELETED=0 (TEST MODE???rolled back)
2025-12-26 05:11:07.050 TABLE=PS_CA_PGP_TERMS_H PSARCH_ID=CA_001 PSARCH_BATCHNUM=16 ROWS_DELETED=0 (TEST MODE???rolled back)
2025-12-26 05:11:07.131 TABLE=PS_CA_PGP_WKS_H PSARCH_ID=CA_001 PSARCH_BATCHNUM=16 ROWS_DELETED=0 (TEST MODE???rolled back)
2025-12-26 05:11:07.205 TABLE=PS_CA_PREPAID_AU_H PSARCH_ID=CA_001 PSARCH_BATCHNUM=16 ROWS_DELETED=0 (TEST MODE???rolled back)
2025-12-26 05:11:07.219 TABLE=PS_CA_PREPAID_PR_H PSARCH_ID=CA_001 PSARCH_BATCHNUM=16 ROWS_DELETED=0 (TEST MODE???rolled back)
2025-12-26 05:11:07.231 TABLE=PS_CA_PREPAID_TB_H PSARCH_ID=CA_001 PSARCH_BATCHNUM=16 ROWS_DELETED=0 (TEST MODE???rolled back)
2025-12-26 05:11:07.243 TABLE=PS_CA_PROJ_SUMMA_H PSARCH_ID=CA_001 PSARCH_BATCHNUM=16 ROWS_DELETED=0 (TEST MODE???rolled back)
2025-12-26 05:11:07.340 TABLE=PS_CA_RATE_H PSARCH_ID=CA_001 PSARCH_BATCHNUM=16 ERROR=ORA-30036: unable to extend segment by 128 in undo tablespace 'UNDOTBS1'
2025-12-26 05:11:07.354 TABLE=PS_CA_RECON_BI_H PSARCH_ID=CA_001 PSARCH_BATCHNUM=16 ROWS_DELETED=0 (TEST MODE???rolled back)
2025-12-26 05:11:07.376 TABLE=PS_CA_RECON_REV_H PSARCH_ID=CA_001 PSARCH_BATCHNUM=16 ROWS_DELETED=0 (TEST MODE???rolled back)
2025-12-26 05:11:07.393 TABLE=PS_CA_RECON_SUM_H PSARCH_ID=CA_001 PSARCH_BATCHNUM=16 ROWS_DELETED=0 (TEST MODE???rolled back)
2025-12-26 05:11:07.405 TABLE=PS_CA_RNWLNRE_LG_H PSARCH_ID=CA_001 PSARCH_BATCHNUM=16 ROWS_DELETED=0 (TEST MODE???rolled back)
2025-12-26 05:11:07.416 TABLE=PS_CA_RNWLNRR_LG_H PSARCH_ID=CA_001 PSARCH_BATCHNUM=16 ROWS_DELETED=0 (TEST MODE???rolled back)
2025-12-26 05:11:07.428 TABLE=PS_CA_RNW_APPLIE_H PSARCH_ID=CA_001 PSARCH_BATCHNUM=16 ROWS_DELETED=0 (TEST MODE???rolled back)
2025-12-26 05:11:07.439 TABLE=PS_CA_RNW_LN_LIN_H PSARCH_ID=CA_001 PSARCH_BATCHNUM=16 ROWS_DELETED=0 (TEST MODE???rolled back)
2025-12-26 05:11:07.449 TABLE=PS_CA_RNW_LN_RED_H PSARCH_ID=CA_001 PSARCH_BATCHNUM=16 ROWS_DELETED=0 (TEST MODE???rolled back)
2025-12-26 05:11:07.460 TABLE=PS_CA_RNW_LN_RDS_H PSARCH_ID=CA_001 PSARCH_BATCHNUM=16 ROWS_DELETED=0 (TEST MODE???rolled back)
2025-12-26 05:11:07.470 TABLE=PS_CA_SUPPORT_TE_H PSARCH_ID=CA_001 PSARCH_BATCHNUM=16 ROWS_DELETED=0 (TEST MODE???rolled back)
2025-12-26 05:11:07.481 TABLE=PS_CA_WTH_RELEAS_H PSARCH_ID=CA_001 PSARCH_BATCHNUM=16 ROWS_DELETED=0 (TEST MODE???rolled back)
2025-12-26 05:11:07.492 TABLE=PS_CA_WTH_REL_LA_H PSARCH_ID=CA_001 PSARCH_BATCHNUM=16 ROWS_DELETED=0 (TEST MODE???rolled back)
2025-12-26 05:11:07.502 TABLE=PS_CA_WTH_TERMS_H PSARCH_ID=CA_001 PSARCH_BATCHNUM=16 ROWS_DELETED=0 (TEST MODE???rolled back)
2025-12-26 05:11:07.512 TABLE=PS_CA_WTH_TRM_LA_H PSARCH_ID=CA_001 PSARCH_BATCHNUM=16 ROWS_DELETED=0 (TEST MODE???rolled back)
2025-12-26 05:11:07.569 TABLE=PS_BI_HDR_TMP_XX_H PSARCH_ID=CA_001 PSARCH_BATCHNUM=16 ERROR=ORA-30036: unable to extend segment by 128 in undo tablespace 'UNDOTBS1'
2025-12-26 05:11:07.624 TABLE=PS_BI_LN_TMP_XX_H PSARCH_ID=CA_001 PSARCH_BATCHNUM=16 ERROR=ORA-30036: unable to extend segment by 128 in undo tablespace 'UNDOTBS1'
2025-12-26 05:11:07.625 TABLE=PS_CA_DETAIL_PRO_H PSARCH_ID=CA_PD_XX PSARCH_BATCHNUM=54 ROWS_DELETED=0 (TEST MODE???rolled back)
2025-12-26 05:11:07.652 TABLE=PS_CSH_CST_DTL_HXX PSARCH_ID=CM_FD_XX PSARCH_BATCHNUM=33 ROWS_DELETED=0 (TEST MODE???rolled back)
2025-12-26 05:11:07.673 TABLE=PS_TR_ATTACH_H_XX PSARCH_ID=CM_AS_XX PSARCH_BATCHNUM=23 ROWS_DELETED=0 (TEST MODE???rolled back)
2025-12-26 05:11:07.697 TABLE=PS_BANK_BAL_H_XX PSARCH_ID=CM_BS_XX PSARCH_BATCHNUM=24 ROWS_DELETED=0 (TEST MODE???rolled back)
2025-12-26 05:11:07.758 TABLE=PS_BNK_EXCP_H_XX PSARCH_ID=CM_EP_XX PSARCH_BATCHNUM=31 ERROR=ORA-30036: unable to extend segment by 128 in undo tablespace 'UNDOTBS1'
2025-12-26 05:11:07.784 TABLE=PS_CSH_CST_SUM_HXX PSARCH_ID=CM_FS_XX PSARCH_BATCHNUM=32 ROWS_DELETED=0 (TEST MODE???rolled back)
2025-12-26 05:11:07.803 TABLE=PS_CASH_FLW_TR_HXX PSARCH_ID=CM_FW_XX PSARCH_BATCHNUM=34 ROWS_DELETED=0 (TEST MODE???rolled back)
2025-12-26 05:11:07.838 TABLE=PS_BANK_NON_PD_HXX PSARCH_ID=CM_NP_XX PSARCH_BATCHNUM=35 ROWS_DELETED=0 (TEST MODE???rolled back)
2025-12-26 05:11:07.861 TABLE=PS_BANK_SDSTMT_HXX PSARCH_ID=CM_SD_XX PSARCH_BATCHNUM=26 ROWS_DELETED=0 (TEST MODE???rolled back)
2025-12-26 05:11:07.901 TABLE=PS_BNK_SMT_HDR_HXX PSARCH_ID=CM_SH_XX PSARCH_BATCHNUM=28 ERROR=ORA-30036: unable to extend segment by 128 in undo tablespace 'UNDOTBS1'
2025-12-26 05:11:07.923 TABLE=PS_BNK_SDBAL_H_XX PSARCH_ID=CM_SL_XX PSARCH_BATCHNUM=25 ROWS_DELETED=0 (TEST MODE???rolled back)
2025-12-26 05:11:07.965 TABLE=PS_BANK_STMT_H_XX PSARCH_ID=CM_ST_XX PSARCH_BATCHNUM=27 ERROR=ORA-30036: unable to extend segment by 128 in undo tablespace 'UNDOTBS1'
2025-12-26 05:11:07.982 TABLE=PS_TR_WR_DTL_H_XX PSARCH_ID=CM_WH_XX PSARCH_BATCHNUM=29 ROWS_DELETED=0 (TEST MODE???rolled back)
2025-12-26 05:11:07.996 TABLE=PS_TR_WR_HDR_H_XX PSARCH_ID=CM_WH_XX PSARCH_BATCHNUM=29 ROWS_DELETED=0 (TEST MODE???rolled back)
2025-12-26 05:11:08.010 TABLE=PS_TR_AF_STL_H_XX PSARCH_ID=CM_XF_XX PSARCH_BATCHNUM=30 ROWS_DELETED=0 (TEST MODE???rolled back)
2025-12-26 05:11:08.088 TABLE=PS_EX_ADV_LINE_H PSARCH_ID=EXADV_XX PSARCH_BATCHNUM=17 ROWS_DELETED=0 (TEST MODE???rolled back)
2025-12-26 05:11:08.107 TABLE=PS_EX_ADV_PYMT_H PSARCH_ID=EXADV_XX PSARCH_BATCHNUM=17 ROWS_DELETED=0 (TEST MODE???rolled back)
2025-12-26 05:11:08.117 TABLE=PS_EX_ADV_CHK_H PSARCH_ID=EXADV_XX PSARCH_BATCHNUM=17 ROWS_DELETED=0 (TEST MODE???rolled back)
2025-12-26 05:11:08.192 TABLE=PS_EX_ADV_DIST_H PSARCH_ID=EXADV_XX PSARCH_BATCHNUM=17 ROWS_DELETED=0 (TEST MODE???rolled back)
2025-12-26 05:11:08.202 TABLE=PS_EX_ADV_DOCSEQ_H PSARCH_ID=EXADV_XX PSARCH_BATCHNUM=17 ROWS_DELETED=0 (TEST MODE???rolled back)
2025-12-26 05:11:08.333 TABLE=PS_EX_ADV_HDR_H PSARCH_ID=EXADV_XX PSARCH_BATCHNUM=17 ROWS_DELETED=0 (TEST MODE???rolled back)
2025-12-26 05:11:08.345 TABLE=PS_EX_SHT_DOCSEQ_H PSARCH_ID=EXSHT_XX PSARCH_BATCHNUM=63 ROWS_DELETED=0 (TEST MODE???rolled back)
2025-12-26 05:11:08.357 TABLE=PS_EX_SHEET_ADV_H PSARCH_ID=EXSHT_XX PSARCH_BATCHNUM=63 ROWS_DELETED=0 (TEST MODE???rolled back)
2025-12-26 05:11:08.452 TABLE=PS_EX_SHEET_ATT_H PSARCH_ID=EXSHT_XX PSARCH_BATCHNUM=63 ROWS_DELETED=0 (TEST MODE???rolled back)
2025-12-26 05:11:08.478 TABLE=PS_EX_SHEET_DIST_H PSARCH_ID=EXSHT_XX PSARCH_BATCHNUM=63 ROWS_DELETED=0 (TEST MODE???rolled back)
2025-12-26 05:11:08.509 TABLE=PS_EX_SHEET_HDR_H PSARCH_ID=EXSHT_XX PSARCH_BATCHNUM=63 ROWS_DELETED=0 (TEST MODE???rolled back)
2025-12-26 05:11:08.542 TABLE=PS_EX_SHEET_LINE_H PSARCH_ID=EXSHT_XX PSARCH_BATCHNUM=63 ROWS_DELETED=0 (TEST MODE???rolled back)
2025-12-26 05:11:08.552 TABLE=PS_EX_SHT_LN_PD_H PSARCH_ID=EXSHT_XX PSARCH_BATCHNUM=63 ROWS_DELETED=0 (TEST MODE???rolled back)
2025-12-26 05:11:08.569 TABLE=PS_EX_SHT_NOTE_HXX PSARCH_ID=EXSHT_XX PSARCH_BATCHNUM=63 ROWS_DELETED=0 (TEST MODE???rolled back)
2025-12-26 05:11:08.596 TABLE=PS_EX_SHEET_PYMT_H PSARCH_ID=EXSHT_XX PSARCH_BATCHNUM=63 ROWS_DELETED=0 (TEST MODE???rolled back)
2025-12-26 05:11:08.625 TABLE=PS_EX_SHT_SPLIT_H PSARCH_ID=EXSHT_XX PSARCH_BATCHNUM=63 ROWS_DELETED=0 (TEST MODE???rolled back)
2025-12-26 05:11:08.645 TABLE=PS_EX_ACCTG_LINE_H PSARCH_ID=EX_ACCTG PSARCH_BATCHNUM=85 ROWS_DELETED=0 (TEST MODE???rolled back)
2025-12-26 05:11:08.732 TABLE=PS_EX_APRVL_HIST_H PSARCH_ID=EX_APPR PSARCH_BATCHNUM=86 ROWS_DELETED=0 (TEST MODE???rolled back)
2025-12-26 05:11:08.758 TABLE=PS_EX_ER_ATCH_H_XX PSARCH_ID=EX_AT_XX PSARCH_BATCHNUM=69 ROWS_DELETED=0 (TEST MODE???rolled back)
2025-12-26 05:11:08.784 TABLE=PS_EX_SHEET_AW_H PSARCH_ID=EX_ER_AD PSARCH_BATCHNUM=68 ROWS_DELETED=0 (TEST MODE???rolled back)
2025-12-26 05:11:08.806 TABLE=PS_EID_FILE_EX_HXX PSARCH_ID=EX_FL_XX PSARCH_BATCHNUM=70 ROWS_DELETED=0 (TEST MODE???rolled back)
2025-12-26 05:11:08.840 TABLE=PS_EX_TRANS_H PSARCH_ID=EX_MYWAL PSARCH_BATCHNUM=82 ROWS_DELETED=0 (TEST MODE???rolled back)
2025-12-26 05:11:08.850 TABLE=PS_EX_ENHC_DET_H PSARCH_ID=EX_MYWAL PSARCH_BATCHNUM=82 ROWS_DELETED=0 (TEST MODE???rolled back)
2025-12-26 05:11:08.862 TABLE=PS_EX_ENHC_SUMM_H PSARCH_ID=EX_MYWAL PSARCH_BATCHNUM=82 ROWS_DELETED=0 (TEST MODE???rolled back)
2025-12-26 05:11:08.872 TABLE=PS_EX_ENHC_DTAMX_H PSARCH_ID=EX_MYWAL PSARCH_BATCHNUM=82 ROWS_DELETED=0 (TEST MODE???rolled back)
2025-12-26 05:11:08.882 TABLE=PS_EX_ENHC_SMAMX_H PSARCH_ID=EX_MYWAL PSARCH_BATCHNUM=82 ROWS_DELETED=0 (TEST MODE???rolled back)
2025-12-26 05:11:08.892 TABLE=PS_EOAW_NEMSTS_HXX PSARCH_ID=EX_NS_XX PSARCH_BATCHNUM=87 ROWS_DELETED=0 (TEST MODE???rolled back)
2025-12-26 05:11:08.921 TABLE=PS_EOAW_COMNTS_HXX PSARCH_ID=EX_SY_XX PSARCH_BATCHNUM=88 ROWS_DELETED=0 (TEST MODE???rolled back)
2025-12-26 05:11:08.948 TABLE=PS_EOAW_HISCOM_HXX PSARCH_ID=EX_SY_XX PSARCH_BATCHNUM=88 ROWS_DELETED=0 (TEST MODE???rolled back)
2025-12-26 05:11:09.762 TABLE=PS_EOAW_SPINST_HXX PSARCH_ID=EX_SY_XX PSARCH_BATCHNUM=88 ROWS_DELETED=0 (TEST MODE???rolled back)
2025-12-26 05:11:09.784 TABLE=PS_EOAW_SUMM_HXX PSARCH_ID=EX_SY_XX PSARCH_BATCHNUM=88 ROWS_DELETED=0 (TEST MODE???rolled back)
2025-12-26 05:11:09.812 TABLE=PS_EOAW_SUMDTL_HXX PSARCH_ID=EX_SY_XX PSARCH_BATCHNUM=88 ROWS_DELETED=0 (TEST MODE???rolled back)
2025-12-26 05:11:09.836 TABLE=PS_EOAW_WL_HXX PSARCH_ID=EX_SY_XX PSARCH_BATCHNUM=88 ROWS_DELETED=0 (TEST MODE???rolled back)
2025-12-26 05:11:09.866 TABLE=PS_EOAW_URINST_HXX PSARCH_ID=EX_UI_XX PSARCH_BATCHNUM=89 ROWS_DELETED=0 (TEST MODE???rolled back)
2025-12-26 05:11:09.892 TABLE=PS_EOAW_UESCAL_HXX PSARCH_ID=EX_UI_XX PSARCH_BATCHNUM=89 ROWS_DELETED=0 (TEST MODE???rolled back)
2025-12-26 05:11:09.917 TABLE=PS_PMT_FIL_ACK_HXX PSARCH_ID=FG_AK_XX PSARCH_BATCHNUM=21 ROWS_DELETED=0 (TEST MODE???rolled back)
2025-12-26 05:11:09.936 TABLE=PS_PMT_ACK_H_XX PSARCH_ID=FG_AK_XX PSARCH_BATCHNUM=21 ROWS_DELETED=0 (TEST MODE???rolled back)
2025-12-26 05:11:09.962 TABLE=PS_PMT_ACK_ERR_HXX PSARCH_ID=FG_AK_XX PSARCH_BATCHNUM=21 ROWS_DELETED=0 (TEST MODE???rolled back)
2025-12-26 05:11:09.990 TABLE=PS_PMT_ACK_HDR_HXX PSARCH_ID=FG_AK_XX PSARCH_BATCHNUM=21 ROWS_DELETED=0 (TEST MODE???rolled back)
2025-12-26 05:11:10.016 TABLE=PS_PMT_FIL_ERR_HXX PSARCH_ID=FG_AK_XX PSARCH_BATCHNUM=21 ROWS_DELETED=0 (TEST MODE???rolled back)
2025-12-26 05:11:10.049 TABLE=PS_BSP_FIL_INF_HXX PSARCH_ID=FG_BF_XX PSARCH_BATCHNUM=19 ROWS_DELETED=0 (TEST MODE???rolled back)
2025-12-26 05:11:10.071 TABLE=PS_PMT_ADDR_H_XX PSARCH_ID=FG_DL_XX PSARCH_BATCHNUM=90 ROWS_DELETED=0 (TEST MODE???rolled back)
2025-12-26 05:11:10.099 TABLE=PS_PMT_DTL_H_XX PSARCH_ID=FG_DL_XX PSARCH_BATCHNUM=90 ROWS_DELETED=0 (TEST MODE???rolled back)
2025-12-26 05:11:10.120 TABLE=PS_PMT_INTRM_H_XX PSARCH_ID=FG_DL_XX PSARCH_BATCHNUM=90 ROWS_DELETED=0 (TEST MODE???rolled back)
2025-12-26 05:11:10.147 TABLE=PS_PMT_OTHID_H_XX PSARCH_ID=FG_DL_XX PSARCH_BATCHNUM=90 ROWS_DELETED=0 (TEST MODE???rolled back)
2025-12-26 05:11:10.183 TABLE=PS_PMT_UPARTY_H_XX PSARCH_ID=FG_DL_XX PSARCH_BATCHNUM=90 ROWS_DELETED=0 (TEST MODE???rolled back)
2025-12-26 05:11:10.246 TABLE=PS_PMT_OID_STG_HXX PSARCH_ID=FG_DL_XX PSARCH_BATCHNUM=90 ROWS_DELETED=0 (TEST MODE???rolled back)
2025-12-26 05:11:10.266 TABLE=PS_PMT_REF_H_XX PSARCH_ID=FG_DL_XX PSARCH_BATCHNUM=90 ROWS_DELETED=0 (TEST MODE???rolled back)
2025-12-26 05:11:10.287 TABLE=PS_PMT_REQ_LOG_HXX PSARCH_ID=FG_DL_XX PSARCH_BATCHNUM=90 ROWS_DELETED=0 (TEST MODE???rolled back)
2025-12-26 05:11:10.318 TABLE=PS_PMT_UPY_STG_HXX PSARCH_ID=FG_DL_XX PSARCH_BATCHNUM=90 ROWS_DELETED=0 (TEST MODE???rolled back)
2025-12-26 05:11:10.346 TABLE=PS_TR_EVNT_LOG_HXX PSARCH_ID=FG_ET_XX PSARCH_BATCHNUM=18 ROWS_DELETED=0 (TEST MODE???rolled back)
2025-12-26 05:11:10.375 TABLE=PS_PMT_FIL_DEF_HXX PSARCH_ID=FG_FE_XX PSARCH_BATCHNUM=22 ROWS_DELETED=0 (TEST MODE???rolled back)
2025-12-26 05:11:10.399 TABLE=PS_PMT_FIL_REF_HXX PSARCH_ID=FG_FE_XX PSARCH_BATCHNUM=22 ROWS_DELETED=0 (TEST MODE???rolled back)
2025-12-26 05:11:10.432 TABLE=PS_SNW_FILE_H_XX PSARCH_ID=FG_SF_XX PSARCH_BATCHNUM=20 ROWS_DELETED=0 (TEST MODE???rolled back)
2025-12-26 05:11:10.539 TABLE=PS_JRNL_CF_BAL_H PSARCH_ID=GL_JRLXX PSARCH_BATCHNUM=37 ERROR=ORA-30036: unable to extend segment by 128 in undo tablespace 'UNDOTBS1'
2025-12-26 05:11:10.650 TABLE=PS_JRNL_HDR_H PSARCH_ID=GL_JRLXX PSARCH_BATCHNUM=37 ERROR=ORA-30036: unable to extend segment by 128 in undo tablespace 'UNDOTBS1'
2025-12-26 05:11:10.666 TABLE=PS_JRNL_IUAC_H PSARCH_ID=GL_JRLXX PSARCH_BATCHNUM=37 ROWS_DELETED=0 (TEST MODE???rolled back)
2025-12-26 05:11:10.949 TABLE=PS_JRNL_LN_H PSARCH_ID=GL_JRLXX PSARCH_BATCHNUM=37 ERROR=ORA-30036: unable to extend segment by 128 in undo tablespace 'UNDOTBS1'
2025-12-26 05:11:11.070 TABLE=PS_JRNL_VAT_H PSARCH_ID=GL_JRLXX PSARCH_BATCHNUM=37 ROWS_DELETED=0 (TEST MODE???rolled back)
2025-12-26 05:11:11.157 TABLE=PS_GL_OITEM_H PSARCH_ID=GL_JRLXX PSARCH_BATCHNUM=37 ROWS_DELETED=0 (TEST MODE???rolled back)
2025-12-26 05:11:11.177 TABLE=PS_JRNL_CF_BAL_H PSARCH_ID=GL_JRLXX PSARCH_BATCHNUM=38 ERROR=ORA-30036: unable to extend segment by 128 in undo tablespace 'UNDOTBS1'
2025-12-26 05:11:11.194 TABLE=PS_JRNL_HDR_H PSARCH_ID=GL_JRLXX PSARCH_BATCHNUM=38 ERROR=ORA-30036: unable to extend segment by 128 in undo tablespace 'UNDOTBS1'
2025-12-26 05:11:11.194 TABLE=PS_JRNL_IUAC_H PSARCH_ID=GL_JRLXX PSARCH_BATCHNUM=38 ROWS_DELETED=0 (TEST MODE???rolled back)
2025-12-26 05:11:11.221 TABLE=PS_JRNL_LN_H PSARCH_ID=GL_JRLXX PSARCH_BATCHNUM=38 ERROR=ORA-30036: unable to extend segment by 128 in undo tablespace 'UNDOTBS1'
2025-12-26 05:11:11.221 TABLE=PS_JRNL_VAT_H PSARCH_ID=GL_JRLXX PSARCH_BATCHNUM=38 ROWS_DELETED=0 (TEST MODE???rolled back)
2025-12-26 05:11:11.221 TABLE=PS_GL_OITEM_H PSARCH_ID=GL_JRLXX PSARCH_BATCHNUM=38 ROWS_DELETED=0 (TEST MODE???rolled back)
2025-12-26 05:11:11.246 TABLE=PS_JRNL_CF_BAL_H PSARCH_ID=GL_JRLXX PSARCH_BATCHNUM=36 ERROR=ORA-30036: unable to extend segment by 128 in undo tablespace 'UNDOTBS1'
2025-12-26 05:11:11.268 TABLE=PS_JRNL_HDR_H PSARCH_ID=GL_JRLXX PSARCH_BATCHNUM=36 ERROR=ORA-30036: unable to extend segment by 128 in undo tablespace 'UNDOTBS1'
2025-12-26 05:11:11.268 TABLE=PS_JRNL_IUAC_H PSARCH_ID=GL_JRLXX PSARCH_BATCHNUM=36 ROWS_DELETED=0 (TEST MODE???rolled back)
2025-12-26 05:11:11.291 TABLE=PS_JRNL_LN_H PSARCH_ID=GL_JRLXX PSARCH_BATCHNUM=36 ERROR=ORA-30036: unable to extend segment by 128 in undo tablespace 'UNDOTBS1'
2025-12-26 05:11:11.292 TABLE=PS_JRNL_VAT_H PSARCH_ID=GL_JRLXX PSARCH_BATCHNUM=36 ROWS_DELETED=0 (TEST MODE???rolled back)
2025-12-26 05:11:11.292 TABLE=PS_GL_OITEM_H PSARCH_ID=GL_JRLXX PSARCH_BATCHNUM=36 ROWS_DELETED=0 (TEST MODE???rolled back)
2025-12-26 05:11:11.378 TABLE=PS_LEDGER_H PSARCH_ID=GL_LEDXX PSARCH_BATCHNUM=39 ERROR=ORA-30036: unable to extend segment by 128 in undo tablespace 'UNDOTBS1'
2025-12-26 05:11:11.394 TABLE=PS_LEDGER_H PSARCH_ID=GL_LEDXX PSARCH_BATCHNUM=41 ERROR=ORA-30036: unable to extend segment by 128 in undo tablespace 'UNDOTBS1'
2025-12-26 05:11:11.410 TABLE=PS_LEDGER_H PSARCH_ID=GL_LEDXX PSARCH_BATCHNUM=40 ERROR=ORA-30036: unable to extend segment by 128 in undo tablespace 'UNDOTBS1'
2025-12-26 05:11:11.499 TABLE=PS_PC_AMRULE_ACT_H PSARCH_ID=PC_01_XX PSARCH_BATCHNUM=15 ERROR=ORA-30036: unable to extend segment by 128 in undo tablespace 'UNDOTBS1'
2025-12-26 05:11:11.549 TABLE=PS_PCX0015_ERRXX_H PSARCH_ID=PC_04_XX PSARCH_BATCHNUM=46 ROWS_DELETED=0 (TEST MODE???rolled back)
2025-12-26 05:11:11.614 TABLE=PS_PC_ACT_SUM_H PSARCH_ID=PC_01_XX PSARCH_BATCHNUM=15 ERROR=ORA-30036: unable to extend segment by 128 in undo tablespace 'UNDOTBS1'
2025-12-26 05:11:11.679 TABLE=PS_PC_ACT_IN_USE_H PSARCH_ID=PC_01_XX PSARCH_BATCHNUM=15 ERROR=ORA-30036: unable to extend segment by 128 in undo tablespace 'UNDOTBS1'
2025-12-26 05:11:11.694 TABLE=PS_PC_BITOPC_SUM_H PSARCH_ID=PC_01_XX PSARCH_BATCHNUM=15 ROWS_DELETED=0 (TEST MODE???rolled back)
2025-12-26 05:11:11.703 TABLE=PS_PC_BUD_ACT_H PSARCH_ID=PC_01_XX PSARCH_BATCHNUM=15 ROWS_DELETED=0 (TEST MODE???rolled back)
2025-12-26 05:11:11.713 TABLE=PS_PC_BUD_ALERT_H PSARCH_ID=PC_01_XX PSARCH_BATCHNUM=15 ROWS_DELETED=0 (TEST MODE???rolled back)
2025-12-26 05:11:11.735 TABLE=PS_PC_BUD_DETAIL_H PSARCH_ID=PC_01_XX PSARCH_BATCHNUM=15 ROWS_DELETED=0 (TEST MODE???rolled back)
2025-12-26 05:11:11.765 TABLE=PS_PC_BUD_DETLXX_H PSARCH_ID=PC_01_XX PSARCH_BATCHNUM=15 ROWS_DELETED=0 (TEST MODE???rolled back)
2025-12-26 05:11:11.801 TABLE=PS_PC_BUD_DTL_XX_H PSARCH_ID=PC_01_XX PSARCH_BATCHNUM=15 ROWS_DELETED=0 (TEST MODE???rolled back)
2025-12-26 05:11:11.826 TABLE=PS_PC_BUD_ITEM_H PSARCH_ID=PC_01_XX PSARCH_BATCHNUM=15 ROWS_DELETED=0 (TEST MODE???rolled back)
2025-12-26 05:11:11.839 TABLE=PS_PC_BUD_ITEMXX_H PSARCH_ID=PC_01_XX PSARCH_BATCHNUM=15 ROWS_DELETED=0 (TEST MODE???rolled back)
2025-12-26 05:11:11.859 TABLE=PS_PC_BUD_ITM_XX_H PSARCH_ID=PC_01_XX PSARCH_BATCHNUM=15 ROWS_DELETED=0 (TEST MODE???rolled back)
2025-12-26 05:11:11.874 TABLE=PS_PC_BUD_PLAN_H PSARCH_ID=PC_01_XX PSARCH_BATCHNUM=15 ROWS_DELETED=0 (TEST MODE???rolled back)
2025-12-26 05:11:11.887 TABLE=PS_PC_BUD_PLN_XX_H PSARCH_ID=PC_01_XX PSARCH_BATCHNUM=15 ROWS_DELETED=0 (TEST MODE???rolled back)
2025-12-26 05:11:11.911 TABLE=PS_PC_BUD_SUMRY_H PSARCH_ID=PC_01_XX PSARCH_BATCHNUM=15 ROWS_DELETED=0 (TEST MODE???rolled back)
2025-12-26 05:11:11.960 TABLE=PS_PC_BUD_SUM_XX_H PSARCH_ID=PC_01_XX PSARCH_BATCHNUM=15 ROWS_DELETED=0 (TEST MODE???rolled back)
2025-12-26 05:11:11.984 TABLE=PS_PC_CHC_INFO_H PSARCH_ID=PC_01_XX PSARCH_BATCHNUM=15 ROWS_DELETED=0 (TEST MODE???rolled back)
2025-12-26 05:11:12.019 TABLE=PS_PC_CHCINFO_XX_H PSARCH_ID=PC_01_XX PSARCH_BATCHNUM=15 ROWS_DELETED=0 (TEST MODE???rolled back)
2025-12-26 05:11:12.029 TABLE=PS_PC_CMPRREPXX_H PSARCH_ID=PC_01_XX PSARCH_BATCHNUM=15 ROWS_DELETED=0 (TEST MODE???rolled back)
2025-12-26 05:11:12.048 TABLE=PS_PC_CMPRSTG_XX_H PSARCH_ID=PC_01_XX PSARCH_BATCHNUM=15 ROWS_DELETED=0 (TEST MODE???rolled back)
2025-12-26 05:11:12.064 TABLE=PS_PC_DELUTIL_RC_H PSARCH_ID=PC_01_XX PSARCH_BATCHNUM=15 ROWS_DELETED=0 (TEST MODE???rolled back)
2025-12-26 05:11:12.120 TABLE=PS_PC_EMPPROJ_TM_H PSARCH_ID=PC_01_XX PSARCH_BATCHNUM=15 ERROR=ORA-30036: unable to extend segment by 128 in undo tablespace 'UNDOTBS1'
2025-12-26 05:11:13.357 TABLE=PS_PC_EMP_RES_TM_H PSARCH_ID=PC_01_XX PSARCH_BATCHNUM=15 ROWS_DELETED=68663 (TEST MODE???rolled back)
2025-12-26 05:11:14.101 TABLE=PS_PC_OPIDPRJACT_H PSARCH_ID=PC_01_XX PSARCH_BATCHNUM=15 ROWS_DELETED=1 (TEST MODE???rolled back)
2025-12-26 05:11:14.111 TABLE=PS_PC_OPIDPRJREM_H PSARCH_ID=PC_01_XX PSARCH_BATCHNUM=15 ROWS_DELETED=0 (TEST MODE???rolled back)
2025-12-26 05:11:14.123 TABLE=PS_PC_PICSTS_TBL_H PSARCH_ID=PC_01_XX PSARCH_BATCHNUM=15 ROWS_DELETED=0 (TEST MODE???rolled back)
2025-12-26 05:11:14.133 TABLE=PS_PC_PRICE_RATE_H PSARCH_ID=PC_01_XX PSARCH_BATCHNUM=15 ROWS_DELETED=0 (TEST MODE???rolled back)
2025-12-26 05:11:14.271 TABLE=PS_PC_PROJECT_XX_H PSARCH_ID=PC_01_XX PSARCH_BATCHNUM=15 ROWS_DELETED=8906 (TEST MODE???rolled back)
2025-12-26 05:11:15.057 TABLE=PS_PC_PROJHEALTH_H PSARCH_ID=PC_01_XX PSARCH_BATCHNUM=15 ROWS_DELETED=62433 (TEST MODE???rolled back)
2025-12-26 05:11:15.907 TABLE=PS_PC_PRJ_ACT_XX_H PSARCH_ID=PC_01_XX PSARCH_BATCHNUM=15 ERROR=ORA-30036: unable to extend segment by 128 in undo tablespace 'UNDOTBS1'
2025-12-26 05:11:16.000 TABLE=PS_PC_PRJ_BRDNXX_H PSARCH_ID=PC_01_XX PSARCH_BATCHNUM=15 ERROR=ORA-30036: unable to extend segment by 128 in undo tablespace 'UNDOTBS1'
2025-12-26 05:11:16.044 TABLE=PS_PC_COM_HD_XX_H PSARCH_ID=PC_01_XX PSARCH_BATCHNUM=15 ERROR=ORA-30036: unable to extend segment by 128 in undo tablespace 'UNDOTBS1'
2025-12-26 05:11:16.089 TABLE=PS_PC_COM_LN_XX_H PSARCH_ID=PC_01_XX PSARCH_BATCHNUM=15 ERROR=ORA-30036: unable to extend segment by 128 in undo tablespace 'UNDOTBS1'
2025-12-26 05:11:16.110 TABLE=PS_PC_POREF_XX_H PSARCH_ID=PC_01_XX PSARCH_BATCHNUM=15 ROWS_DELETED=0 (TEST MODE???rolled back)
2025-12-26 05:11:16.143 TABLE=PS_PC_RPO_H PSARCH_ID=PC_01_XX PSARCH_BATCHNUM=15 ROWS_DELETED=0 (TEST MODE???rolled back)
2025-12-26 05:11:16.164 TABLE=PS_PC_VP_REVIEW_H PSARCH_ID=PC_01_XX PSARCH_BATCHNUM=15 ROWS_DELETED=0 (TEST MODE???rolled back)
2025-12-26 05:11:16.177 TABLE=PS_PM_ACT_STG_XX_H PSARCH_ID=PC_01_XX PSARCH_BATCHNUM=15 ROWS_DELETED=0 (TEST MODE???rolled back)
2025-12-26 05:11:16.190 TABLE=PS_PM_RES_STG_XX_H PSARCH_ID=PC_01_XX PSARCH_BATCHNUM=15 ROWS_DELETED=0 (TEST MODE???rolled back)
2025-12-26 05:11:16.226 TABLE=PS_PM_SPRASGN_XX_H PSARCH_ID=PC_01_XX PSARCH_BATCHNUM=15 ROWS_DELETED=0 (TEST MODE???rolled back)
2025-12-26 05:11:16.257 TABLE=PS_PM_SPRBRDN_XX_H PSARCH_ID=PC_01_XX PSARCH_BATCHNUM=15 ROWS_DELETED=0 (TEST MODE???rolled back)
2025-12-26 05:11:16.295 TABLE=PS_PM_SPRCMSN_XX_H PSARCH_ID=PC_01_XX PSARCH_BATCHNUM=15 ROWS_DELETED=0 (TEST MODE???rolled back)
2025-12-26 05:11:16.333 TABLE=PS_PM_SPRCUST_XX_H PSARCH_ID=PC_01_XX PSARCH_BATCHNUM=15 ROWS_DELETED=0 (TEST MODE???rolled back)
2025-12-26 05:11:16.361 TABLE=PS_PM_SPR_STG_XX_H PSARCH_ID=PC_01_XX PSARCH_BATCHNUM=15 ROWS_DELETED=0 (TEST MODE???rolled back)
2025-12-26 05:11:16.396 TABLE=PS_PM_SPRXREF_XX_H PSARCH_ID=PC_01_XX PSARCH_BATCHNUM=15 ROWS_DELETED=0 (TEST MODE???rolled back)
2025-12-26 05:11:16.410 TABLE=PS_PRJ_RESTMP_XX_H PSARCH_ID=PC_01_XX PSARCH_BATCHNUM=15 ROWS_DELETED=0 (TEST MODE???rolled back)
2025-12-26 05:11:16.439 TABLE=PS_PRJSPRDEXT_XX_H PSARCH_ID=PC_01_XX PSARCH_BATCHNUM=15 ROWS_DELETED=0 (TEST MODE???rolled back)
2025-12-26 05:11:16.480 TABLE=PS_PRJ_TMACTDTXX_H PSARCH_ID=PC_01_XX PSARCH_BATCHNUM=15 ROWS_DELETED=0 (TEST MODE???rolled back)
2025-12-26 05:11:16.544 TABLE=PS_PROJECT_H PSARCH_ID=PC_01_XX PSARCH_BATCHNUM=15 ERROR=ORA-30036: unable to extend segment by 128 in undo tablespace 'UNDOTBS1'
2025-12-26 05:11:16.785 TABLE=PS_PROJECT_DESCR_H PSARCH_ID=PC_01_XX PSARCH_BATCHNUM=15 ROWS_DELETED=5392 (TEST MODE???rolled back)
2025-12-26 05:11:16.965 TABLE=PS_PROJECT_MGR_H PSARCH_ID=PC_01_XX PSARCH_BATCHNUM=15 ERROR=ORA-30036: unable to extend segment by 128 in undo tablespace 'UNDOTBS1'
2025-12-26 05:11:16.982 TABLE=PS_PROJECT_SCHED_H PSARCH_ID=PC_01_XX PSARCH_BATCHNUM=15 ROWS_DELETED=0 (TEST MODE???rolled back)
2025-12-26 05:11:16.999 TABLE=PS_PROJECT_SD_H PSARCH_ID=PC_01_XX PSARCH_BATCHNUM=15 ROWS_DELETED=0 (TEST MODE???rolled back)
2025-12-26 05:11:17.064 TABLE=PS_PROJ_STATUS_H PSARCH_ID=PC_01_XX PSARCH_BATCHNUM=15 ERROR=ORA-30036: unable to extend segment by 128 in undo tablespace 'UNDOTBS1'
2025-12-26 05:11:17.118 TABLE=PS_PROJECT_TEAM_H PSARCH_ID=PC_01_XX PSARCH_BATCHNUM=15 ERROR=ORA-30036: unable to extend segment by 128 in undo tablespace 'UNDOTBS1'
2025-12-26 05:11:17.165 TABLE=PS_PROJECT_XX_H PSARCH_ID=PC_01_XX PSARCH_BATCHNUM=15 ERROR=ORA-30036: unable to extend segment by 128 in undo tablespace 'UNDOTBS1'
2025-12-26 05:11:17.217 TABLE=PS_PROJ_ACTIVITY_H PSARCH_ID=PC_01_XX PSARCH_BATCHNUM=15 ERROR=ORA-30036: unable to extend segment by 128 in undo tablespace 'UNDOTBS1'
2025-12-26 05:11:17.250 TABLE=PS_PROJ_ACT_DESC_H PSARCH_ID=PC_01_XX PSARCH_BATCHNUM=15 ERROR=ORA-30036: unable to extend segment by 128 in undo tablespace 'UNDOTBS1'
2025-12-26 05:11:17.279 TABLE=PS_PROJ_ACT_LOC_H PSARCH_ID=PC_01_XX PSARCH_BATCHNUM=15 ERROR=ORA-30036: unable to extend segment by 128 in undo tablespace 'UNDOTBS1'
2025-12-26 05:11:17.343 TABLE=PS_PROJ_ACT_STAT_H PSARCH_ID=PC_01_XX PSARCH_BATCHNUM=15 ERROR=ORA-30036: unable to extend segment by 128 in undo tablespace 'UNDOTBS1'
2025-12-26 05:11:17.386 TABLE=PS_PROJ_ACT_TEAM_H PSARCH_ID=PC_01_XX PSARCH_BATCHNUM=15 ROWS_DELETED=0 (TEST MODE???rolled back)
2025-12-26 05:11:17.400 TABLE=PS_PROJ_ACT_XX_H PSARCH_ID=PC_01_XX PSARCH_BATCHNUM=15 ROWS_DELETED=0 (TEST MODE???rolled back)
2025-12-26 05:11:17.415 TABLE=PS_PROJ_APPROVAL_H PSARCH_ID=PC_01_XX PSARCH_BATCHNUM=15 ROWS_DELETED=0 (TEST MODE???rolled back)
2025-12-26 05:11:17.464 TABLE=PS_PROJ_BIL_INFO_H PSARCH_ID=PC_01_XX PSARCH_BATCHNUM=15 ERROR=ORA-30036: unable to extend segment by 128 in undo tablespace 'UNDOTBS1'
2025-12-26 05:11:17.478 TABLE=PS_PROJ_DOCUMENT_H PSARCH_ID=PC_01_XX PSARCH_BATCHNUM=15 ROWS_DELETED=0 (TEST MODE???rolled back)
2025-12-26 05:11:17.490 TABLE=PS_PROJ_EV_APPRV_H PSARCH_ID=PC_01_XX PSARCH_BATCHNUM=15 ROWS_DELETED=0 (TEST MODE???rolled back)
2025-12-26 05:11:17.503 TABLE=PS_PROJ_JUSTIFY_H PSARCH_ID=PC_01_XX PSARCH_BATCHNUM=15 ROWS_DELETED=0 (TEST MODE???rolled back)
2025-12-26 05:11:17.516 TABLE=PS_PROJ_LOCATION_H PSARCH_ID=PC_01_XX PSARCH_BATCHNUM=15 ROWS_DELETED=0 (TEST MODE???rolled back)
2025-12-26 05:11:17.529 TABLE=PS_PROJ_QUALITY_H PSARCH_ID=PC_01_XX PSARCH_BATCHNUM=15 ROWS_DELETED=0 (TEST MODE???rolled back)
2025-12-26 05:11:17.722 TABLE=PS_PROJ_RESOURCE_H PSARCH_ID=PC_01_XX PSARCH_BATCHNUM=15 ERROR=ORA-30036: unable to extend segment by 128 in undo tablespace 'UNDOTBS1'
2025-12-26 05:11:17.771 TABLE=PS_PROJ_RES_DELT_H PSARCH_ID=PC_01_XX PSARCH_BATCHNUM=15 ROWS_DELETED=0 (TEST MODE???rolled back)
2025-12-26 05:11:17.813 TABLE=PS_PROJ_RSCTMPXX_H PSARCH_ID=PC_01_XX PSARCH_BATCHNUM=15 ROWS_DELETED=0 (TEST MODE???rolled back)
2025-12-26 05:11:17.846 TABLE=PS_PROJ_SPRD_XX_H PSARCH_ID=PC_01_XX PSARCH_BATCHNUM=15 ROWS_DELETED=0 (TEST MODE???rolled back)
2025-12-26 05:11:17.902 TABLE=PS_PROJ_TM_SCHED_H PSARCH_ID=PC_01_XX PSARCH_BATCHNUM=15 ERROR=ORA-30036: unable to extend segment by 128 in undo tablespace 'UNDOTBS1'
2025-12-26 05:11:17.921 TABLE=PS_PROJ_TEAMSVXX_H PSARCH_ID=PC_01_XX PSARCH_BATCHNUM=15 ROWS_DELETED=0 (TEST MODE???rolled back)
2025-12-26 05:11:17.973 TABLE=PS_PSA_ORGPRJ_DF_H PSARCH_ID=PC_01_XX PSARCH_BATCHNUM=15 ERROR=ORA-30036: unable to extend segment by 128 in undo tablespace 'UNDOTBS1'
2025-12-26 05:11:18.016 TABLE=PS_TL_RTS_ACT_XX_H PSARCH_ID=PC_01_XX PSARCH_BATCHNUM=15 ROWS_DELETED=0 (TEST MODE???rolled back)
2025-12-26 05:11:18.052 TABLE=PS_TL_RTS_PRJ_XX_H PSARCH_ID=PC_01_XX PSARCH_BATCHNUM=15 ROWS_DELETED=0 (TEST MODE???rolled back)
2025-12-26 05:11:18.083 TABLE=PS_TL_RTS_TRC_XX_H PSARCH_ID=PC_01_XX PSARCH_BATCHNUM=15 ROWS_DELETED=0 (TEST MODE???rolled back)
2025-12-26 05:11:18.124 TABLE=PS_INTF_PROJ_RES_H PSARCH_ID=PC_01_XX PSARCH_BATCHNUM=15 ROWS_DELETED=0 (TEST MODE???rolled back)
2025-12-26 05:11:18.180 TABLE=PS_PC_AMRULE_PRJ_H PSARCH_ID=PC_01_XX PSARCH_BATCHNUM=15 ERROR=ORA-30036: unable to extend segment by 128 in undo tablespace 'UNDOTBS1'
2025-12-26 05:11:18.207 TABLE=PS_INT_PRJACT_XX_H PSARCH_ID=PC_02_XX PSARCH_BATCHNUM=44 ROWS_DELETED=0 (TEST MODE???rolled back)
2025-12-26 05:11:18.232 TABLE=PS_PC_CMACCTLNXX_H PSARCH_ID=PC_03_XX PSARCH_BATCHNUM=45 ROWS_DELETED=0 (TEST MODE???rolled back)
2025-12-26 05:11:18.276 TABLE=PS_PC_INTFCSTGXX_H PSARCH_ID=PC_05_XX PSARCH_BATCHNUM=47 ROWS_DELETED=0 (TEST MODE???rolled back)
2025-12-26 05:11:18.288 TABLE=PS_PC_UPLD_CI_XX_H PSARCH_ID=PC_06_XX PSARCH_BATCHNUM=48 ROWS_DELETED=0 (TEST MODE???rolled back)
2025-12-26 05:11:18.301 TABLE=PS_PCX0013_ERRXX_H PSARCH_ID=PC_07_XX PSARCH_BATCHNUM=49 ROWS_DELETED=0 (TEST MODE???rolled back)
2025-12-26 05:11:18.315 TABLE=PS_PC_UB_FDET_XX_H PSARCH_ID=PC_08_XX PSARCH_BATCHNUM=50 ROWS_DELETED=0 (TEST MODE???rolled back)
2025-12-26 05:11:18.326 TABLE=PS_PC_UB_PO_XX_H PSARCH_ID=PC_09_XX PSARCH_BATCHNUM=67 ROWS_DELETED=0 (TEST MODE???rolled back)
2025-12-26 05:11:18.359 TABLE=PS_PC_GLTOPC_SUM_H PSARCH_ID=PC_10_XX PSARCH_BATCHNUM=51 ROWS_DELETED=0 (TEST MODE???rolled back)
2025-12-26 05:11:18.401 TABLE=PS_PC_APTOPC_SUM_H PSARCH_ID=PC_11_XX PSARCH_BATCHNUM=52 ERROR=ORA-30036: unable to extend segment by 128 in undo tablespace 'UNDOTBS1'
2025-12-26 05:11:18.416 TABLE=PS_PC_EXTOPC_SUM_H PSARCH_ID=PC_12_XX PSARCH_BATCHNUM=53 ROWS_DELETED=0 (TEST MODE???rolled back)
2025-12-26 05:11:18.434 TABLE=PS_PGM_MROVRLD_HXX PSARCH_ID=PGM_MOXX PSARCH_BATCHNUM=77 ROWS_DELETED=0 (TEST MODE???rolled back)
2025-12-26 05:11:18.450 TABLE=PS_PGM_CONVST1_XXH PSARCH_ID=PGMST1XX PSARCH_BATCHNUM=61 ROWS_DELETED=0 (TEST MODE???rolled back)
2025-12-26 05:11:18.464 TABLE=PS_PGM_CONVST2_XXH PSARCH_ID=PGMST2XX PSARCH_BATCHNUM=79 ROWS_DELETED=0 (TEST MODE???rolled back)
2025-12-26 05:11:18.503 TABLE=PS_PGM_MRHGRID_HXX PSARCH_ID=PGM_MHXX PSARCH_BATCHNUM=60 ROWS_DELETED=0 (TEST MODE???rolled back)
2025-12-26 05:11:18.524 TABLE=PS_PGM_PRLQLNT_HXX PSARCH_ID=PGM_PRXX PSARCH_BATCHNUM=59 ROWS_DELETED=0 (TEST MODE???rolled back)
2025-12-26 05:11:18.538 TABLE=PS_PGM_WRKLDST_HXX PSARCH_ID=PGM_WDXX PSARCH_BATCHNUM=78 ROWS_DELETED=0 (TEST MODE???rolled back)
2025-12-26 05:11:18.568 TABLE=PS_CDMLISTHIS_H_XX PSARCH_ID=PRCS_XX PSARCH_BATCHNUM=14 ROWS_DELETED=0 (TEST MODE???rolled back)
2025-12-26 05:11:18.579 TABLE=PS_PRCJOBSTAT_H_XX PSARCH_ID=PRCS_XX PSARCH_BATCHNUM=14 ROWS_DELETED=0 (TEST MODE???rolled back)
2025-12-26 05:11:18.646 TABLE=PS_PRCPARMHIS_H_XX PSARCH_ID=PRCS_XX PSARCH_BATCHNUM=14 ERROR=ORA-30036: unable to extend segment by 128 in undo tablespace 'UNDOTBS1'
2025-12-26 05:11:18.701 TABLE=PS_PRCQUEHIST_H_XX PSARCH_ID=PRCS_XX PSARCH_BATCHNUM=14 ERROR=ORA-30036: unable to extend segment by 128 in undo tablespace 'UNDOTBS1'
2025-12-26 05:11:18.718 TABLE=PS_CDMAUTHIST_H_XX PSARCH_ID=PRCS_XX PSARCH_BATCHNUM=14 ROWS_DELETED=0 (TEST MODE???rolled back)
2025-12-26 05:11:18.764 TABLE=PS_CDMFILELIS_H_XX PSARCH_ID=PRCS_XX PSARCH_BATCHNUM=14 ERROR=ORA-30036: unable to extend segment by 128 in undo tablespace 'UNDOTBS1'
2025-12-26 05:11:18.798 TABLE=PS_PRCDISTHIS_H_XX PSARCH_ID=PRCS_XX PSARCH_BATCHNUM=14 ERROR=ORA-30036: unable to extend segment by 128 in undo tablespace 'UNDOTBS1'
2025-12-26 05:11:18.816 TABLE=PS_PRCRQSTFLE_H_XX PSARCH_ID=PRCS_XX PSARCH_BATCHNUM=14 ROWS_DELETED=0 (TEST MODE???rolled back)
2025-12-26 05:11:18.861 TABLE=PS_PRCRQSTHIS_H_XX PSARCH_ID=PRCS_XX PSARCH_BATCHNUM=14 ERROR=ORA-30036: unable to extend segment by 128 in undo tablespace 'UNDOTBS1'
2025-12-26 05:11:18.895 TABLE=PS_PRCRQSTSTR_H_XX PSARCH_ID=PRCS_XX PSARCH_BATCHNUM=14 ERROR=ORA-30036: unable to extend segment by 128 in undo tablespace 'UNDOTBS1'
2025-12-26 05:11:18.929 TABLE=PS_PRCTEXTHIS_H_XX PSARCH_ID=PRCS_XX PSARCH_BATCHNUM=14 ERROR=ORA-30036: unable to extend segment by 128 in undo tablespace 'UNDOTBS1'
2025-12-26 05:11:18.961 TABLE=PS_PRCTXFRHIS_H_XX PSARCH_ID=PRCS_XX PSARCH_BATCHNUM=14 ROWS_DELETED=0 (TEST MODE???rolled back)
2025-12-26 05:11:18.974 TABLE=PS_GM_BUD_HDR_HXX PSARCH_ID=PRMGT_XX PSARCH_BATCHNUM=62 ROWS_DELETED=0 (TEST MODE???rolled back)
2025-12-26 05:11:18.986 TABLE=PS_GM_BUDHDRXX_HXX PSARCH_ID=PRMGT_XX PSARCH_BATCHNUM=62 ROWS_DELETED=0 (TEST MODE???rolled back)
2025-12-26 05:11:19.002 TABLE=PS_GM_BUD_LNSM_HXX PSARCH_ID=PRMGT_XX PSARCH_BATCHNUM=62 ROWS_DELETED=0 (TEST MODE???rolled back)
2025-12-26 05:11:19.018 TABLE=PS_GM_BUD_PERD_HXX PSARCH_ID=PRMGT_XX PSARCH_BATCHNUM=62 ROWS_DELETED=0 (TEST MODE???rolled back)
2025-12-26 05:11:19.035 TABLE=PS_GM_OPDTTMXX_HXX PSARCH_ID=PRMGT_XX PSARCH_BATCHNUM=62 ROWS_DELETED=0 (TEST MODE???rolled back)
2025-12-26 05:11:19.057 TABLE=PS_GM_OPTYDTTM_HXX PSARCH_ID=PRMGT_XX PSARCH_BATCHNUM=62 ROWS_DELETED=0 (TEST MODE???rolled back)
2025-12-26 05:11:19.074 TABLE=PS_GM_PMDTRSC_HXX PSARCH_ID=PRMGT_XX PSARCH_BATCHNUM=62 ROWS_DELETED=0 (TEST MODE???rolled back)
2025-12-26 05:11:19.102 TABLE=PS_GM_PROPOSAL_HXX PSARCH_ID=PRMGT_XX PSARCH_BATCHNUM=62 ROWS_DELETED=0 (TEST MODE???rolled back)
2025-12-26 05:11:19.117 TABLE=PS_GM_PROPCHXX_HXX PSARCH_ID=PRMGT_XX PSARCH_BATCHNUM=62 ROWS_DELETED=0 (TEST MODE???rolled back)
2025-12-26 05:11:19.131 TABLE=PS_GM_PROPCMMT_HXX PSARCH_ID=PRMGT_XX PSARCH_BATCHNUM=62 ROWS_DELETED=0 (TEST MODE???rolled back)
2025-12-26 05:11:19.147 TABLE=PS_GM_PROP_PRJ_HXX PSARCH_ID=PRMGT_XX PSARCH_BATCHNUM=62 ROWS_DELETED=0 (TEST MODE???rolled back)
2025-12-26 05:11:19.161 TABLE=PS_GM_PROPRJXX_HXX PSARCH_ID=PRMGT_XX PSARCH_BATCHNUM=62 ROWS_DELETED=0 (TEST MODE???rolled back)
2025-12-26 05:11:19.176 TABLE=PS_GM_PROP_XX_HXX PSARCH_ID=PRMGT_XX PSARCH_BATCHNUM=62 ROWS_DELETED=0 (TEST MODE???rolled back)
2025-12-26 05:11:19.201 TABLE=PS_COMPNSTION_H_XX PSARCH_ID=PSPDA_XX PSARCH_BATCHNUM=66 ROWS_DELETED=0 (TEST MODE???rolled back)
2025-12-26 05:11:19.297 TABLE=PS_AP_PYMT_AUD_ARC PSARCH_ID=PMTAUDXX PSARCH_BATCHNUM=95 ROWS_DELETED=0 (TEST MODE???rolled back)
2025-12-26 05:11:19.334 TABLE=PS_TE_EMP_HDR_H_XX PSARCH_ID=PSHDR_XX PSARCH_BATCHNUM=81 ROWS_DELETED=0 (TEST MODE???rolled back)
2025-12-26 05:11:19.366 TABLE=PS_TE_EMP_OBU_H_XX PSARCH_ID=PSHDR_XX PSARCH_BATCHNUM=81 ROWS_DELETED=0 (TEST MODE???rolled back)
2025-12-26 05:11:19.397 TABLE=PS_TE_EMP_UP_H_XX PSARCH_ID=PSHDR_XX PSARCH_BATCHNUM=81 ROWS_DELETED=0 (TEST MODE???rolled back)
2025-12-26 05:11:19.424 TABLE=PS_BEN_PRGPRTC_HXX PSARCH_ID=PSPDA_XX PSARCH_BATCHNUM=66 ROWS_DELETED=0 (TEST MODE???rolled back)
2025-12-26 05:11:19.453 TABLE=PS_EMAILADRS_H_XX PSARCH_ID=PSPDA_XX PSARCH_BATCHNUM=66 ROWS_DELETED=0 (TEST MODE???rolled back)
2025-12-26 05:11:19.478 TABLE=PS_EMPLOYMENT_H_XX PSARCH_ID=PSPDA_XX PSARCH_BATCHNUM=66 ROWS_DELETED=0 (TEST MODE???rolled back)
2025-12-26 05:11:19.519 TABLE=PS_JOB_H_XX PSARCH_ID=PSPDA_XX PSARCH_BATCHNUM=66 ROWS_DELETED=0 (TEST MODE???rolled back)
2025-12-26 05:11:19.541 TABLE=PS_JOB_XX_H_XX PSARCH_ID=PSPDA_XX PSARCH_BATCHNUM=66 ROWS_DELETED=0 (TEST MODE???rolled back)
2025-12-26 05:11:19.567 TABLE=PS_PERSONALDA_H_XX PSARCH_ID=PSPDA_XX PSARCH_BATCHNUM=66 ROWS_DELETED=0 (TEST MODE???rolled back)
2025-12-26 05:11:19.613 TABLE=PS_PERSONALPH_H_XX PSARCH_ID=PSPDA_XX PSARCH_BATCHNUM=66 ROWS_DELETED=0 (TEST MODE???rolled back)
2025-12-26 05:11:19.636 TABLE=PS_PERSDATAEF_H_XX PSARCH_ID=PSPDA_XX PSARCH_BATCHNUM=66 ROWS_DELETED=0 (TEST MODE???rolled back)
2025-12-26 05:11:19.667 TABLE=PS_PERS_NID_H_XX PSARCH_ID=PSPDA_XX PSARCH_BATCHNUM=66 ROWS_DELETED=0 (TEST MODE???rolled back)
2025-12-26 05:11:19.680 TABLE=PS_PURGEDATA_H_XX PSARCH_ID=PSPUR_XX PSARCH_BATCHNUM=80 ROWS_DELETED=0 (TEST MODE???rolled back)
2025-12-26 05:11:19.696 TABLE=PS_INV_ITEMS_H_XX PSARCH_ID=PURITMXX PSARCH_BATCHNUM=12 ROWS_DELETED=0 (TEST MODE???rolled back)
2025-12-26 05:11:19.715 TABLE=PS_CMMTS_TBL_H_XX PSARCH_ID=PURCMTXX PSARCH_BATCHNUM=71 ROWS_DELETED=0 (TEST MODE???rolled back)
2025-12-26 05:11:19.734 TABLE=PS_COMMENT_TBL_HXX PSARCH_ID=PURCMTXX PSARCH_BATCHNUM=71 ROWS_DELETED=0 (TEST MODE???rolled back)
2025-12-26 05:11:19.746 TABLE=PS_ASET_ITMATR_HXX PSARCH_ID=PURITMXX PSARCH_BATCHNUM=12 ROWS_DELETED=0 (TEST MODE???rolled back)
2025-12-26 05:11:19.761 TABLE=PS_INV_ITEMUOM_HXX PSARCH_ID=PURITMXX PSARCH_BATCHNUM=12 ROWS_DELETED=0 (TEST MODE???rolled back)
2025-12-26 05:11:19.773 TABLE=PS_ITM_VENDOR_H_XX PSARCH_ID=PURITMXX PSARCH_BATCHNUM=12 ROWS_DELETED=0 (TEST MODE???rolled back)
2025-12-26 05:11:19.795 TABLE=PS_MSTR_ITMTBL_HXX PSARCH_ID=PURITMXX PSARCH_BATCHNUM=12 ROWS_DELETED=0 (TEST MODE???rolled back)
2025-12-26 05:11:19.811 TABLE=PS_PURCH_ITMBU_HXX PSARCH_ID=PURITMXX PSARCH_BATCHNUM=12 ROWS_DELETED=0 (TEST MODE???rolled back)
2025-12-26 05:11:19.830 TABLE=PS_PURC_ITMATR_HXX PSARCH_ID=PURITMXX PSARCH_BATCHNUM=12 ROWS_DELETED=0 (TEST MODE???rolled back)
2025-12-26 05:11:19.841 TABLE=PS_INV_ITM_PHT_HXX PSARCH_ID=PURITMXX PSARCH_BATCHNUM=12 ROWS_DELETED=0 (TEST MODE???rolled back)
2025-12-26 05:11:19.851 TABLE=PS_CNTR_RLSTBL_HXX PSARCH_ID=PUR_CTXX PSARCH_BATCHNUM=11 ROWS_DELETED=0 (TEST MODE???rolled back)
2025-12-26 05:11:19.881 TABLE=PS_CNTR_BUDSTB_HXX PSARCH_ID=PUR_CTXX PSARCH_BATCHNUM=11 ERROR=ORA-30036: unable to extend segment by 128 in undo tablespace 'UNDOTBS1'
2025-12-26 05:11:19.908 TABLE=PS_CNTRCT_DFLT_HXX PSARCH_ID=PUR_CTXX PSARCH_BATCHNUM=11 ERROR=ORA-30036: unable to extend segment by 128 in undo tablespace 'UNDOTBS1'
2025-12-26 05:11:19.939 TABLE=PS_CNTRCT_DSTB_HXX PSARCH_ID=PUR_CTXX PSARCH_BATCHNUM=11 ERROR=ORA-30036: unable to extend segment by 128 in undo tablespace 'UNDOTBS1'
2025-12-26 05:11:19.955 TABLE=PS_CNTR_EVTVCH_HXX PSARCH_ID=PUR_CTXX PSARCH_BATCHNUM=11 ROWS_DELETED=0 (TEST MODE???rolled back)
2025-12-26 05:11:19.983 TABLE=PS_CNTRCT_HDR_H_XX PSARCH_ID=PUR_CTXX PSARCH_BATCHNUM=11 ERROR=ORA-30036: unable to extend segment by 128 in undo tablespace 'UNDOTBS1'
2025-12-26 05:11:20.008 TABLE=PS_CNTR_HDRRLS_HXX PSARCH_ID=PUR_CTXX PSARCH_BATCHNUM=11 ERROR=ORA-30036: unable to extend segment by 128 in undo tablespace 'UNDOTBS1'
2025-12-26 05:11:20.037 TABLE=PS_CNTRCT_LN_H_XX PSARCH_ID=PUR_CTXX PSARCH_BATCHNUM=11 ERROR=ORA-30036: unable to extend segment by 128 in undo tablespace 'UNDOTBS1'
2025-12-26 05:11:20.050 TABLE=PS_CNTR_LN_UOM_HXX PSARCH_ID=PUR_CTXX PSARCH_BATCHNUM=11 ROWS_DELETED=0 (TEST MODE???rolled back)
2025-12-26 05:11:20.079 TABLE=PS_CNTR_LNRLS_HXX PSARCH_ID=PUR_CTXX PSARCH_BATCHNUM=11 ERROR=ORA-30036: unable to extend segment by 128 in undo tablespace 'UNDOTBS1'
2025-12-26 05:11:20.091 TABLE=PS_CNTRCT_MLST_HXX PSARCH_ID=PUR_CTXX PSARCH_BATCHNUM=11 ROWS_DELETED=0 (TEST MODE???rolled back)
2025-12-26 05:11:20.116 TABLE=PS_CNTR_RLSDTL_HXX PSARCH_ID=PUR_CTXX PSARCH_BATCHNUM=11 ROWS_DELETED=0 (TEST MODE???rolled back)
2025-12-26 05:11:20.141 TABLE=PS_CNTR_RLSHDR_HXX PSARCH_ID=PUR_CTXX PSARCH_BATCHNUM=11 ROWS_DELETED=0 (TEST MODE???rolled back)
2025-12-26 05:11:20.164 TABLE=PS_CNTR_RLS_LN_HXX PSARCH_ID=PUR_CTXX PSARCH_BATCHNUM=11 ROWS_DELETED=0 (TEST MODE???rolled back)
2025-12-26 05:11:20.196 TABLE=PS_CNTR_SCHDL_H_XX PSARCH_ID=PUR_CTXX PSARCH_BATCHNUM=11 ERROR=ORA-30036: unable to extend segment by 128 in undo tablespace 'UNDOTBS1'
2025-12-26 05:11:20.223 TABLE=PS_PO_DFLT_TBL_HXX PSARCH_ID=PUR_POXX PSARCH_BATCHNUM=10 ROWS_DELETED=0 (TEST MODE???rolled back)
2025-12-26 05:11:20.242 TABLE=PS_PO_HDR_EXS_H_XX PSARCH_ID=PUR_POXX PSARCH_BATCHNUM=10 ROWS_DELETED=0 (TEST MODE???rolled back)
2025-12-26 05:11:20.252 TABLE=PS_PO_HDR_VAT_H_XX PSARCH_ID=PUR_POXX PSARCH_BATCHNUM=10 ROWS_DELETED=0 (TEST MODE???rolled back)
2025-12-26 05:11:20.262 TABLE=PS_PO_APPROVAL_HXX PSARCH_ID=PUR_POXX PSARCH_BATCHNUM=10 ROWS_DELETED=0 (TEST MODE???rolled back)
2025-12-26 05:11:20.274 TABLE=PS_PO_CHG_ADDR_HXX PSARCH_ID=PUR_POXX PSARCH_BATCHNUM=10 ROWS_DELETED=0 (TEST MODE???rolled back)
2025-12-26 05:11:20.288 TABLE=PS_PO_CHG_HDR_H_XX PSARCH_ID=PUR_POXX PSARCH_BATCHNUM=10 ROWS_DELETED=0 (TEST MODE???rolled back)
2025-12-26 05:11:20.321 TABLE=PS_PO_CHG_LN_H_XX PSARCH_ID=PUR_POXX PSARCH_BATCHNUM=10 ROWS_DELETED=0 (TEST MODE???rolled back)
2025-12-26 05:11:20.334 TABLE=PS_PO_CHG_ORD_H_XX PSARCH_ID=PUR_POXX PSARCH_BATCHNUM=10 ROWS_DELETED=0 (TEST MODE???rolled back)
2025-12-26 05:11:20.365 TABLE=PS_PO_CHG_SHP_H_XX PSARCH_ID=PUR_POXX PSARCH_BATCHNUM=10 ROWS_DELETED=0 (TEST MODE???rolled back)
2025-12-26 05:11:20.396 TABLE=PS_PO_COMMENT_H_XX PSARCH_ID=PUR_POXX PSARCH_BATCHNUM=10 ROWS_DELETED=0 (TEST MODE???rolled back)
2025-12-26 05:11:20.421 TABLE=PS_PO_DFLTDSTB_HXX PSARCH_ID=PUR_POXX PSARCH_BATCHNUM=10 ROWS_DELETED=0 (TEST MODE???rolled back)
2025-12-26 05:11:20.443 TABLE=PS_PO_DISPATCH_HXX PSARCH_ID=PUR_POXX PSARCH_BATCHNUM=10 ROWS_DELETED=0 (TEST MODE???rolled back)
2025-12-26 05:11:20.470 TABLE=PS_PO_ER_EMSGQ_HXX PSARCH_ID=PUR_POXX PSARCH_BATCHNUM=10 ROWS_DELETED=0 (TEST MODE???rolled back)
2025-12-26 05:11:20.485 TABLE=PS_PO_EST_SHIP_HXX PSARCH_ID=PUR_POXX PSARCH_BATCHNUM=10 ROWS_DELETED=0 (TEST MODE???rolled back)
2025-12-26 05:11:20.530 TABLE=PS_PO_HDR_H_XX PSARCH_ID=PUR_POXX PSARCH_BATCHNUM=10 ROWS_DELETED=0 (TEST MODE???rolled back)
2025-12-26 05:11:20.542 TABLE=PS_PO_HDR_EMAL_HXX PSARCH_ID=PUR_POXX PSARCH_BATCHNUM=10 ROWS_DELETED=0 (TEST MODE???rolled back)
2025-12-26 05:11:20.565 TABLE=PS_RECV_COMNT_HXX PSARCH_ID=PUR_RCXX PSARCH_BATCHNUM=55 ROWS_DELETED=0 (TEST MODE???rolled back)
2025-12-26 05:11:20.608 TABLE=PS_RECV_HDR_H_XX PSARCH_ID=PUR_RCXX PSARCH_BATCHNUM=55 ROWS_DELETED=0 (TEST MODE???rolled back)
2025-12-26 05:11:20.627 TABLE=PS_RECV_LNASET_HXX PSARCH_ID=PUR_RCXX PSARCH_BATCHNUM=55 ROWS_DELETED=0 (TEST MODE???rolled back)
2025-12-26 05:11:20.673 TABLE=PS_RECV_LNDSTB_HXX PSARCH_ID=PUR_RCXX PSARCH_BATCHNUM=55 ROWS_DELETED=0 (TEST MODE???rolled back)
2025-12-26 05:11:20.701 TABLE=PS_RECV_LNINSP_HXX PSARCH_ID=PUR_RCXX PSARCH_BATCHNUM=55 ROWS_DELETED=0 (TEST MODE???rolled back)
2025-12-26 05:11:20.740 TABLE=PS_RECV_LN_SHP_HXX PSARCH_ID=PUR_RCXX PSARCH_BATCHNUM=55 ROWS_DELETED=0 (TEST MODE???rolled back)
2025-12-26 05:11:20.764 TABLE=PS_RECV_LNSHMT_HXX PSARCH_ID=PUR_RCXX PSARCH_BATCHNUM=55 ROWS_DELETED=0 (TEST MODE???rolled back)
2025-12-26 05:11:20.776 TABLE=PS_RTV_ADDR_H_XX PSARCH_ID=PURRTVXX PSARCH_BATCHNUM=56 ROWS_DELETED=0 (TEST MODE???rolled back)
2025-12-26 05:11:20.791 TABLE=PS_RTV_CMMNT_H_XX PSARCH_ID=PURRTVXX PSARCH_BATCHNUM=56 ROWS_DELETED=0 (TEST MODE???rolled back)
2025-12-26 05:11:20.809 TABLE=PS_RTV_DSPTCH_H_XX PSARCH_ID=PURRTVXX PSARCH_BATCHNUM=56 ROWS_DELETED=0 (TEST MODE???rolled back)
2025-12-26 05:11:20.825 TABLE=PS_RTV_HDR_H_XX PSARCH_ID=PURRTVXX PSARCH_BATCHNUM=56 ROWS_DELETED=0 (TEST MODE???rolled back)
2025-12-26 05:11:20.841 TABLE=PS_RTV_LN_H_XX PSARCH_ID=PURRTVXX PSARCH_BATCHNUM=56 ROWS_DELETED=0 (TEST MODE???rolled back)
2025-12-26 05:11:20.856 TABLE=PS_RTV_LN_DSTB_HXX PSARCH_ID=PURRTVXX PSARCH_BATCHNUM=56 ROWS_DELETED=0 (TEST MODE???rolled back)
2025-12-26 05:11:20.870 TABLE=PS_RTV_LN_FEE_H_XX PSARCH_ID=PURRTVXX PSARCH_BATCHNUM=56 ROWS_DELETED=0 (TEST MODE???rolled back)
2025-12-26 05:11:20.903 TABLE=PS_PO_LINE_H_XX PSARCH_ID=PUR_POXX PSARCH_BATCHNUM=10 ROWS_DELETED=0 (TEST MODE???rolled back)
2025-12-26 05:11:20.939 TABLE=PS_PO_LN_DISTB_HXX PSARCH_ID=PUR_POXX PSARCH_BATCHNUM=10 ROWS_DELETED=0 (TEST MODE???rolled back)
2025-12-26 05:11:20.980 TABLE=PS_PO_LN_SHIP_H_XX PSARCH_ID=PUR_POXX PSARCH_BATCHNUM=10 ROWS_DELETED=0 (TEST MODE???rolled back)
2025-12-26 05:11:21.002 TABLE=PS_PO_LNSHPMCH_HXX PSARCH_ID=PUR_POXX PSARCH_BATCHNUM=10 ROWS_DELETED=0 (TEST MODE???rolled back)
2025-12-26 05:11:21.018 TABLE=PS_PO_LNSHPSUT_HXX PSARCH_ID=PUR_POXX PSARCH_BATCHNUM=10 ROWS_DELETED=0 (TEST MODE???rolled back)
2025-12-26 05:11:21.032 TABLE=PS_PO_RC_WB_EX_HXX PSARCH_ID=PUR_POXX PSARCH_BATCHNUM=10 ROWS_DELETED=0 (TEST MODE???rolled back)
2025-12-26 05:11:21.032 TABLE=PS_AP_PYMT_AUD_ARC PSARCH_ID=PYMT_AUD PSARCH_BATCHNUM=43 ROWS_DELETED=0 (TEST MODE???rolled back)
2025-12-26 05:11:21.122 TABLE=PS_AP_VCHR_AUD_ARC PSARCH_ID=VCHAUDXX PSARCH_BATCHNUM=103 ROWS_DELETED=0 (TEST MODE???rolled back)
2025-12-26 05:11:21.143 TABLE=PS_VMSSRCCNLX_H_XX PSARCH_ID=VMSCSTXX PSARCH_BATCHNUM=7 ROWS_DELETED=0 (TEST MODE???rolled back)
2025-12-26 05:11:21.170 TABLE=PS_VMSTRNCNLX_H_XX PSARCH_ID=VMSCTRXX PSARCH_BATCHNUM=58 ROWS_DELETED=0 (TEST MODE???rolled back)
2025-12-26 05:11:21.453 TABLE=PS_VMSSRCARCX_H_XX PSARCH_ID=VMSSTRXX PSARCH_BATCHNUM=6 ROWS_DELETED=0 (TEST MODE???rolled back)
2025-12-26 05:11:21.638 TABLE=PS_VMSTRNSHST_H_XX PSARCH_ID=VMSTRNXX PSARCH_BATCHNUM=57 ROWS_DELETED=0 (TEST MODE???rolled back)
2025-12-26 05:11:21.670 TABLE=PS_TLRTSTRCXX_H_XX PSARCH_ID=TLRTS_XX PSARCH_BATCHNUM=65 ROWS_DELETED=0 (TEST MODE???rolled back)
2025-12-26 05:11:21.699 TABLE=PS_RS_SCHED_TASK_H PSARCH_ID=RS_SCHXX PSARCH_BATCHNUM=8 ROWS_DELETED=0 (TEST MODE???rolled back)
2025-12-26 05:11:21.725 TABLE=PS_TLRTSACTXX_H_XX PSARCH_ID=TLRTS_XX PSARCH_BATCHNUM=65 ROWS_DELETED=0 (TEST MODE???rolled back)
2025-12-26 05:11:21.748 TABLE=PS_TLRTSPRJXX_H_XX PSARCH_ID=TLRTS_XX PSARCH_BATCHNUM=65 ROWS_DELETED=0 (TEST MODE???rolled back)
---------------------------------------------
2025-12-26 05:11:21.748 TOTAL_ROWS_DELETED=91146204 (TEST MODE???rolled back)
---------------------------------------------

PL/SQL procedure successfully completed.

Elapsed: 01:52:45.80
05:11:21 SQL> 
05:11:21 SQL> ALTER SYSTEM FLUSH BUFFER_CACHE;

System altered.

Elapsed: 00:00:00.98
05:11:22 SQL> ALTER SYSTEM FLUSH SHARED_POOL;

System altered.

Elapsed: 00:00:00.47
05:11:23 SQL> 
05:11:23 SQL> spool off
