Elapsed: 00:00:00.01
Enter value for 1: TELODX
Enter value for 2: 2023-05-01
Enter value for 3: 2024-03-01
old   5:   V_TARGET_DB    VARCHAR2(30) := '&P_TARGET_DB';
new   5:   V_TARGET_DB    VARCHAR2(30) := 'TELODX';
old   9:   V_START_TS     TIMESTAMP := TO_TIMESTAMP('&P_START_DATE','YYYY-MM-DD');
new   9:   V_START_TS     TIMESTAMP := TO_TIMESTAMP('2023-05-01','YYYY-MM-DD');
old  10:   V_END_TS       TIMESTAMP := TO_TIMESTAMP('&P_END_DATE','YYYY-MM-DD') + INTERVAL '1' DAY;
new  10:   V_END_TS       TIMESTAMP := TO_TIMESTAMP('2024-03-01','YYYY-MM-DD') + INTERVAL '1' DAY;
old  69:        AND B.PSARCH_DTTM <  V_END_TS          -- WINDOW END (EXCLUSIVE -> INCLUSIVE OF &P_END_DATE)
new  69:        AND B.PSARCH_DTTM <  V_END_TS          -- WINDOW END (EXCLUSIVE -> INCLUSIVE OF 2024-03-01)
Enter value for 4: TELODX
old 109:       /* ----- PHASE 3 & 4: EMIT RESULT AND ROLLBACK PER BRANCH ----- */
new 109:       /* ----- PHASE 3 TELODX: EMIT RESULT AND ROLLBACK PER BRANCH ----- */
TEST MODE: ROLLBACK enabled, stop_on_first_error=TRUE
Window (inclusive dates): 2023-05-01 .. 2024-03-01
DB check: current_db=TELODX, target_db=TELODX
Deleted |0| rows from |PS_TECOUDFHDRX_HXX| for (PSARCH_ID= |COUDF_XX,| PSARCH_BATCHNUM= |28|).
Deleted |8706| rows from |PS_AHRJBRQDPT_H_XX| for (PSARCH_ID= |DPTRQ_XX,| PSARCH_BATCHNUM= |2|).
Deleted |0| rows from |PS_JOBREQ_H_XX| for (PSARCH_ID= |JOBRQ_XX,| PSARCH_BATCHNUM= |26|).
Deleted |0| rows from |PS_PRCQUEHIST_H_XX| for (PSARCH_ID= |PRCS_XX,| PSARCH_BATCHNUM= |6|).
Deleted |5664102| rows from |PS_AHRPSBILPY_H_XX| for (PSARCH_ID= |PSBPY_XX,| PSARCH_BATCHNUM= |9|).
Deleted |1733| rows from |PS_TEPOSCOMPX_H_XX| for (PSARCH_ID= |PSCMP_XX,| PSARCH_BATCHNUM= |11|).
Deleted |0| rows from |PS_TE_EMP_OBU_H_XX| for (PSARCH_ID= |PSHDR_XX,| PSARCH_BATCHNUM= |23|).
Deleted |0| rows from |PS_JPMPROFILE_H_XX| for (PSARCH_ID= |PSJPM_XX,| PSARCH_BATCHNUM= |24|).
Deleted |0| rows from |PS_ABICSTINVSP_HXX| for (PSARCH_ID= |SRVHD_XX,| PSARCH_BATCHNUM= |27|).
Deleted |481505| rows from |PS_APYCOMMSUM_H_XX| for (PSARCH_ID= |CMSUM_XX,| PSARCH_BATCHNUM= |1|).
Deleted |0| rows from |PS_TECOUDFVALX_HXX| for (PSARCH_ID= |COUDF_XX,| PSARCH_BATCHNUM= |28|).
Deleted |0| rows from |PS_TEJRTCHSTX_H_XX| for (PSARCH_ID= |JOBRQ_XX,| PSARCH_BATCHNUM= |26|).
Deleted |1932752| rows from |PS_AHRJOBRQPS_H_XX| for (PSARCH_ID= |POSRQ_XX,| PSARCH_BATCHNUM= |3|).
Deleted |3490352| rows from |PS_AHRPSPCTCM_H_XX| for (PSARCH_ID= |PSCOM_XX,| PSARCH_BATCHNUM= |12|).
Deleted |0| rows from |PS_JRPOSDISCX_H_XX| for (PSARCH_ID= |PSDSC_XX,| PSARCH_BATCHNUM= |13|).
Deleted |0| rows from |PS_CANTAXDATA_H_XX| for (PSARCH_ID= |PSPDA_XX,| PSARCH_BATCHNUM= |22|).
Deleted |0| rows from |PS_JOB_H_XX| for (PSARCH_ID= |PSPDA_XX,| PSARCH_BATCHNUM= |22|).
Deleted |0| rows from |PS_PERSONALDA_H_XX| for (PSARCH_ID= |PSPDA_XX,| PSARCH_BATCHNUM= |22|).
Deleted |0| rows from |PS_PERS_NID_H_XX| for (PSARCH_ID= |PSPDA_XX,| PSARCH_BATCHNUM= |22|).
Deleted |0| rows from |PS_ABICSTINVT_H_XX| for (PSARCH_ID= |SRVHD_XX,| PSARCH_BATCHNUM= |27|).
Deleted |17823| rows from |PS_AHRPSPCTDCM_HXX| for (PSARCH_ID= |DPTRQ_XX,| PSARCH_BATCHNUM= |2|).
Deleted |657246| rows from |PS_TEJRPOSHDX_H_XX| for (PSARCH_ID= |POSRQ_XX,| PSARCH_BATCHNUM= |3|).
Deleted |0| rows from |PS_PRCPARMHIS_H_XX| for (PSARCH_ID= |PRCS_XX,| PSARCH_BATCHNUM= |6|).
Deleted |0| rows from |PS_CDMAUTHIST_H_XX| for (PSARCH_ID= |PRCS_XX,| PSARCH_BATCHNUM= |6|).
Deleted |0| rows from |PS_PRCRQSTFLE_H_XX| for (PSARCH_ID= |PRCS_XX,| PSARCH_BATCHNUM= |6|).
Deleted |0| rows from |PS_PRCTEXTHIS_H_XX| for (PSARCH_ID= |PRCS_XX,| PSARCH_BATCHNUM= |6|).
Deleted |0| rows from |PS_TE_EMP_UP_H_XX| for (PSARCH_ID= |PSHDR_XX,| PSARCH_BATCHNUM= |23|).
Deleted |61| rows from |PS_TEPSNCTEX_H_XX| for (PSARCH_ID= |PSNCT_XX,| PSARCH_BATCHNUM= |14|).
Deleted |0| rows from |PS_EMAILADRS_H_XX| for (PSARCH_ID= |PSPDA_XX,| PSARCH_BATCHNUM= |22|).
Deleted |18577010| rows from |PS_APYSPREAD_H_XX| for (PSARCH_ID= |SPRD_XX,| PSARCH_BATCHNUM= |4|).
Deleted |0| rows from |PS_AHRSRVDISX_H_XX| for (PSARCH_ID= |SRVHD_XX,| PSARCH_BATCHNUM= |27|).
Deleted |0| rows from |PS_TECOMSBILX_H_XX| for (PSARCH_ID= |SRVHD_XX,| PSARCH_BATCHNUM= |27|).
Deleted |0| rows from |PS_PMOASISTEC_H_XX| for (PSARCH_ID= |TEPOS_XX,| PSARCH_BATCHNUM= |16|).
Deleted |2| rows from |PS_CA_CNTRHDR_H_XX| for (PSARCH_ID= |CONTRCTS,| PSARCH_BATCHNUM= |21|).
Deleted |0| rows from |PS_TECOUDFX_H_XX| for (PSARCH_ID= |COUDF_XX,| PSARCH_BATCHNUM= |28|).
Deleted |0| rows from |PS_PRCDISTHIS_H_XX| for (PSARCH_ID= |PRCS_XX,| PSARCH_BATCHNUM= |6|).
Deleted |0| rows from |PS_HREXTEMP_H_XX| for (PSARCH_ID= |PSPDA_XX,| PSARCH_BATCHNUM= |22|).
Deleted |0| rows from |PS_PERSONALPH_H_XX| for (PSARCH_ID= |PSPDA_XX,| PSARCH_BATCHNUM= |22|).
Deleted |0| rows from |PS_PURGEDATA_H_XX| for (PSARCH_ID= |PSPDA_XX,| PSARCH_BATCHNUM= |22|).
Deleted |0| rows from |PS_AHRSRVDSX_H_XX| for (PSARCH_ID= |SRVHD_XX,| PSARCH_BATCHNUM= |27|).
Deleted |6673676| rows from |PS_APYTMBILL_H_XX| for (PSARCH_ID= |TMBID_XX,| PSARCH_BATCHNUM= |17|).
Deleted |0| rows from |PS_TEJOBREQX_H_XX| for (PSARCH_ID= |JOBRQ_XX,| PSARCH_BATCHNUM= |26|).
Deleted |18178| rows from |PS_PROJ_STAT_H_XX| for (PSARCH_ID= |PRJCSTNG,| PSARCH_BATCHNUM= |20|).
Deleted |9771| rows from |PS_PROJ_ACT_H_XX| for (PSARCH_ID= |PRJCSTNG,| PSARCH_BATCHNUM= |20|).
Deleted |17| rows from |PS_TEPSASTDTX_H_XX| for (PSARCH_ID= |PSAST_XX,| PSARCH_BATCHNUM= |8|).
Deleted |8| rows from |PS_TEPSASTNMX_H_XX| for (PSARCH_ID= |PSAST_XX,| PSARCH_BATCHNUM= |8|).
Deleted |2328246| rows from |PS_TEBURDENX_H_XX| for (PSARCH_ID= |PSBUR_XX,| PSARCH_BATCHNUM= |10|).
Deleted |0| rows from |PS_TE_EMP_REG_H_XX| for (PSARCH_ID= |PSHDR_XX,| PSARCH_BATCHNUM= |23|).
Deleted |0| rows from |PS_TECOMMISDR_H_XX| for (PSARCH_ID= |PSPDA_XX,| PSARCH_BATCHNUM= |22|).
Deleted |0| rows from |PS_AHRSRVNTX_H_XX| for (PSARCH_ID= |SRVHD_XX,| PSARCH_BATCHNUM= |27|).
Deleted |0| rows from |PS_TEJRPESMX_H_XX| for (PSARCH_ID= |TEPOS_XX,| PSARCH_BATCHNUM= |16|).
Deleted |9| rows from |PS_APYTMBINEG_H_XX| for (PSARCH_ID= |TMBID_XX,| PSARCH_BATCHNUM= |17|).
Deleted |0| rows from |PS_TLHRTESTGX_H_XX| for (PSARCH_ID= |TLHR_XX,| PSARCH_BATCHNUM= |19|).
Deleted |9739782| rows from |PS_APYTMSUMM_H_XX| for (PSARCH_ID= |TMSUM_XX,| PSARCH_BATCHNUM= |18|).
Deleted |14| rows from |PS_COMSCHHDRX_H_XX| for (PSARCH_ID= |CMSCH_XX,| PSARCH_BATCHNUM= |7|).
Deleted |0| rows from |PS_CDMLISTHIS_H_XX| for (PSARCH_ID= |PRCS_XX,| PSARCH_BATCHNUM= |6|).
Deleted |0| rows from |PS_PRCRQSTHIS_H_XX| for (PSARCH_ID= |PRCS_XX,| PSARCH_BATCHNUM= |6|).
Deleted |0| rows from |PS_TEJOBRPTXX_H_XX| for (PSARCH_ID= |PSPDA_XX,| PSARCH_BATCHNUM= |22|).
Deleted |10695168| rows from |PS_APYTMBIDET_H_XX| for (PSARCH_ID= |TMBID_XX,| PSARCH_BATCHNUM= |17|).
Deleted |542088| rows from |PS_APYTMSUMADJ_HXX| for (PSARCH_ID= |TMSUM_XX,| PSARCH_BATCHNUM= |18|).
Deleted |0| rows from |PS_AHRSRVJBRT_H_XX| for (PSARCH_ID= |AJBRQ_XX,| PSARCH_BATCHNUM= |25|).
Deleted |42| rows from |PS_COMSCHDTLX_H_XX| for (PSARCH_ID= |CMSCH_XX,| PSARCH_BATCHNUM= |7|).
Deleted |0| rows from |PS_CA_DETAIL_H_XX| for (PSARCH_ID= |CONTRCTS,| PSARCH_BATCHNUM= |21|).
Deleted |1932723| rows from |PS_TEPSTERPTX_H_XX| for (PSARCH_ID= |POSRQ_XX,| PSARCH_BATCHNUM= |3|).
Deleted |0| rows from |PS_PRCRQSTSTR_H_XX| for (PSARCH_ID= |PRCS_XX,| PSARCH_BATCHNUM= |6|).
Deleted |0| rows from |PS_JRPOSDSX_H_XX| for (PSARCH_ID= |PSDSC_XX,| PSARCH_BATCHNUM= |13|).
Deleted |0| rows from |PS_TE_EMP_CO_H_XX| for (PSARCH_ID= |PSHDR_XX,| PSARCH_BATCHNUM= |23|).
Deleted |0| rows from |PS_JOB_XX_H_XX| for (PSARCH_ID= |PSPDA_XX,| PSARCH_BATCHNUM= |22|).
Deleted |0| rows from |PS_PERSDATAEF_H_XX| for (PSARCH_ID= |PSPDA_XX,| PSARCH_BATCHNUM= |22|).
Deleted |0| rows from |PS_TEJBRQDPTX_H_XX| for (PSARCH_ID= |TEDPT_XX,| PSARCH_BATCHNUM= |15|).
Deleted |6757145| rows from |PS_APYTMBILL2_H_XX| for (PSARCH_ID= |TMBID_XX,| PSARCH_BATCHNUM= |17|).
Deleted |4| rows from |PS_CA_DT_PROJ_H_XX| for (PSARCH_ID= |CONTRCTS,| PSARCH_BATCHNUM= |21|).
Deleted |0| rows from |PS_CDMFILELIS_H_XX| for (PSARCH_ID= |PRCS_XX,| PSARCH_BATCHNUM= |6|).
Deleted |0| rows from |PS_PRCTXFRHIS_H_XX| for (PSARCH_ID= |PRCS_XX,| PSARCH_BATCHNUM= |6|).
Deleted |8919| rows from |PS_PROJECT_H_XX| for (PSARCH_ID= |PRJCSTNG,| PSARCH_BATCHNUM= |20|).
Deleted |10125| rows from |PS_PROJ_ACTST_H_XX| for (PSARCH_ID= |PRJCSTNG,| PSARCH_BATCHNUM= |20|).
Deleted |2| rows from |PS_TEPOSASTX_H_XX| for (PSARCH_ID= |PSAST_XX,| PSARCH_BATCHNUM= |8|).
Deleted |664| rows from |PS_AHRCMHLDT_H_XX| for (PSARCH_ID= |PSCOM_XX,| PSARCH_BATCHNUM= |12|).
Deleted |0| rows from |PS_TE_EMP_PRD_H_XX| for (PSARCH_ID= |PSHDR_XX,| PSARCH_BATCHNUM= |23|).
Deleted |0| rows from |PS_TE_EMP_HDR_H_XX| for (PSARCH_ID= |PSHDR_XX,| PSARCH_BATCHNUM= |23|).
Deleted |0| rows from |PS_JOB_JR_H_XX| for (PSARCH_ID= |PSPDA_XX,| PSARCH_BATCHNUM= |22|).
Deleted |0| rows from |PS_STATETAXDA_H_XX| for (PSARCH_ID= |PSPDA_XX,| PSARCH_BATCHNUM= |22|).
Deleted |0| rows from |PS_AHRSRVHDRT_H_XX| for (PSARCH_ID= |SRVHD_XX,| PSARCH_BATCHNUM= |27|).
Deleted |369| rows from |PS_TEJOBRQPSX_H_XX| for (PSARCH_ID= |TEPOS_XX,| PSARCH_BATCHNUM= |16|).
Deleted |0| rows from |PS_TESPRDSUMX_H_XX| for (PSARCH_ID= |TESPD_XX,| PSARCH_BATCHNUM= |5|).
TEST SUMMARY: total rows touched=69548242 (validation complete; all changes rolled back).
Elapsed: 00:48:55.05
19:21:28 SQL> 
20:00:45 SQL> 
20:00:46 SQL> 
20:00:46 SQL> 
20:00:46 SQL> 
20:00:46 SQL> 
20:00:46 SQL> rollback;
Elapsed: 00:00:00.02
20:00:50 SQL> 
20:00:51 SQL> 
20:00:51 SQL> 
20:00:51 SQL> 
20:00:51 SQL> exit
