<<<<<<< HEAD
SQL> set autocommit off
SQL> set feedback on
SQL> set time on
12:10:01 SQL> set timing on
12:10:01 SQL> set trimspool on
12:10:01 SQL> set pagesize 32767
12:10:01 SQL> set linesize 1000
12:10:01 SQL> set long 1000
12:10:01 SQL> set longchunksize 1000
12:10:01 SQL> set define on
12:10:01 SQL> ttitle off
12:10:01 SQL> btitle off
12:10:01 SQL> alter session set nls_date_format = 'YYYY-MM-DD HH24:MI:SS';

Session altered.

Elapsed: 00:00:00.01
12:10:01 SQL> whenever oserror EXIT failure ROLLBACK
12:10:01 SQL> whenever sqlerror EXIT failure ROLLBACK
12:10:01 SQL> 
12:10:01 SQL> select instance_name from v$instance;

INSTANCE_NAME
----------------
SELODX1

1 row selected.

Elapsed: 00:00:00.04
12:10:01 SQL> 
12:10:01 SQL> -- **********************************************************************
12:10:01 SQL> -- SQL Script File Name: export_delete_script_final6_SE.SQL
12:10:01 SQL> -- **********************************************************************
12:10:01 SQL> -- TEST MODE: ROLLBACK instead of COMMIT (see comments)
12:10:01 SQL> -- Confidential - Allegis Group, Inc.
12:10:01 SQL> -- **********************************************************************
12:10:01 SQL> -- KEYWORD: ~XX
12:10:01 SQL> -- **********************************************************************
12:10:01 SQL> --
12:10:01 SQL> --	       Confidentiality Information:
12:10:01 SQL> --
12:10:01 SQL> -- This module is the confidential and proprietary information of
12:10:01 SQL> -- Allegis Group, Inc.; it is not to be copied, reproduced, or transmitted
12:10:01 SQL> -- in any form, by any means, in whole or in part, nor is it to be used
12:10:01 SQL> -- for any purpose other than that for which it is expressly provided
12:10:01 SQL> -- without the written permission of Allegis Group, Inc.
12:10:01 SQL> --
12:10:01 SQL> -- Copyright (c) 2002 Allegis Group, Inc. All Rights Reserved
12:10:01 SQL> --
12:10:01 SQL> -- **********************************************************************
12:10:01 SQL> -- Description:
12:10:01 SQL> --   Purges PS_* history rows matched via PSARCH tables within a date window.
12:10:01 SQL> --   TEST MODE: Uses ROLLBACK in place of COMMIT (see inline comments).
12:10:01 SQL> -- **********************************************************************
12:10:01 SQL> -- Note: RUN AS SYSADM
12:10:01 SQL> -- HISTORY:
12:10:01 SQL> -- 2025-12-25  Anandmohan Singh  SQL*Plus refactor; test-mode rollbacks
12:10:01 SQL> -- 2026-01-06  Linux-friendly; runtime prompts; no default target DB
12:10:01 SQL> -- **********************************************************************
12:10:01 SQL> 
12:10:01 SQL> -- =========[ Runtime Parameters via command line ]=========
12:10:01 SQL> -- Usage:
12:10:01 SQL> --   sqlplus sysadm/*******@SERVICE @export_delete_script_final6_SE.SQL <DB_NAME> <START_DATE> <END_DATE>
12:10:01 SQL> -- Example:
12:10:01 SQL> --   sqlplus sysadm/*******@FSSNDX    @export_delete_script_final6_SE.SQL FSSNDX 2025-12-01 2025-12-31
12:10:01 SQL> -- Notes:
12:10:01 SQL> --   Dates must be YYYY-MM-DD. End date is inclusive.
12:10:01 SQL> --   Parameter positions: &1=DB_NAME, &2=START_DATE, &3=END_DATE
12:10:01 SQL> 
12:10:01 SQL> -- Map positional parameters to named defines (so the rest of the block stays untouched)
12:10:01 SQL> define p_target_db = '&1'
Enter value for 1: SELODX
12:10:07 SQL> define p_start_date = '&2'
Enter value for 2: 2023-05-01
12:10:17 SQL> define p_end_date   = '&3'
Enter value for 3: 2024-03-01
12:10:30 SQL> 
12:10:30 SQL> -- =========[ Variable Block ]=========
12:10:30 SQL> declare
12:10:30   2  	v_current_db   varchar2(30);
12:10:30   3  	v_target_db    varchar2(30) := '&p_target_db';
12:10:30   4  
12:10:30   5  	-- Convert input dates to timestamps at midnight.
12:10:30   6  	-- End date is inclusive: add 1 day and use < v_end_ts comparison.
12:10:30   7  	v_start_ts     timestamp := to_timestamp('&p_start_date', 'YYYY-MM-DD');		  -- YYYY-MM-DD 00:00:00
12:10:30   8  	v_end_ts       timestamp := to_timestamp('&p_end_date',   'YYYY-MM-DD') + interval '1' day; -- (end + 1 day) 00:00:00
12:10:30   9  
12:10:30  10  	v_sql	       varchar2(2000);
12:10:30  11  	v_rows	       pls_integer;
12:10:30  12  	v_total_rows   pls_integer := 0;
12:10:30  13  
12:10:30  14  	-- Stop on first error? (kept TRUE as in your test mode)
12:10:30  15  	c_stop_on_first_error constant boolean := TRUE;
12:10:30  16  
12:10:30  17  	function safe_tbl(rec_name in varchar2) return varchar2 is
12:10:30  18  	begin
12:10:30  19  	  return 'PS_' || dbms_assert.simple_sql_name(rec_name);
12:10:30  20  	end;
12:10:30  21  
12:10:30  22  	procedure log_error(p_tbl in varchar2, p_id in varchar2, p_batch in number) is
12:10:30  23  	begin
12:10:30  24  	  dbms_output.put_line(
12:10:30  25  	    'ERROR on '||p_tbl||
12:10:30  26  	    ' (PSARCH_ID='||p_id||', PSARCH_BATCHNUM='||p_batch||'):'||
12:10:30  27  	    chr(10)||'	SQLERRM: '||sqlerrm||
12:10:30  28  	    chr(10)||'	BACKTRACE: '||dbms_utility.format_error_backtrace
12:10:30  29  	  );
12:10:30  30  	end;
12:10:30  31  begin
12:10:30  32  	-- Derive current DB at runtime
12:10:30  33  	select sys_context('USERENV','DB_NAME') into v_current_db from dual;
12:10:30  34  
12:10:30  35  	if v_target_db is null then
12:10:30  36  	  raise_application_error(-20000, 'Target DB name is required. Aborting.');
12:10:30  37  	end if;
12:10:30  38  
12:10:30  39  	if v_current_db <> v_target_db then
12:10:30  40  	  dbms_output.put_line('ABORT: DB_NAME='||v_current_db||' != target='||v_target_db);
12:10:30  41  	  return;
12:10:30  42  	end if;
12:10:30  43  
12:10:30  44  	-- Validate date window (after inclusive adjustment)
12:10:30  45  	if v_end_ts <= v_start_ts then
12:10:30  46  	  raise_application_error(-20001, 'End date must be the same or after start date.');
12:10:30  47  	end if;
12:10:30  48  
12:10:30  49  	dbms_output.put_line('TEST MODE: ROLLBACK enabled, stop_on_first_error='||
12:10:30  50  			     case when c_stop_on_first_error then 'TRUE' else 'FALSE' end);
12:10:30  51  	dbms_output.put_line('Window (inclusive dates): '||
12:10:30  52  			     to_char(v_start_ts,'YYYY-MM-DD')||' .. '||
12:10:30  53  			     to_char(v_end_ts - interval '1' day,'YYYY-MM-DD'));
12:10:30  54  	dbms_output.put_line('DB check: current_db='||v_current_db||', target_db='||v_target_db);
12:10:30  55  
12:10:30  56  	-- Optional cache flush (requires privileges). Comment out if not granted.
12:10:30  57  	begin
12:10:30  58  	  execute immediate 'alter system flush buffer_cache';
12:10:30  59  	  execute immediate 'alter system flush shared_pool';
12:10:30  60  	exception
12:10:30  61  	  when others then
12:10:30  62  	    dbms_output.put_line('Note: alter system flush skipped: '||sqlerrm);
12:10:30  63  	end;
12:10:30  64  
12:10:30  65  	for r in (
12:10:30  66  	  select /*+ ORDERED */
12:10:30  67  		 distinct a.hist_recname, b.psarch_batchnum, b.psarch_id
12:10:30  68  	    from psarchbatch b
12:10:30  69  	    join psarchtempobj t on b.psarch_id = t.psarch_id
12:10:30  70  	    join psarchobjrec a  on t.psarch_object = a.psarch_object
12:10:30  71  	   where b.psarch_dttm >= v_start_ts
12:10:30  72  	     and b.psarch_dttm <  v_end_ts
12:10:30  73  	) loop
12:10:30  74  	  declare
12:10:30  75  	    v_tbl varchar2(128) := safe_tbl(r.hist_recname);
12:10:30  76  	  begin
12:10:30  77  	    savepoint one_row;
12:10:30  78  
12:10:30  79  	    v_sql := 'delete from '||v_tbl||
12:10:30  80  		     ' where psarch_id = :1 and psarch_batchnum = :2';
12:10:30  81  	    execute immediate v_sql using r.psarch_id, r.psarch_batchnum;
12:10:30  82  
12:10:30  83  	    v_rows := sql%rowcount;
12:10:30  84  	    v_total_rows := v_total_rows + nvl(v_rows,0);
12:10:30  85  
12:10:30  86  	    dbms_output.put_line('Deleted |'||v_rows||'| rows from |'||v_tbl||
12:10:30  87  				 '| for (PSARCH_ID= |'||r.psarch_id||
12:10:30  88  				 ',| PSARCH_BATCHNUM= |'||r.psarch_batchnum||'|).');
12:10:30  89  
12:10:30  90  	    -- TEST MODE: rollback this iteration
12:10:30  91  	    rollback to savepoint one_row;
12:10:30  92  
12:10:30  93  	  exception
12:10:30  94  	    when others then
12:10:30  95  	      rollback to savepoint one_row;
12:10:30  96  	      log_error(v_tbl, r.psarch_id, r.psarch_batchnum);
12:10:30  97  
12:10:30  98  	      if c_stop_on_first_error then
12:10:30  99  		raise;
12:10:30 100  	      end if;
12:10:30 101  	  end;
12:10:30 102  	end loop;
12:10:30 103  
12:10:30 104  	dbms_output.put_line('TOTAL rows (attempted deletes, rolled back): '||v_total_rows);
12:10:30 105  
12:10:30 106  	-- TEST MODE: rollback entire session
12:10:30 107  	rollback;
12:10:30 108  
12:10:30 109  end;
12:10:30 110  /
old   3:   v_target_db    varchar2(30) := '&p_target_db';
new   3:   v_target_db    varchar2(30) := 'SELODX';
old   7:   v_start_ts     timestamp := to_timestamp('&p_start_date', 'YYYY-MM-DD');                  -- YYYY-MM-DD 00:00:00
new   7:   v_start_ts     timestamp := to_timestamp('2023-05-01', 'YYYY-MM-DD');                  -- YYYY-MM-DD 00:00:00
old   8:   v_end_ts       timestamp := to_timestamp('&p_end_date',   'YYYY-MM-DD') + interval '1' day; -- (end + 1 day) 00:00:00
new   8:   v_end_ts       timestamp := to_timestamp('2024-03-01',   'YYYY-MM-DD') + interval '1' day; -- (end + 1 day) 00:00:00
TEST MODE: ROLLBACK enabled, stop_on_first_error=TRUE
Window (inclusive dates): 2023-05-01 .. 2024-03-01
DB check: current_db=SELODX, target_db=SELODX
Deleted |0| rows from |PS_SM_CO_ATTACH_H| for (PSARCH_ID= |SEAT1_XX,| PSARCH_BATCHNUM= |3|).
Deleted |0| rows from |PS_SM_OB_BGV_PRF_H| for (PSARCH_ID= |SEOB_XX,| PSARCH_BATCHNUM= |1|).
Deleted |0| rows from |PS_SM_OB_CAN_TD4_H| for (PSARCH_ID= |SEOB_XX,| PSARCH_BATCHNUM= |1|).
Deleted |0| rows from |PS_SM_OB_CC35_RE_H| for (PSARCH_ID= |SEOB_XX,| PSARCH_BATCHNUM= |1|).
Deleted |0| rows from |PS_SM_OB_CLNT_AK_H| for (PSARCH_ID= |SEOB_XX,| PSARCH_BATCHNUM= |1|).
Deleted |0| rows from |PS_SM_OB_CN_STAT_H| for (PSARCH_ID= |SEOB_XX,| PSARCH_BATCHNUM= |1|).
Deleted |0| rows from |PS_AG_OB_CA_MUTA_H| for (PSARCH_ID= |SEOB_XX,| PSARCH_BATCHNUM= |1|).
Deleted |0| rows from |PS_SM_OB_EC_VER_H| for (PSARCH_ID= |SEOB_XX,| PSARCH_BATCHNUM= |1|).
Deleted |0| rows from |PS_SM_OB_EG_ATRB_H| for (PSARCH_ID= |SEOB_XX,| PSARCH_BATCHNUM= |1|).
Deleted |0| rows from |PS_SM_OB_EMP_SUM_H| for (PSARCH_ID= |SEOB_XX,| PSARCH_BATCHNUM= |1|).
Deleted |0| rows from |PS_SM_OB_VETSEID_H| for (PSARCH_ID= |SEOB_XX,| PSARCH_BATCHNUM= |1|).
Deleted |0| rows from |PS_SM_OB_PERSON_H| for (PSARCH_ID= |SEOB_XX,| PSARCH_BATCHNUM= |1|).
Deleted |0| rows from |PS_SM_BP_DOC_INT_H| for (PSARCH_ID= |BPM3C_XX,| PSARCH_BATCHNUM= |13|).
Deleted |0| rows from |PS_SM_BP_PFM_XRF_H| for (PSARCH_ID= |BPM3D_XX,| PSARCH_BATCHNUM= |14|).
Deleted |0| rows from |PS_SM_BP_HLD_XRF_H| for (PSARCH_ID= |BPM3GXX,| PSARCH_BATCHNUM= |17|).
Deleted |0| rows from |PS_SM_BP_STP_INS_H| for (PSARCH_ID= |BPM2A_XX,| PSARCH_BATCHNUM= |7|).
Deleted |0| rows from |PS_AG_OB_SBI9_RC_H| for (PSARCH_ID= |SEOB_XX,| PSARCH_BATCHNUM= |1|).
Deleted |0| rows from |PS_AG_OB_CRML_CN_H| for (PSARCH_ID= |SEOB_XX,| PSARCH_BATCHNUM= |1|).
Deleted |0| rows from |PS_SM_OB_DIR_DEP_H| for (PSARCH_ID= |SEOB_XX,| PSARCH_BATCHNUM= |1|).
Deleted |0| rows from |PS_SM_OB_INVED_X_H| for (PSARCH_ID= |SEOB_XX,| PSARCH_BATCHNUM= |1|).
Deleted |0| rows from |PS_SM_OB_INV_EML_H| for (PSARCH_ID= |SEOB_XX,| PSARCH_BATCHNUM= |1|).
Deleted |0| rows from |PS_SM_OB_ONBS_EP_H| for (PSARCH_ID= |SEOB_XX,| PSARCH_BATCHNUM= |1|).
Deleted |0| rows from |PS_SM_OB_RGD_XRF_H| for (PSARCH_ID= |SEOB_XX,| PSARCH_BATCHNUM= |1|).
Deleted |0| rows from |PS_SM_OB_STATE_W_H| for (PSARCH_ID= |SEOB_XX,| PSARCH_BATCHNUM= |1|).
Deleted |0| rows from |PS_EMERG_CNTCT_H| for (PSARCH_ID= |EMP_XX,| PSARCH_BATCHNUM= |19|).
Deleted |0| rows from |PS_EMERGENCY_PHN_H| for (PSARCH_ID= |EMP_XX,| PSARCH_BATCHNUM= |19|).
Deleted |0| rows from |PS_HR_E_EMPID_H_XX| for (PSARCH_ID= |EMP_XX,| PSARCH_BATCHNUM= |19|).
Deleted |0| rows from |PS_JOB_H| for (PSARCH_ID= |EMP_XX,| PSARCH_BATCHNUM= |19|).
Deleted |0| rows from |PS_JOB_H_XX| for (PSARCH_ID= |EMP_XX,| PSARCH_BATCHNUM= |19|).
Deleted |0| rows from |PS_SM_OB_BGV_FDC_H| for (PSARCH_ID= |SEOB_XX,| PSARCH_BATCHNUM= |1|).
Deleted |0| rows from |PS_SM_OB_CN_BENR_H| for (PSARCH_ID= |SEOB_XX,| PSARCH_BATCHNUM= |1|).
Deleted |0| rows from |PS_SM_OB_COC_XRF_H| for (PSARCH_ID= |SEOB_XX,| PSARCH_BATCHNUM= |1|).
Deleted |0| rows from |PS_SM_OB_EC_AUDT_H| for (PSARCH_ID= |SEOB_XX,| PSARCH_BATCHNUM= |1|).
Deleted |0| rows from |PS_SM_OB_FED_WTH_H| for (PSARCH_ID= |SEOB_XX,| PSARCH_BATCHNUM= |1|).
Deleted |0| rows from |PS_SM_OB_XHR72TK_H| for (PSARCH_ID= |SEOB_XX,| PSARCH_BATCHNUM= |1|).
Deleted |0| rows from |PS_SM_BP_ACN_INT_H| for (PSARCH_ID= |BPM2A_XX,| PSARCH_BATCHNUM= |7|).
Deleted |0| rows from |PS_AG_OB_HEPTS_B_H| for (PSARCH_ID= |SEOB_XX,| PSARCH_BATCHNUM= |1|).
Deleted |0| rows from |PS_SM_BP_RST_PRS_H| for (PSARCH_ID= |BPM2C_XX,| PSARCH_BATCHNUM= |9|).
Deleted |0| rows from |PS_SM_OB_ADD_PAY_H| for (PSARCH_ID= |SEOB_XX,| PSARCH_BATCHNUM= |1|).
Deleted |0| rows from |PS_SM_OB_ATCH_EP_H| for (PSARCH_ID= |SEOB_XX,| PSARCH_BATCHNUM= |1|).
Deleted |0| rows from |PS_SM_OB_BV_PRED_H| for (PSARCH_ID= |SEOB_XX,| PSARCH_BATCHNUM= |1|).
Deleted |0| rows from |PS_SM_OB_BGV_STM_H| for (PSARCH_ID= |SEOB_XX,| PSARCH_BATCHNUM= |1|).
Deleted |0| rows from |PS_SM_OB_EMPR_RE_H| for (PSARCH_ID= |SEOB_XX,| PSARCH_BATCHNUM= |1|).
Deleted |0| rows from |PS_SM_OB_INV_ECN_H| for (PSARCH_ID= |SEOB_XX,| PSARCH_BATCHNUM= |1|).
Deleted |0| rows from |PS_SM_OB_TXTCT_X_H| for (PSARCH_ID= |SEOB_XX,| PSARCH_BATCHNUM= |1|).
Deleted |0| rows from |PS_DIVERS_ETHNIC_H| for (PSARCH_ID= |EMP_XX,| PSARCH_BATCHNUM= |19|).
Deleted |0| rows from |PS_JOB_JR_H| for (PSARCH_ID= |EMP_XX,| PSARCH_BATCHNUM= |19|).
Deleted |0| rows from |PS_PERSON_H| for (PSARCH_ID= |EMP_XX,| PSARCH_BATCHNUM= |19|).
Deleted |0| rows from |PS_PER_DAT_EFFDT_H| for (PSARCH_ID= |EMP_XX,| PSARCH_BATCHNUM= |19|).
Deleted |0| rows from |PS_PERS_DATA_USA_H| for (PSARCH_ID= |EMP_XX,| PSARCH_BATCHNUM= |19|).
Deleted |0| rows from |PS_SM_OB_EMPVERF_H| for (PSARCH_ID= |SEOB_XX,| PSARCH_BATCHNUM= |1|).
Deleted |0| rows from |PS_SM_OB_XHR60AG_H| for (PSARCH_ID= |SEOB_XX,| PSARCH_BATCHNUM= |1|).
Deleted |0| rows from |PS_SM_OB_XHR60TK_H| for (PSARCH_ID= |SEOB_XX,| PSARCH_BATCHNUM= |1|).
Deleted |0| rows from |PS_SM_BP_DF_XRF_H| for (PSARCH_ID= |BPM3FXX,| PSARCH_BATCHNUM= |16|).
Deleted |0| rows from |PS_AG_OB_MA_FMLA_H| for (PSARCH_ID= |SEOB_XX,| PSARCH_BATCHNUM= |1|).
Deleted |0| rows from |PS_AG_OB_CRML_CH_H| for (PSARCH_ID= |SEOB_XX,| PSARCH_BATCHNUM= |1|).
Deleted |0| rows from |PS_AG_OB_DSC_REL_H| for (PSARCH_ID= |SEOB_XX,| PSARCH_BATCHNUM= |1|).
Deleted |0| rows from |PS_AG_OB_EVNTAUD_H| for (PSARCH_ID= |SEOB_XX,| PSARCH_BATCHNUM= |1|).
Deleted |0| rows from |PS_SM_OB_AT_SM_R_H| for (PSARCH_ID= |SEOB_XX,| PSARCH_BATCHNUM= |1|).
Deleted |0| rows from |PS_SM_OB_CLT_AUD_H| for (PSARCH_ID= |SEOB_XX,| PSARCH_BATCHNUM= |1|).
Deleted |0| rows from |PS_SM_OB_EPGP_RE_H| for (PSARCH_ID= |SEOB_XX,| PSARCH_BATCHNUM= |1|).
Deleted |0| rows from |PS_PERSNAL_DATA_H| for (PSARCH_ID= |EMP_XX,| PSARCH_BATCHNUM= |19|).
Deleted |0| rows from |PS_NAMES_H| for (PSARCH_ID= |EMP_XX,| PSARCH_BATCHNUM= |19|).
Deleted |0| rows from |PS_SM_ATT_DB_SRV_H| for (PSARCH_ID= |SEATT_XX,| PSARCH_BATCHNUM= |2|).
Deleted |0| rows from |PS_AG_OB_VX_FG_R_H| for (PSARCH_ID= |SEOB_XX,| PSARCH_BATCHNUM= |1|).
Deleted |0| rows from |PS_SM_OB_AUD_XRF_H| for (PSARCH_ID= |SEOB_XX,| PSARCH_BATCHNUM= |1|).
Deleted |0| rows from |PS_SM_OB_BCH_DIS_H| for (PSARCH_ID= |SEOB_XX,| PSARCH_BATCHNUM= |1|).
Deleted |0| rows from |PS_SM_OB_COP_ACK_H| for (PSARCH_ID= |SEOB_XX,| PSARCH_BATCHNUM= |1|).
Deleted |0| rows from |PS_SM_OB_PAYOPTN_H| for (PSARCH_ID= |SEOB_XX,| PSARCH_BATCHNUM= |1|).
Deleted |0| rows from |PS_SM_BP_PRS_INS_H| for (PSARCH_ID= |BPM1A_XX,| PSARCH_BATCHNUM= |5|).
Deleted |0| rows from |PS_AG_OB_DSQ_HDR_H| for (PSARCH_ID= |SEOB_XX,| PSARCH_BATCHNUM= |1|).
Deleted |0| rows from |PS_SM_BP_SFM_XRF_H| for (PSARCH_ID= |BPM3E_XX,| PSARCH_BATCHNUM= |15|).
Deleted |0| rows from |PS_SM_BP_RST_RSN_H| for (PSARCH_ID= |BPM2C_XX,| PSARCH_BATCHNUM= |9|).
Deleted |0| rows from |PS_AG_OB_BOA_ADD_H| for (PSARCH_ID= |SEOB_XX,| PSARCH_BATCHNUM= |1|).
Deleted |0| rows from |PS_AG_OB_CL_INVN_H| for (PSARCH_ID= |SEOB_XX,| PSARCH_BATCHNUM= |1|).
Deleted |0| rows from |PS_AG_OB_DSC_FIN_H| for (PSARCH_ID= |SEOB_XX,| PSARCH_BATCHNUM= |1|).
Deleted |0| rows from |PS_AG_OB_ONBSE_A_H| for (PSARCH_ID= |SEOB_XX,| PSARCH_BATCHNUM= |1|).
Deleted |0| rows from |PS_SM_OB_BGV_OTN_H| for (PSARCH_ID= |SEOB_XX,| PSARCH_BATCHNUM= |1|).
Deleted |0| rows from |PS_SM_OB_EC_AUD_H| for (PSARCH_ID= |SEOB_XX,| PSARCH_BATCHNUM= |1|).
Deleted |0| rows from |PS_SM_OB_INV_ADD_H| for (PSARCH_ID= |SEOB_XX,| PSARCH_BATCHNUM= |1|).
Deleted |0| rows from |PS_SM_OB_PHONE_H| for (PSARCH_ID= |SEOB_XX,| PSARCH_BATCHNUM= |1|).
Deleted |0| rows from |PS_ADDL_PAY_DATA_H| for (PSARCH_ID= |EMP_XX,| PSARCH_BATCHNUM= |19|).
Deleted |0| rows from |PS_SM_OB_BGV_HCR_H| for (PSARCH_ID= |SEOB_XX,| PSARCH_BATCHNUM= |1|).
Deleted |0| rows from |PS_SM_OB_BGV_VCA_H| for (PSARCH_ID= |SEOB_XX,| PSARCH_BATCHNUM= |1|).
Deleted |0| rows from |PS_AG_OB_BOA_HDR_H| for (PSARCH_ID= |SEOB_XX,| PSARCH_BATCHNUM= |1|).
Deleted |0| rows from |PS_SM_OB_CAN_XHR_H| for (PSARCH_ID= |SEOB_XX,| PSARCH_BATCHNUM= |1|).
Deleted |0| rows from |PS_SM_OB_CN_TX_P_H| for (PSARCH_ID= |SEOB_XX,| PSARCH_BATCHNUM= |1|).
Deleted |0| rows from |PS_SM_OB_EC_QTN_H| for (PSARCH_ID= |SEOB_XX,| PSARCH_BATCHNUM= |1|).
Deleted |0| rows from |PS_SM_OB_INV_CRT_H| for (PSARCH_ID= |SEOB_XX,| PSARCH_BATCHNUM= |1|).
Deleted |0| rows from |PS_SM_OB_INV_PRC_H| for (PSARCH_ID= |SEOB_XX,| PSARCH_BATCHNUM= |1|).
Deleted |0| rows from |PS_SM_OB_W2_REC_H| for (PSARCH_ID= |SEOB_XX,| PSARCH_BATCHNUM= |1|).
Deleted |0| rows from |PS_AG_OB_DRG_AUT_H| for (PSARCH_ID= |SEOB_XX,| PSARCH_BATCHNUM= |1|).
Deleted |0| rows from |PS_SM_OB_XHR72AE_H| for (PSARCH_ID= |SEOB_XX,| PSARCH_BATCHNUM= |1|).
Deleted |0| rows from |PS_SM_OB_CLIN_AK_H| for (PSARCH_ID= |SEOB_XX,| PSARCH_BATCHNUM= |1|).
Deleted |0| rows from |PS_SM_BP_TIM_XRF_H| for (PSARCH_ID= |BPM3HXX,| PSARCH_BATCHNUM= |18|).
Deleted |0| rows from |PS_SM_BP_USR_INT_H| for (PSARCH_ID= |BPM3A_XX,| PSARCH_BATCHNUM= |11|).
Deleted |0| rows from |PS_SM_BP_RST_ACN_H| for (PSARCH_ID= |BPM2C_XX,| PSARCH_BATCHNUM= |9|).
Deleted |0| rows from |PS_SM_DF_STT_INT_H| for (PSARCH_ID= |BPM2E_XX,| PSARCH_BATCHNUM= |10|).
Deleted |0| rows from |PS_SM_OB_DF_XRF_H| for (PSARCH_ID= |BPM1B_XX,| PSARCH_BATCHNUM= |6|).
Deleted |0| rows from |PS_AG_OB_DSCQ_RF_H| for (PSARCH_ID= |SEOB_XX,| PSARCH_BATCHNUM= |1|).
Deleted |0| rows from |PS_AG_OB_ONBSE_P_H| for (PSARCH_ID= |SEOB_XX,| PSARCH_BATCHNUM= |1|).
Deleted |0| rows from |PS_SM_OB_AUD_HIS_H| for (PSARCH_ID= |SEOB_XX,| PSARCH_BATCHNUM= |1|).
Deleted |0| rows from |PS_SM_OB_INV_ADL_H| for (PSARCH_ID= |SEOB_XX,| PSARCH_BATCHNUM= |1|).
Deleted |0| rows from |PS_SM_OB_INV_HDR_H| for (PSARCH_ID= |SEOB_XX,| PSARCH_BATCHNUM= |1|).
Deleted |0| rows from |PS_PERS_NID_H| for (PSARCH_ID= |EMP_XX,| PSARCH_BATCHNUM= |19|).
Deleted |0| rows from |PS_SM_ATTACHMNT_H| for (PSARCH_ID= |SEAT1_XX,| PSARCH_BATCHNUM= |3|).
Deleted |0| rows from |PS_SM_OB_BGV_CRH_H| for (PSARCH_ID= |SEOB_XX,| PSARCH_BATCHNUM= |1|).
Deleted |0| rows from |PS_SM_OB_PRF_XRE_H| for (PSARCH_ID= |SEOB_XX,| PSARCH_BATCHNUM= |1|).
Deleted |0| rows from |PS_SM_OB_SELF_ID_H| for (PSARCH_ID= |SEOB_XX,| PSARCH_BATCHNUM= |1|).
Deleted |0| rows from |PS_SM_OB_UPDT_HR_H| for (PSARCH_ID= |SEOB_XX,| PSARCH_BATCHNUM= |1|).
Deleted |0| rows from |PS_SM_OB_XREF_H| for (PSARCH_ID= |SEOB1_XX,| PSARCH_BATCHNUM= |4|).
Deleted |0| rows from |PS_SM_BP_ACY_INT_H| for (PSARCH_ID= |BPM2B_XX,| PSARCH_BATCHNUM= |8|).
Deleted |0| rows from |PS_SM_DF_DOC_INT_H| for (PSARCH_ID= |BPM2E_XX,| PSARCH_BATCHNUM= |10|).
Deleted |0| rows from |PS_SM_OB_ADD_INF_H| for (PSARCH_ID= |SEOB_XX,| PSARCH_BATCHNUM= |1|).
Deleted |0| rows from |PS_SM_OB_ADDRESS_H| for (PSARCH_ID= |SEOB_XX,| PSARCH_BATCHNUM= |1|).
Deleted |0| rows from |PS_SM_OB_BONUS_H| for (PSARCH_ID= |SEOB_XX,| PSARCH_BATCHNUM= |1|).
Deleted |0| rows from |PS_SM_OB_EMAIL_H| for (PSARCH_ID= |SEOB_XX,| PSARCH_BATCHNUM= |1|).
Deleted |0| rows from |PS_SM_OB_INV_PHN_H| for (PSARCH_ID= |SEOB_XX,| PSARCH_BATCHNUM= |1|).
Deleted |0| rows from |PS_SM_OB_TAL_ICS_H| for (PSARCH_ID= |SEOB_XX,| PSARCH_BATCHNUM= |1|).
Deleted |0| rows from |PS_DISABILITY_H| for (PSARCH_ID= |EMP_XX,| PSARCH_BATCHNUM= |19|).
Deleted |0| rows from |PS_SM_OB_8850_RC_H| for (PSARCH_ID= |SEOB_XX,| PSARCH_BATCHNUM= |1|).
Deleted |0| rows from |PS_SM_OB_CAN_SLF_H| for (PSARCH_ID= |SEOB_XX,| PSARCH_BATCHNUM= |1|).
Deleted |0| rows from |PS_SM_OB_CAN_TAX_H| for (PSARCH_ID= |SEOB_XX,| PSARCH_BATCHNUM= |1|).
Deleted |0| rows from |PS_SM_OB_CHK_XRF_H| for (PSARCH_ID= |SEOB_XX,| PSARCH_BATCHNUM= |1|).
Deleted |0| rows from |PS_SM_OB_CN_F_WH_H| for (PSARCH_ID= |SEOB_XX,| PSARCH_BATCHNUM= |1|).
Deleted |0| rows from |PS_SM_OB_DAT_TRN_H| for (PSARCH_ID= |SEOB_XX,| PSARCH_BATCHNUM= |1|).
Deleted |0| rows from |PS_AG_OB_CRMN_BG_H| for (PSARCH_ID= |SEOB_XX,| PSARCH_BATCHNUM= |1|).
Deleted |0| rows from |PS_SM_OB_W4FTX_H| for (PSARCH_ID= |SEOB_XX,| PSARCH_BATCHNUM= |1|).
Deleted |0| rows from |PS_SM_BP_CSPL_XF_H| for (PSARCH_ID= |BPM1A_XX,| PSARCH_BATCHNUM= |5|).
Deleted |0| rows from |PS_SM_BP_CET_XRF_H| for (PSARCH_ID= |BPM3C_XX,| PSARCH_BATCHNUM= |13|).
Deleted |0| rows from |PS_SM_BP_WRK_ITM_H| for (PSARCH_ID= |BPM3B_XX,| PSARCH_BATCHNUM= |12|).
Deleted |0| rows from |PS_AG_OB_CG_INVN_H| for (PSARCH_ID= |SEOB_XX,| PSARCH_BATCHNUM= |1|).
Deleted |0| rows from |PS_SM_OB_BGV_PRV_H| for (PSARCH_ID= |SEOB_XX,| PSARCH_BATCHNUM= |1|).
Deleted |0| rows from |PS_SM_OB_BGV_PR_H| for (PSARCH_ID= |SEOB_XX,| PSARCH_BATCHNUM= |1|).
Deleted |0| rows from |PS_SM_OB_CLNT_AD_H| for (PSARCH_ID= |SEOB_XX,| PSARCH_BATCHNUM= |1|).
Deleted |0| rows from |PS_SM_OB_CORP_AD_H| for (PSARCH_ID= |SEOB_XX,| PSARCH_BATCHNUM= |1|).
Deleted |0| rows from |PS_SM_OB_COR_AUD_H| for (PSARCH_ID= |SEOB_XX,| PSARCH_BATCHNUM= |1|).
Deleted |0| rows from |PS_SM_OB_EMR_PHN_H| for (PSARCH_ID= |SEOB_XX,| PSARCH_BATCHNUM= |1|).
Deleted |0| rows from |PS_SM_OB_NAMES_H| for (PSARCH_ID= |SEOB_XX,| PSARCH_BATCHNUM= |1|).
Deleted |0| rows from |PS_SM_OB_CN_P_WT_H| for (PSARCH_ID= |SEOB_XX,| PSARCH_BATCHNUM= |1|).
Deleted |0| rows from |PS_SM_OB_HPA_TRN_H| for (PSARCH_ID= |SEOB_XX,| PSARCH_BATCHNUM= |1|).
Deleted |0| rows from |PS_SM_BP_MER_INT_H| for (PSARCH_ID= |BPM1A_XX,| PSARCH_BATCHNUM= |5|).
Deleted |0| rows from |PS_SM_BP_TXT_INT_H| for (PSARCH_ID= |BPM3C_XX,| PSARCH_BATCHNUM= |13|).
Deleted |0| rows from |PS_SM_BP_FOM_INT_H| for (PSARCH_ID= |BPM3D_XX,| PSARCH_BATCHNUM= |14|).
Deleted |0| rows from |PS_AG_OB_MLBRK_R_H| for (PSARCH_ID= |SEOB_XX,| PSARCH_BATCHNUM= |1|).
Deleted |0| rows from |PS_SM_OB_ATSM_LG_H| for (PSARCH_ID= |SEOB_XX,| PSARCH_BATCHNUM= |1|).
Deleted |0| rows from |PS_SM_OB_EDUVER_H| for (PSARCH_ID= |SEOB_XX,| PSARCH_BATCHNUM= |1|).
Deleted |0| rows from |PS_SM_OB_EMR_CNT_H| for (PSARCH_ID= |SEOB_XX,| PSARCH_BATCHNUM= |1|).
Deleted |0| rows from |PS_SM_OB_EMR_NAM_H| for (PSARCH_ID= |SEOB_XX,| PSARCH_BATCHNUM= |1|).
Deleted |0| rows from |PS_SM_OB_INV_DIS_H| for (PSARCH_ID= |SEOB_XX,| PSARCH_BATCHNUM= |1|).
Deleted |0| rows from |PS_ADDRESSES_H| for (PSARCH_ID= |EMP_XX,| PSARCH_BATCHNUM= |19|).
Deleted |0| rows from |PS_EMAIL_ADDRESS_H| for (PSARCH_ID= |EMP_XX,| PSARCH_BATCHNUM= |19|).
Deleted |0| rows from |PS_PERSONAL_PHN_H| for (PSARCH_ID= |EMP_XX,| PSARCH_BATCHNUM= |19|).
Deleted |0| rows from |PS_DIVERSITY_H| for (PSARCH_ID= |EMP_XX,| PSARCH_BATCHNUM= |19|).
TOTAL rows (attempted deletes, rolled back): 0

PL/SQL procedure successfully completed.

Elapsed: 00:00:04.59
12:10:34 SQL> spool off
=======
SQL> set autocommit off
SQL> set feedback on
SQL> set time on
12:10:01 SQL> set timing on
12:10:01 SQL> set trimspool on
12:10:01 SQL> set pagesize 32767
12:10:01 SQL> set linesize 1000
12:10:01 SQL> set long 1000
12:10:01 SQL> set longchunksize 1000
12:10:01 SQL> set define on
12:10:01 SQL> ttitle off
12:10:01 SQL> btitle off
12:10:01 SQL> alter session set nls_date_format = 'YYYY-MM-DD HH24:MI:SS';

Session altered.

Elapsed: 00:00:00.01
12:10:01 SQL> whenever oserror EXIT failure ROLLBACK
12:10:01 SQL> whenever sqlerror EXIT failure ROLLBACK
12:10:01 SQL> 
12:10:01 SQL> select instance_name from v$instance;

INSTANCE_NAME
----------------
SELODX1

1 row selected.

Elapsed: 00:00:00.04
12:10:01 SQL> 
12:10:01 SQL> -- **********************************************************************
12:10:01 SQL> -- SQL Script File Name: export_delete_script_final6_SE.SQL
12:10:01 SQL> -- **********************************************************************
12:10:01 SQL> -- TEST MODE: ROLLBACK instead of COMMIT (see comments)
12:10:01 SQL> -- Confidential - Allegis Group, Inc.
12:10:01 SQL> -- **********************************************************************
12:10:01 SQL> -- KEYWORD: ~XX
12:10:01 SQL> -- **********************************************************************
12:10:01 SQL> --
12:10:01 SQL> --	       Confidentiality Information:
12:10:01 SQL> --
12:10:01 SQL> -- This module is the confidential and proprietary information of
12:10:01 SQL> -- Allegis Group, Inc.; it is not to be copied, reproduced, or transmitted
12:10:01 SQL> -- in any form, by any means, in whole or in part, nor is it to be used
12:10:01 SQL> -- for any purpose other than that for which it is expressly provided
12:10:01 SQL> -- without the written permission of Allegis Group, Inc.
12:10:01 SQL> --
12:10:01 SQL> -- Copyright (c) 2002 Allegis Group, Inc. All Rights Reserved
12:10:01 SQL> --
12:10:01 SQL> -- **********************************************************************
12:10:01 SQL> -- Description:
12:10:01 SQL> --   Purges PS_* history rows matched via PSARCH tables within a date window.
12:10:01 SQL> --   TEST MODE: Uses ROLLBACK in place of COMMIT (see inline comments).
12:10:01 SQL> -- **********************************************************************
12:10:01 SQL> -- Note: RUN AS SYSADM
12:10:01 SQL> -- HISTORY:
12:10:01 SQL> -- 2025-12-25  Anandmohan Singh  SQL*Plus refactor; test-mode rollbacks
12:10:01 SQL> -- 2026-01-06  Linux-friendly; runtime prompts; no default target DB
12:10:01 SQL> -- **********************************************************************
12:10:01 SQL> 
12:10:01 SQL> -- =========[ Runtime Parameters via command line ]=========
12:10:01 SQL> -- Usage:
12:10:01 SQL> --   sqlplus sysadm/*******@SERVICE @export_delete_script_final6_SE.SQL <DB_NAME> <START_DATE> <END_DATE>
12:10:01 SQL> -- Example:
12:10:01 SQL> --   sqlplus sysadm/*******@FSSNDX    @export_delete_script_final6_SE.SQL FSSNDX 2025-12-01 2025-12-31
12:10:01 SQL> -- Notes:
12:10:01 SQL> --   Dates must be YYYY-MM-DD. End date is inclusive.
12:10:01 SQL> --   Parameter positions: &1=DB_NAME, &2=START_DATE, &3=END_DATE
12:10:01 SQL> 
12:10:01 SQL> -- Map positional parameters to named defines (so the rest of the block stays untouched)
12:10:01 SQL> define p_target_db = '&1'
Enter value for 1: SELODX
12:10:07 SQL> define p_start_date = '&2'
Enter value for 2: 2023-05-01
12:10:17 SQL> define p_end_date   = '&3'
Enter value for 3: 2024-03-01
12:10:30 SQL> 
12:10:30 SQL> -- =========[ Variable Block ]=========
12:10:30 SQL> declare
12:10:30   2  	v_current_db   varchar2(30);
12:10:30   3  	v_target_db    varchar2(30) := '&p_target_db';
12:10:30   4  
12:10:30   5  	-- Convert input dates to timestamps at midnight.
12:10:30   6  	-- End date is inclusive: add 1 day and use < v_end_ts comparison.
12:10:30   7  	v_start_ts     timestamp := to_timestamp('&p_start_date', 'YYYY-MM-DD');		  -- YYYY-MM-DD 00:00:00
12:10:30   8  	v_end_ts       timestamp := to_timestamp('&p_end_date',   'YYYY-MM-DD') + interval '1' day; -- (end + 1 day) 00:00:00
12:10:30   9  
12:10:30  10  	v_sql	       varchar2(2000);
12:10:30  11  	v_rows	       pls_integer;
12:10:30  12  	v_total_rows   pls_integer := 0;
12:10:30  13  
12:10:30  14  	-- Stop on first error? (kept TRUE as in your test mode)
12:10:30  15  	c_stop_on_first_error constant boolean := TRUE;
12:10:30  16  
12:10:30  17  	function safe_tbl(rec_name in varchar2) return varchar2 is
12:10:30  18  	begin
12:10:30  19  	  return 'PS_' || dbms_assert.simple_sql_name(rec_name);
12:10:30  20  	end;
12:10:30  21  
12:10:30  22  	procedure log_error(p_tbl in varchar2, p_id in varchar2, p_batch in number) is
12:10:30  23  	begin
12:10:30  24  	  dbms_output.put_line(
12:10:30  25  	    'ERROR on '||p_tbl||
12:10:30  26  	    ' (PSARCH_ID='||p_id||', PSARCH_BATCHNUM='||p_batch||'):'||
12:10:30  27  	    chr(10)||'	SQLERRM: '||sqlerrm||
12:10:30  28  	    chr(10)||'	BACKTRACE: '||dbms_utility.format_error_backtrace
12:10:30  29  	  );
12:10:30  30  	end;
12:10:30  31  begin
12:10:30  32  	-- Derive current DB at runtime
12:10:30  33  	select sys_context('USERENV','DB_NAME') into v_current_db from dual;
12:10:30  34  
12:10:30  35  	if v_target_db is null then
12:10:30  36  	  raise_application_error(-20000, 'Target DB name is required. Aborting.');
12:10:30  37  	end if;
12:10:30  38  
12:10:30  39  	if v_current_db <> v_target_db then
12:10:30  40  	  dbms_output.put_line('ABORT: DB_NAME='||v_current_db||' != target='||v_target_db);
12:10:30  41  	  return;
12:10:30  42  	end if;
12:10:30  43  
12:10:30  44  	-- Validate date window (after inclusive adjustment)
12:10:30  45  	if v_end_ts <= v_start_ts then
12:10:30  46  	  raise_application_error(-20001, 'End date must be the same or after start date.');
12:10:30  47  	end if;
12:10:30  48  
12:10:30  49  	dbms_output.put_line('TEST MODE: ROLLBACK enabled, stop_on_first_error='||
12:10:30  50  			     case when c_stop_on_first_error then 'TRUE' else 'FALSE' end);
12:10:30  51  	dbms_output.put_line('Window (inclusive dates): '||
12:10:30  52  			     to_char(v_start_ts,'YYYY-MM-DD')||' .. '||
12:10:30  53  			     to_char(v_end_ts - interval '1' day,'YYYY-MM-DD'));
12:10:30  54  	dbms_output.put_line('DB check: current_db='||v_current_db||', target_db='||v_target_db);
12:10:30  55  
12:10:30  56  	-- Optional cache flush (requires privileges). Comment out if not granted.
12:10:30  57  	begin
12:10:30  58  	  execute immediate 'alter system flush buffer_cache';
12:10:30  59  	  execute immediate 'alter system flush shared_pool';
12:10:30  60  	exception
12:10:30  61  	  when others then
12:10:30  62  	    dbms_output.put_line('Note: alter system flush skipped: '||sqlerrm);
12:10:30  63  	end;
12:10:30  64  
12:10:30  65  	for r in (
12:10:30  66  	  select /*+ ORDERED */
12:10:30  67  		 distinct a.hist_recname, b.psarch_batchnum, b.psarch_id
12:10:30  68  	    from psarchbatch b
12:10:30  69  	    join psarchtempobj t on b.psarch_id = t.psarch_id
12:10:30  70  	    join psarchobjrec a  on t.psarch_object = a.psarch_object
12:10:30  71  	   where b.psarch_dttm >= v_start_ts
12:10:30  72  	     and b.psarch_dttm <  v_end_ts
12:10:30  73  	) loop
12:10:30  74  	  declare
12:10:30  75  	    v_tbl varchar2(128) := safe_tbl(r.hist_recname);
12:10:30  76  	  begin
12:10:30  77  	    savepoint one_row;
12:10:30  78  
12:10:30  79  	    v_sql := 'delete from '||v_tbl||
12:10:30  80  		     ' where psarch_id = :1 and psarch_batchnum = :2';
12:10:30  81  	    execute immediate v_sql using r.psarch_id, r.psarch_batchnum;
12:10:30  82  
12:10:30  83  	    v_rows := sql%rowcount;
12:10:30  84  	    v_total_rows := v_total_rows + nvl(v_rows,0);
12:10:30  85  
12:10:30  86  	    dbms_output.put_line('Deleted |'||v_rows||'| rows from |'||v_tbl||
12:10:30  87  				 '| for (PSARCH_ID= |'||r.psarch_id||
12:10:30  88  				 ',| PSARCH_BATCHNUM= |'||r.psarch_batchnum||'|).');
12:10:30  89  
12:10:30  90  	    -- TEST MODE: rollback this iteration
12:10:30  91  	    rollback to savepoint one_row;
12:10:30  92  
12:10:30  93  	  exception
12:10:30  94  	    when others then
12:10:30  95  	      rollback to savepoint one_row;
12:10:30  96  	      log_error(v_tbl, r.psarch_id, r.psarch_batchnum);
12:10:30  97  
12:10:30  98  	      if c_stop_on_first_error then
12:10:30  99  		raise;
12:10:30 100  	      end if;
12:10:30 101  	  end;
12:10:30 102  	end loop;
12:10:30 103  
12:10:30 104  	dbms_output.put_line('TOTAL rows (attempted deletes, rolled back): '||v_total_rows);
12:10:30 105  
12:10:30 106  	-- TEST MODE: rollback entire session
12:10:30 107  	rollback;
12:10:30 108  
12:10:30 109  end;
12:10:30 110  /
old   3:   v_target_db    varchar2(30) := '&p_target_db';
new   3:   v_target_db    varchar2(30) := 'SELODX';
old   7:   v_start_ts     timestamp := to_timestamp('&p_start_date', 'YYYY-MM-DD');                  -- YYYY-MM-DD 00:00:00
new   7:   v_start_ts     timestamp := to_timestamp('2023-05-01', 'YYYY-MM-DD');                  -- YYYY-MM-DD 00:00:00
old   8:   v_end_ts       timestamp := to_timestamp('&p_end_date',   'YYYY-MM-DD') + interval '1' day; -- (end + 1 day) 00:00:00
new   8:   v_end_ts       timestamp := to_timestamp('2024-03-01',   'YYYY-MM-DD') + interval '1' day; -- (end + 1 day) 00:00:00
TEST MODE: ROLLBACK enabled, stop_on_first_error=TRUE
Window (inclusive dates): 2023-05-01 .. 2024-03-01
DB check: current_db=SELODX, target_db=SELODX
Deleted |0| rows from |PS_SM_CO_ATTACH_H| for (PSARCH_ID= |SEAT1_XX,| PSARCH_BATCHNUM= |3|).
Deleted |0| rows from |PS_SM_OB_BGV_PRF_H| for (PSARCH_ID= |SEOB_XX,| PSARCH_BATCHNUM= |1|).
Deleted |0| rows from |PS_SM_OB_CAN_TD4_H| for (PSARCH_ID= |SEOB_XX,| PSARCH_BATCHNUM= |1|).
Deleted |0| rows from |PS_SM_OB_CC35_RE_H| for (PSARCH_ID= |SEOB_XX,| PSARCH_BATCHNUM= |1|).
Deleted |0| rows from |PS_SM_OB_CLNT_AK_H| for (PSARCH_ID= |SEOB_XX,| PSARCH_BATCHNUM= |1|).
Deleted |0| rows from |PS_SM_OB_CN_STAT_H| for (PSARCH_ID= |SEOB_XX,| PSARCH_BATCHNUM= |1|).
Deleted |0| rows from |PS_AG_OB_CA_MUTA_H| for (PSARCH_ID= |SEOB_XX,| PSARCH_BATCHNUM= |1|).
Deleted |0| rows from |PS_SM_OB_EC_VER_H| for (PSARCH_ID= |SEOB_XX,| PSARCH_BATCHNUM= |1|).
Deleted |0| rows from |PS_SM_OB_EG_ATRB_H| for (PSARCH_ID= |SEOB_XX,| PSARCH_BATCHNUM= |1|).
Deleted |0| rows from |PS_SM_OB_EMP_SUM_H| for (PSARCH_ID= |SEOB_XX,| PSARCH_BATCHNUM= |1|).
Deleted |0| rows from |PS_SM_OB_VETSEID_H| for (PSARCH_ID= |SEOB_XX,| PSARCH_BATCHNUM= |1|).
Deleted |0| rows from |PS_SM_OB_PERSON_H| for (PSARCH_ID= |SEOB_XX,| PSARCH_BATCHNUM= |1|).
Deleted |0| rows from |PS_SM_BP_DOC_INT_H| for (PSARCH_ID= |BPM3C_XX,| PSARCH_BATCHNUM= |13|).
Deleted |0| rows from |PS_SM_BP_PFM_XRF_H| for (PSARCH_ID= |BPM3D_XX,| PSARCH_BATCHNUM= |14|).
Deleted |0| rows from |PS_SM_BP_HLD_XRF_H| for (PSARCH_ID= |BPM3GXX,| PSARCH_BATCHNUM= |17|).
Deleted |0| rows from |PS_SM_BP_STP_INS_H| for (PSARCH_ID= |BPM2A_XX,| PSARCH_BATCHNUM= |7|).
Deleted |0| rows from |PS_AG_OB_SBI9_RC_H| for (PSARCH_ID= |SEOB_XX,| PSARCH_BATCHNUM= |1|).
Deleted |0| rows from |PS_AG_OB_CRML_CN_H| for (PSARCH_ID= |SEOB_XX,| PSARCH_BATCHNUM= |1|).
Deleted |0| rows from |PS_SM_OB_DIR_DEP_H| for (PSARCH_ID= |SEOB_XX,| PSARCH_BATCHNUM= |1|).
Deleted |0| rows from |PS_SM_OB_INVED_X_H| for (PSARCH_ID= |SEOB_XX,| PSARCH_BATCHNUM= |1|).
Deleted |0| rows from |PS_SM_OB_INV_EML_H| for (PSARCH_ID= |SEOB_XX,| PSARCH_BATCHNUM= |1|).
Deleted |0| rows from |PS_SM_OB_ONBS_EP_H| for (PSARCH_ID= |SEOB_XX,| PSARCH_BATCHNUM= |1|).
Deleted |0| rows from |PS_SM_OB_RGD_XRF_H| for (PSARCH_ID= |SEOB_XX,| PSARCH_BATCHNUM= |1|).
Deleted |0| rows from |PS_SM_OB_STATE_W_H| for (PSARCH_ID= |SEOB_XX,| PSARCH_BATCHNUM= |1|).
Deleted |0| rows from |PS_EMERG_CNTCT_H| for (PSARCH_ID= |EMP_XX,| PSARCH_BATCHNUM= |19|).
Deleted |0| rows from |PS_EMERGENCY_PHN_H| for (PSARCH_ID= |EMP_XX,| PSARCH_BATCHNUM= |19|).
Deleted |0| rows from |PS_HR_E_EMPID_H_XX| for (PSARCH_ID= |EMP_XX,| PSARCH_BATCHNUM= |19|).
Deleted |0| rows from |PS_JOB_H| for (PSARCH_ID= |EMP_XX,| PSARCH_BATCHNUM= |19|).
Deleted |0| rows from |PS_JOB_H_XX| for (PSARCH_ID= |EMP_XX,| PSARCH_BATCHNUM= |19|).
Deleted |0| rows from |PS_SM_OB_BGV_FDC_H| for (PSARCH_ID= |SEOB_XX,| PSARCH_BATCHNUM= |1|).
Deleted |0| rows from |PS_SM_OB_CN_BENR_H| for (PSARCH_ID= |SEOB_XX,| PSARCH_BATCHNUM= |1|).
Deleted |0| rows from |PS_SM_OB_COC_XRF_H| for (PSARCH_ID= |SEOB_XX,| PSARCH_BATCHNUM= |1|).
Deleted |0| rows from |PS_SM_OB_EC_AUDT_H| for (PSARCH_ID= |SEOB_XX,| PSARCH_BATCHNUM= |1|).
Deleted |0| rows from |PS_SM_OB_FED_WTH_H| for (PSARCH_ID= |SEOB_XX,| PSARCH_BATCHNUM= |1|).
Deleted |0| rows from |PS_SM_OB_XHR72TK_H| for (PSARCH_ID= |SEOB_XX,| PSARCH_BATCHNUM= |1|).
Deleted |0| rows from |PS_SM_BP_ACN_INT_H| for (PSARCH_ID= |BPM2A_XX,| PSARCH_BATCHNUM= |7|).
Deleted |0| rows from |PS_AG_OB_HEPTS_B_H| for (PSARCH_ID= |SEOB_XX,| PSARCH_BATCHNUM= |1|).
Deleted |0| rows from |PS_SM_BP_RST_PRS_H| for (PSARCH_ID= |BPM2C_XX,| PSARCH_BATCHNUM= |9|).
Deleted |0| rows from |PS_SM_OB_ADD_PAY_H| for (PSARCH_ID= |SEOB_XX,| PSARCH_BATCHNUM= |1|).
Deleted |0| rows from |PS_SM_OB_ATCH_EP_H| for (PSARCH_ID= |SEOB_XX,| PSARCH_BATCHNUM= |1|).
Deleted |0| rows from |PS_SM_OB_BV_PRED_H| for (PSARCH_ID= |SEOB_XX,| PSARCH_BATCHNUM= |1|).
Deleted |0| rows from |PS_SM_OB_BGV_STM_H| for (PSARCH_ID= |SEOB_XX,| PSARCH_BATCHNUM= |1|).
Deleted |0| rows from |PS_SM_OB_EMPR_RE_H| for (PSARCH_ID= |SEOB_XX,| PSARCH_BATCHNUM= |1|).
Deleted |0| rows from |PS_SM_OB_INV_ECN_H| for (PSARCH_ID= |SEOB_XX,| PSARCH_BATCHNUM= |1|).
Deleted |0| rows from |PS_SM_OB_TXTCT_X_H| for (PSARCH_ID= |SEOB_XX,| PSARCH_BATCHNUM= |1|).
Deleted |0| rows from |PS_DIVERS_ETHNIC_H| for (PSARCH_ID= |EMP_XX,| PSARCH_BATCHNUM= |19|).
Deleted |0| rows from |PS_JOB_JR_H| for (PSARCH_ID= |EMP_XX,| PSARCH_BATCHNUM= |19|).
Deleted |0| rows from |PS_PERSON_H| for (PSARCH_ID= |EMP_XX,| PSARCH_BATCHNUM= |19|).
Deleted |0| rows from |PS_PER_DAT_EFFDT_H| for (PSARCH_ID= |EMP_XX,| PSARCH_BATCHNUM= |19|).
Deleted |0| rows from |PS_PERS_DATA_USA_H| for (PSARCH_ID= |EMP_XX,| PSARCH_BATCHNUM= |19|).
Deleted |0| rows from |PS_SM_OB_EMPVERF_H| for (PSARCH_ID= |SEOB_XX,| PSARCH_BATCHNUM= |1|).
Deleted |0| rows from |PS_SM_OB_XHR60AG_H| for (PSARCH_ID= |SEOB_XX,| PSARCH_BATCHNUM= |1|).
Deleted |0| rows from |PS_SM_OB_XHR60TK_H| for (PSARCH_ID= |SEOB_XX,| PSARCH_BATCHNUM= |1|).
Deleted |0| rows from |PS_SM_BP_DF_XRF_H| for (PSARCH_ID= |BPM3FXX,| PSARCH_BATCHNUM= |16|).
Deleted |0| rows from |PS_AG_OB_MA_FMLA_H| for (PSARCH_ID= |SEOB_XX,| PSARCH_BATCHNUM= |1|).
Deleted |0| rows from |PS_AG_OB_CRML_CH_H| for (PSARCH_ID= |SEOB_XX,| PSARCH_BATCHNUM= |1|).
Deleted |0| rows from |PS_AG_OB_DSC_REL_H| for (PSARCH_ID= |SEOB_XX,| PSARCH_BATCHNUM= |1|).
Deleted |0| rows from |PS_AG_OB_EVNTAUD_H| for (PSARCH_ID= |SEOB_XX,| PSARCH_BATCHNUM= |1|).
Deleted |0| rows from |PS_SM_OB_AT_SM_R_H| for (PSARCH_ID= |SEOB_XX,| PSARCH_BATCHNUM= |1|).
Deleted |0| rows from |PS_SM_OB_CLT_AUD_H| for (PSARCH_ID= |SEOB_XX,| PSARCH_BATCHNUM= |1|).
Deleted |0| rows from |PS_SM_OB_EPGP_RE_H| for (PSARCH_ID= |SEOB_XX,| PSARCH_BATCHNUM= |1|).
Deleted |0| rows from |PS_PERSNAL_DATA_H| for (PSARCH_ID= |EMP_XX,| PSARCH_BATCHNUM= |19|).
Deleted |0| rows from |PS_NAMES_H| for (PSARCH_ID= |EMP_XX,| PSARCH_BATCHNUM= |19|).
Deleted |0| rows from |PS_SM_ATT_DB_SRV_H| for (PSARCH_ID= |SEATT_XX,| PSARCH_BATCHNUM= |2|).
Deleted |0| rows from |PS_AG_OB_VX_FG_R_H| for (PSARCH_ID= |SEOB_XX,| PSARCH_BATCHNUM= |1|).
Deleted |0| rows from |PS_SM_OB_AUD_XRF_H| for (PSARCH_ID= |SEOB_XX,| PSARCH_BATCHNUM= |1|).
Deleted |0| rows from |PS_SM_OB_BCH_DIS_H| for (PSARCH_ID= |SEOB_XX,| PSARCH_BATCHNUM= |1|).
Deleted |0| rows from |PS_SM_OB_COP_ACK_H| for (PSARCH_ID= |SEOB_XX,| PSARCH_BATCHNUM= |1|).
Deleted |0| rows from |PS_SM_OB_PAYOPTN_H| for (PSARCH_ID= |SEOB_XX,| PSARCH_BATCHNUM= |1|).
Deleted |0| rows from |PS_SM_BP_PRS_INS_H| for (PSARCH_ID= |BPM1A_XX,| PSARCH_BATCHNUM= |5|).
Deleted |0| rows from |PS_AG_OB_DSQ_HDR_H| for (PSARCH_ID= |SEOB_XX,| PSARCH_BATCHNUM= |1|).
Deleted |0| rows from |PS_SM_BP_SFM_XRF_H| for (PSARCH_ID= |BPM3E_XX,| PSARCH_BATCHNUM= |15|).
Deleted |0| rows from |PS_SM_BP_RST_RSN_H| for (PSARCH_ID= |BPM2C_XX,| PSARCH_BATCHNUM= |9|).
Deleted |0| rows from |PS_AG_OB_BOA_ADD_H| for (PSARCH_ID= |SEOB_XX,| PSARCH_BATCHNUM= |1|).
Deleted |0| rows from |PS_AG_OB_CL_INVN_H| for (PSARCH_ID= |SEOB_XX,| PSARCH_BATCHNUM= |1|).
Deleted |0| rows from |PS_AG_OB_DSC_FIN_H| for (PSARCH_ID= |SEOB_XX,| PSARCH_BATCHNUM= |1|).
Deleted |0| rows from |PS_AG_OB_ONBSE_A_H| for (PSARCH_ID= |SEOB_XX,| PSARCH_BATCHNUM= |1|).
Deleted |0| rows from |PS_SM_OB_BGV_OTN_H| for (PSARCH_ID= |SEOB_XX,| PSARCH_BATCHNUM= |1|).
Deleted |0| rows from |PS_SM_OB_EC_AUD_H| for (PSARCH_ID= |SEOB_XX,| PSARCH_BATCHNUM= |1|).
Deleted |0| rows from |PS_SM_OB_INV_ADD_H| for (PSARCH_ID= |SEOB_XX,| PSARCH_BATCHNUM= |1|).
Deleted |0| rows from |PS_SM_OB_PHONE_H| for (PSARCH_ID= |SEOB_XX,| PSARCH_BATCHNUM= |1|).
Deleted |0| rows from |PS_ADDL_PAY_DATA_H| for (PSARCH_ID= |EMP_XX,| PSARCH_BATCHNUM= |19|).
Deleted |0| rows from |PS_SM_OB_BGV_HCR_H| for (PSARCH_ID= |SEOB_XX,| PSARCH_BATCHNUM= |1|).
Deleted |0| rows from |PS_SM_OB_BGV_VCA_H| for (PSARCH_ID= |SEOB_XX,| PSARCH_BATCHNUM= |1|).
Deleted |0| rows from |PS_AG_OB_BOA_HDR_H| for (PSARCH_ID= |SEOB_XX,| PSARCH_BATCHNUM= |1|).
Deleted |0| rows from |PS_SM_OB_CAN_XHR_H| for (PSARCH_ID= |SEOB_XX,| PSARCH_BATCHNUM= |1|).
Deleted |0| rows from |PS_SM_OB_CN_TX_P_H| for (PSARCH_ID= |SEOB_XX,| PSARCH_BATCHNUM= |1|).
Deleted |0| rows from |PS_SM_OB_EC_QTN_H| for (PSARCH_ID= |SEOB_XX,| PSARCH_BATCHNUM= |1|).
Deleted |0| rows from |PS_SM_OB_INV_CRT_H| for (PSARCH_ID= |SEOB_XX,| PSARCH_BATCHNUM= |1|).
Deleted |0| rows from |PS_SM_OB_INV_PRC_H| for (PSARCH_ID= |SEOB_XX,| PSARCH_BATCHNUM= |1|).
Deleted |0| rows from |PS_SM_OB_W2_REC_H| for (PSARCH_ID= |SEOB_XX,| PSARCH_BATCHNUM= |1|).
Deleted |0| rows from |PS_AG_OB_DRG_AUT_H| for (PSARCH_ID= |SEOB_XX,| PSARCH_BATCHNUM= |1|).
Deleted |0| rows from |PS_SM_OB_XHR72AE_H| for (PSARCH_ID= |SEOB_XX,| PSARCH_BATCHNUM= |1|).
Deleted |0| rows from |PS_SM_OB_CLIN_AK_H| for (PSARCH_ID= |SEOB_XX,| PSARCH_BATCHNUM= |1|).
Deleted |0| rows from |PS_SM_BP_TIM_XRF_H| for (PSARCH_ID= |BPM3HXX,| PSARCH_BATCHNUM= |18|).
Deleted |0| rows from |PS_SM_BP_USR_INT_H| for (PSARCH_ID= |BPM3A_XX,| PSARCH_BATCHNUM= |11|).
Deleted |0| rows from |PS_SM_BP_RST_ACN_H| for (PSARCH_ID= |BPM2C_XX,| PSARCH_BATCHNUM= |9|).
Deleted |0| rows from |PS_SM_DF_STT_INT_H| for (PSARCH_ID= |BPM2E_XX,| PSARCH_BATCHNUM= |10|).
Deleted |0| rows from |PS_SM_OB_DF_XRF_H| for (PSARCH_ID= |BPM1B_XX,| PSARCH_BATCHNUM= |6|).
Deleted |0| rows from |PS_AG_OB_DSCQ_RF_H| for (PSARCH_ID= |SEOB_XX,| PSARCH_BATCHNUM= |1|).
Deleted |0| rows from |PS_AG_OB_ONBSE_P_H| for (PSARCH_ID= |SEOB_XX,| PSARCH_BATCHNUM= |1|).
Deleted |0| rows from |PS_SM_OB_AUD_HIS_H| for (PSARCH_ID= |SEOB_XX,| PSARCH_BATCHNUM= |1|).
Deleted |0| rows from |PS_SM_OB_INV_ADL_H| for (PSARCH_ID= |SEOB_XX,| PSARCH_BATCHNUM= |1|).
Deleted |0| rows from |PS_SM_OB_INV_HDR_H| for (PSARCH_ID= |SEOB_XX,| PSARCH_BATCHNUM= |1|).
Deleted |0| rows from |PS_PERS_NID_H| for (PSARCH_ID= |EMP_XX,| PSARCH_BATCHNUM= |19|).
Deleted |0| rows from |PS_SM_ATTACHMNT_H| for (PSARCH_ID= |SEAT1_XX,| PSARCH_BATCHNUM= |3|).
Deleted |0| rows from |PS_SM_OB_BGV_CRH_H| for (PSARCH_ID= |SEOB_XX,| PSARCH_BATCHNUM= |1|).
Deleted |0| rows from |PS_SM_OB_PRF_XRE_H| for (PSARCH_ID= |SEOB_XX,| PSARCH_BATCHNUM= |1|).
Deleted |0| rows from |PS_SM_OB_SELF_ID_H| for (PSARCH_ID= |SEOB_XX,| PSARCH_BATCHNUM= |1|).
Deleted |0| rows from |PS_SM_OB_UPDT_HR_H| for (PSARCH_ID= |SEOB_XX,| PSARCH_BATCHNUM= |1|).
Deleted |0| rows from |PS_SM_OB_XREF_H| for (PSARCH_ID= |SEOB1_XX,| PSARCH_BATCHNUM= |4|).
Deleted |0| rows from |PS_SM_BP_ACY_INT_H| for (PSARCH_ID= |BPM2B_XX,| PSARCH_BATCHNUM= |8|).
Deleted |0| rows from |PS_SM_DF_DOC_INT_H| for (PSARCH_ID= |BPM2E_XX,| PSARCH_BATCHNUM= |10|).
Deleted |0| rows from |PS_SM_OB_ADD_INF_H| for (PSARCH_ID= |SEOB_XX,| PSARCH_BATCHNUM= |1|).
Deleted |0| rows from |PS_SM_OB_ADDRESS_H| for (PSARCH_ID= |SEOB_XX,| PSARCH_BATCHNUM= |1|).
Deleted |0| rows from |PS_SM_OB_BONUS_H| for (PSARCH_ID= |SEOB_XX,| PSARCH_BATCHNUM= |1|).
Deleted |0| rows from |PS_SM_OB_EMAIL_H| for (PSARCH_ID= |SEOB_XX,| PSARCH_BATCHNUM= |1|).
Deleted |0| rows from |PS_SM_OB_INV_PHN_H| for (PSARCH_ID= |SEOB_XX,| PSARCH_BATCHNUM= |1|).
Deleted |0| rows from |PS_SM_OB_TAL_ICS_H| for (PSARCH_ID= |SEOB_XX,| PSARCH_BATCHNUM= |1|).
Deleted |0| rows from |PS_DISABILITY_H| for (PSARCH_ID= |EMP_XX,| PSARCH_BATCHNUM= |19|).
Deleted |0| rows from |PS_SM_OB_8850_RC_H| for (PSARCH_ID= |SEOB_XX,| PSARCH_BATCHNUM= |1|).
Deleted |0| rows from |PS_SM_OB_CAN_SLF_H| for (PSARCH_ID= |SEOB_XX,| PSARCH_BATCHNUM= |1|).
Deleted |0| rows from |PS_SM_OB_CAN_TAX_H| for (PSARCH_ID= |SEOB_XX,| PSARCH_BATCHNUM= |1|).
Deleted |0| rows from |PS_SM_OB_CHK_XRF_H| for (PSARCH_ID= |SEOB_XX,| PSARCH_BATCHNUM= |1|).
Deleted |0| rows from |PS_SM_OB_CN_F_WH_H| for (PSARCH_ID= |SEOB_XX,| PSARCH_BATCHNUM= |1|).
Deleted |0| rows from |PS_SM_OB_DAT_TRN_H| for (PSARCH_ID= |SEOB_XX,| PSARCH_BATCHNUM= |1|).
Deleted |0| rows from |PS_AG_OB_CRMN_BG_H| for (PSARCH_ID= |SEOB_XX,| PSARCH_BATCHNUM= |1|).
Deleted |0| rows from |PS_SM_OB_W4FTX_H| for (PSARCH_ID= |SEOB_XX,| PSARCH_BATCHNUM= |1|).
Deleted |0| rows from |PS_SM_BP_CSPL_XF_H| for (PSARCH_ID= |BPM1A_XX,| PSARCH_BATCHNUM= |5|).
Deleted |0| rows from |PS_SM_BP_CET_XRF_H| for (PSARCH_ID= |BPM3C_XX,| PSARCH_BATCHNUM= |13|).
Deleted |0| rows from |PS_SM_BP_WRK_ITM_H| for (PSARCH_ID= |BPM3B_XX,| PSARCH_BATCHNUM= |12|).
Deleted |0| rows from |PS_AG_OB_CG_INVN_H| for (PSARCH_ID= |SEOB_XX,| PSARCH_BATCHNUM= |1|).
Deleted |0| rows from |PS_SM_OB_BGV_PRV_H| for (PSARCH_ID= |SEOB_XX,| PSARCH_BATCHNUM= |1|).
Deleted |0| rows from |PS_SM_OB_BGV_PR_H| for (PSARCH_ID= |SEOB_XX,| PSARCH_BATCHNUM= |1|).
Deleted |0| rows from |PS_SM_OB_CLNT_AD_H| for (PSARCH_ID= |SEOB_XX,| PSARCH_BATCHNUM= |1|).
Deleted |0| rows from |PS_SM_OB_CORP_AD_H| for (PSARCH_ID= |SEOB_XX,| PSARCH_BATCHNUM= |1|).
Deleted |0| rows from |PS_SM_OB_COR_AUD_H| for (PSARCH_ID= |SEOB_XX,| PSARCH_BATCHNUM= |1|).
Deleted |0| rows from |PS_SM_OB_EMR_PHN_H| for (PSARCH_ID= |SEOB_XX,| PSARCH_BATCHNUM= |1|).
Deleted |0| rows from |PS_SM_OB_NAMES_H| for (PSARCH_ID= |SEOB_XX,| PSARCH_BATCHNUM= |1|).
Deleted |0| rows from |PS_SM_OB_CN_P_WT_H| for (PSARCH_ID= |SEOB_XX,| PSARCH_BATCHNUM= |1|).
Deleted |0| rows from |PS_SM_OB_HPA_TRN_H| for (PSARCH_ID= |SEOB_XX,| PSARCH_BATCHNUM= |1|).
Deleted |0| rows from |PS_SM_BP_MER_INT_H| for (PSARCH_ID= |BPM1A_XX,| PSARCH_BATCHNUM= |5|).
Deleted |0| rows from |PS_SM_BP_TXT_INT_H| for (PSARCH_ID= |BPM3C_XX,| PSARCH_BATCHNUM= |13|).
Deleted |0| rows from |PS_SM_BP_FOM_INT_H| for (PSARCH_ID= |BPM3D_XX,| PSARCH_BATCHNUM= |14|).
Deleted |0| rows from |PS_AG_OB_MLBRK_R_H| for (PSARCH_ID= |SEOB_XX,| PSARCH_BATCHNUM= |1|).
Deleted |0| rows from |PS_SM_OB_ATSM_LG_H| for (PSARCH_ID= |SEOB_XX,| PSARCH_BATCHNUM= |1|).
Deleted |0| rows from |PS_SM_OB_EDUVER_H| for (PSARCH_ID= |SEOB_XX,| PSARCH_BATCHNUM= |1|).
Deleted |0| rows from |PS_SM_OB_EMR_CNT_H| for (PSARCH_ID= |SEOB_XX,| PSARCH_BATCHNUM= |1|).
Deleted |0| rows from |PS_SM_OB_EMR_NAM_H| for (PSARCH_ID= |SEOB_XX,| PSARCH_BATCHNUM= |1|).
Deleted |0| rows from |PS_SM_OB_INV_DIS_H| for (PSARCH_ID= |SEOB_XX,| PSARCH_BATCHNUM= |1|).
Deleted |0| rows from |PS_ADDRESSES_H| for (PSARCH_ID= |EMP_XX,| PSARCH_BATCHNUM= |19|).
Deleted |0| rows from |PS_EMAIL_ADDRESS_H| for (PSARCH_ID= |EMP_XX,| PSARCH_BATCHNUM= |19|).
Deleted |0| rows from |PS_PERSONAL_PHN_H| for (PSARCH_ID= |EMP_XX,| PSARCH_BATCHNUM= |19|).
Deleted |0| rows from |PS_DIVERSITY_H| for (PSARCH_ID= |EMP_XX,| PSARCH_BATCHNUM= |19|).
TOTAL rows (attempted deletes, rolled back): 0

PL/SQL procedure successfully completed.

Elapsed: 00:00:04.59
12:10:34 SQL> spool off
>>>>>>> 265edc523feaf4d8783975ade72c0286a1d86212
